D/ScreenOnInterceptProxy( 1404): Connection refused
D/ScreenOnInterceptProxy( 1404): guestModeClient safecenter.system16, on_off: 1, uid size: 3|false
D/ScreenOnInterceptProxy( 1404):  uid = 1001
D/ScreenOnInterceptProxy( 1404):  uid = 10048
D/ScreenOnInterceptProxy( 1404):  uid = 10055
D/ScreenOnInterceptProxy( 1404): Connection refused
D/ScreenOnInterceptProxy( 1404): guestModeClient safecenter.system16, on_off: 1, uid size: 3|false
D/ScreenOnInterceptProxy( 1404):  uid = 1001
D/ScreenOnInterceptProxy( 1404):  uid = 10048
D/ScreenOnInterceptProxy( 1404):  uid = 10055
D/ScreenOnInterceptProxy( 1404): Connection refused
D/ScreenOnInterceptProxy( 1404): guestModeClient safecenter.system16, on_off: 1, uid size: 3|false
D/ScreenOnInterceptProxy( 1404):  uid = 1001
D/ScreenOnInterceptProxy( 1404):  uid = 10048
D/ScreenOnInterceptProxy( 1404):  uid = 10055
I/System.out( 1447): [CDS]EAGAIN in Recvfrom
I/System.out( 1447): [CDS]read byte is 0
V/Provider/Settings(  894): get setting for user 0 by user 0 so skipping cache
V/Provider/Settings(  894):  from settings cache , name = full_screen_expand_statusbar , value = 1
V/Provider/Settings(  894): get setting for user 0 by user 0 so skipping cache
V/Provider/Settings(  894):  from settings cache , name = full_screen_expand_statusbar , value = 1
D/CameraStorage(13706): External storage state=mounted, mount point = /storage/sdcard0
V/Provider/Settings(  894): get setting for user 0 by user 0 so skipping cache
V/Provider/Settings(  894):  from settings cache , name = full_screen_expand_statusbar , value = 1
V/Provider/Settings(  894): get setting for user 0 by user 0 so skipping cache
V/Provider/Settings(  894):  from settings cache , name = full_screen_expand_statusbar , value = 1
I/System.out( 1447): [CDS]EAGAIN in Recvfrom
I/System.out( 1447): [CDS]read byte is 0
D/ScreenOnInterceptProxy( 1404): Connection refused
D/ScreenOnInterceptProxy( 1404): guestModeClient safecenter.system16, on_off: 1, uid size: 3|false
D/ScreenOnInterceptProxy( 1404):  uid = 1001
D/ScreenOnInterceptProxy( 1404):  uid = 10048
D/ScreenOnInterceptProxy( 1404):  uid = 10055
D/ScreenOnInterceptProxy( 1404): Connection refused
D/ScreenOnInterceptProxy( 1404): guestModeClient safecenter.system16, on_off: 1, uid size: 3|false
D/ScreenOnInterceptProxy( 1404):  uid = 1001
D/ScreenOnInterceptProxy( 1404):  uid = 10048
D/ScreenOnInterceptProxy( 1404):  uid = 10055
D/ScreenOnInterceptProxy( 1404): Connection refused
D/ScreenOnInterceptProxy( 1404): guestModeClient safecenter.system16, on_off: 1, uid size: 3|false
D/ScreenOnInterceptProxy( 1404):  uid = 1001
D/ScreenOnInterceptProxy( 1404):  uid = 10048
D/ScreenOnInterceptProxy( 1404):  uid = 10055
V/Provider/Settings(  894): get setting for user 0 by user 0 so skipping cache
V/Provider/Settings(  894):  from settings cache , name = full_screen_expand_statusbar , value = 1
V/Provider/Settings(  894): get setting for user 0 by user 0 so skipping cache
V/Provider/Settings(  894):  from settings cache , name = full_screen_expand_statusbar , value = 1
V/Provider/Settings(  894): get setting for user 0 by user 0 so skipping cache
V/Provider/Settings(  894):  from settings cache , name = full_screen_expand_statusbar , value = 1
V/Provider/Settings(  894): get setting for user 0 by user 0 so skipping cache
V/Provider/Settings(  894):  from settings cache , name = full_screen_expand_statusbar , value = 1
D/CameraStorage(13706): External storage state=mounted, mount point = /storage/sdcard0
D/WifiStateMachine(  754): ConnectedState{ when=-3ms what=131155 arg1=62 target=com.android.internal.util.StateMachine$SmHandler target=Handler (com.android.internal.util.StateMachine$SmHandler) {42a8ab88} }
D/WifiStateMachine(  754): L2ConnectedState{ when=-3ms what=131155 arg1=62 target=com.android.internal.util.StateMachine$SmHandler target=Handler (com.android.internal.util.StateMachine$SmHandler) {42a8ab88} }
D/WifiHW  (  754): enter -->wifi_send_command cmd=IFNAME=wlan0 SIGNAL_POLL
D/wpa_supplicant(12216): RX ctrl_iface - hexdump(len=11): 53 49 47 4e 41 4c 5f 50 4f 4c 4c
D/wpa_supplicant(12216): wlan0: Control interface command 'SIGNAL_POLL'
D/wpa_supplicant(12216): nl80211: survey data missing!
D/WifiHW  (  754): leave --> reply=RSSI=-28
D/WifiHW  (  754): LINKSPEED=135
D/WifiHW  (  754): NOISE=9999
D/WifiHW  (  754): FREQUENCY=2462
D/WifiHW  (  754): 
D/wifi    (  754): doStringCommand, buf IFNAME=wlan0 SIGNAL_POLL
I/WifiStateMachine(  754): fetchRssiAndLinkSpeedNative, newRssi:-28, newLinkSpeed:135, SSID:"MPR-test"
D/WifiStateMachine(  754): mLastSignalLevel:4, newSignalLevel:4
I/System.out( 1447): [CDS]EAGAIN in Recvfrom
I/System.out( 1447): [CDS]read byte is 0
I/thermal_repeater(  197): oh, queryMdThermalInfo (0)Success
I/thermal_repeater(  197): [recvMdThermalInfo] ret=5, strLen=127, ERROR
V/Provider/Settings(  894): get setting for user 0 by user 0 so skipping cache
V/Provider/Settings(  894):  from settings cache , name = full_screen_expand_statusbar , value = 1
V/Provider/Settings(  894): get setting for user 0 by user 0 so skipping cache
V/Provider/Settings(  894):  from settings cache , name = full_screen_expand_statusbar , value = 1
V/Provider/Settings(  894): get setting for user 0 by user 0 so skipping cache
V/Provider/Settings(  894):  from settings cache , name = full_screen_expand_statusbar , value = 1
V/Provider/Settings(  894): get setting for user 0 by user 0 so skipping cache
V/Provider/Settings(  894):  from settings cache , name = full_screen_expand_statusbar , value = 1
I/System.out( 1447): [CDS]EAGAIN in Recvfrom
I/System.out( 1447): [CDS]read byte is 0
D/ScreenOnInterceptProxy( 1404): Connection refused
D/ScreenOnInterceptProxy( 1404): guestModeClient safecenter.system16, on_off: 1, uid size: 3|false
D/ScreenOnInterceptProxy( 1404):  uid = 1001
D/ScreenOnInterceptProxy( 1404):  uid = 10048
D/ScreenOnInterceptProxy( 1404):  uid = 10055
D/ScreenOnInterceptProxy( 1404): Connection refused
D/ScreenOnInterceptProxy( 1404): guestModeClient safecenter.system16, on_off: 1, uid size: 3|false
D/ScreenOnInterceptProxy( 1404):  uid = 1001
D/ScreenOnInterceptProxy( 1404):  uid = 10048
D/ScreenOnInterceptProxy( 1404):  uid = 10055
D/ScreenOnInterceptProxy( 1404): Connection refused
D/ScreenOnInterceptProxy( 1404): guestModeClient safecenter.system16, on_off: 1, uid size: 3|false
D/ScreenOnInterceptProxy( 1404):  uid = 1001
D/ScreenOnInterceptProxy( 1404):  uid = 10048
D/ScreenOnInterceptProxy( 1404):  uid = 10055
V/Provider/Settings(  894): get setting for user 0 by user 0 so skipping cache
V/Provider/Settings(  894):  from settings cache , name = full_screen_expand_statusbar , value = 1
V/Provider/Settings(  894): get setting for user 0 by user 0 so skipping cache
V/Provider/Settings(  894):  from settings cache , name = full_screen_expand_statusbar , value = 1
D/CameraStorage(13706): External storage state=mounted, mount point = /storage/sdcard0
D/ScreenOnInterceptProxy( 1404): Connection refused
D/ScreenOnInterceptProxy( 1404): guestModeClient safecenter.system16, on_off: 1, uid size: 3|false
D/ScreenOnInterceptProxy( 1404):  uid = 1001
D/ScreenOnInterceptProxy( 1404):  uid = 10048
D/ScreenOnInterceptProxy( 1404):  uid = 10055
D/ScreenOnInterceptProxy( 1404): Connection refused
D/ScreenOnInterceptProxy( 1404): guestModeClient safecenter.system16, on_off: 1, uid size: 3|false
D/ScreenOnInterceptProxy( 1404):  uid = 1001
D/ScreenOnInterceptProxy( 1404):  uid = 10048
D/ScreenOnInterceptProxy( 1404):  uid = 10055
V/Provider/Settings(  894): get setting for user 0 by user 0 so skipping cache
V/Provider/Settings(  894):  from settings cache , name = full_screen_expand_statusbar , value = 1
V/Provider/Settings(  894): get setting for user 0 by user 0 so skipping cache
V/Provider/Settings(  894):  from settings cache , name = full_screen_expand_statusbar , value = 1
I/System.out( 1447): [CDS]EAGAIN in Recvfrom
I/System.out( 1447): [CDS]read byte is 0
V/Provider/Settings(  894): get setting for user 0 by user 0 so skipping cache
V/Provider/Settings(  894):  from settings cache , name = full_screen_expand_statusbar , value = 1
V/Provider/Settings(  894): get setting for user 0 by user 0 so skipping cache
V/Provider/Settings(  894):  from settings cache , name = full_screen_expand_statusbar , value = 1
V/Provider/Settings(  894): get setting for user 0 by user 0 so skipping cache
V/Provider/Settings(  894):  from settings cache , name = full_screen_expand_statusbar , value = 1
V/Provider/Settings(  894): get setting for user 0 by user 0 so skipping cache
V/Provider/Settings(  894):  from settings cache , name = full_screen_expand_statusbar , value = 1
D/CameraStorage(13706): External storage state=mounted, mount point = /storage/sdcard0
V/ActivityManager(  754): Broadcast sticky: Intent { act=android.intent.action.SIG_STR flg=0x20000010 (has extras) } ordered=false userid=-1 callerApp=ProcessRecord{424ffa30 754:system/1000}
D/NetworkControllerMTK(  894): PhoneStateListener:onSignalStrengthsChanged, sim0 before.
D/NetworkControllerMTK(  894): PhoneStateListener:onSignalStrengthsChanged, signalStrength=5
D/SIMHelper(  894): isSimInserted(0), SimInserted=false
D/NetworkControllerMTK(  894): updateTelephonySignalStrength slotId : 0 isSimInserted : false , hasService : false , simIndicatorState : 3
D/NetworkControllerMTK(  894): updateTelephonySignalStrength(0), is null signal.
D/NetworkControllerMTK(  894): PhoneStateListener:onSignalStrengthsChanged, sim0 after.
D/WifiStateMachine(  754): ConnectedState{ when=-1ms what=131155 arg1=62 target=com.android.internal.util.StateMachine$SmHandler target=Handler (com.android.internal.util.StateMachine$SmHandler) {42a8ab88} }
D/WifiStateMachine(  754): L2ConnectedState{ when=-1ms what=131155 arg1=62 target=com.android.internal.util.StateMachine$SmHandler target=Handler (com.android.internal.util.StateMachine$SmHandler) {42a8ab88} }
D/WifiHW  (  754): enter -->wifi_send_command cmd=IFNAME=wlan0 SIGNAL_POLL
D/wpa_supplicant(12216): RX ctrl_iface - hexdump(len=11): 53 49 47 4e 41 4c 5f 50 4f 4c 4c
D/wpa_supplicant(12216): wlan0: Control interface command 'SIGNAL_POLL'
I/System.out( 1447): [CDS]EAGAIN in Recvfrom
I/System.out( 1447): [CDS]read byte is 0
D/wpa_supplicant(12216): nl80211: survey data missing!
D/WifiHW  (  754): leave --> reply=RSSI=-28
D/WifiHW  (  754): LINKSPEED=135
D/WifiHW  (  754): NOISE=9999
D/WifiHW  (  754): FREQUENCY=2462
D/WifiHW  (  754): 
D/wifi    (  754): doStringCommand, buf IFNAME=wlan0 SIGNAL_POLL
I/WifiStateMachine(  754): fetchRssiAndLinkSpeedNative, newRssi:-28, newLinkSpeed:135, SSID:"MPR-test"
D/WifiStateMachine(  754): mLastSignalLevel:4, newSignalLevel:4
V/Provider/Settings(  894): get setting for user 0 by user 0 so skipping cache
V/Provider/Settings(  894):  from settings cache , name = full_screen_expand_statusbar , value = 1
V/Provider/Settings(  894): get setting for user 0 by user 0 so skipping cache
V/Provider/Settings(  894):  from settings cache , name = full_screen_expand_statusbar , value = 1
V/Provider/Settings(  894): get setting for user 0 by user 0 so skipping cache
V/Provider/Settings(  894):  from settings cache , name = full_screen_expand_statusbar , value = 1
V/Provider/Settings(  894): get setting for user 0 by user 0 so skipping cache
V/Provider/Settings(  894):  from settings cache , name = full_screen_expand_statusbar , value = 1
I/System.out( 1447): [CDS]EAGAIN in Recvfrom
I/System.out( 1447): [CDS]read byte is 0
D/ScreenOnInterceptProxy( 1404): Connection refused
D/ScreenOnInterceptProxy( 1404): guestModeClient safecenter.system16, on_off: 1, uid size: 3|false
D/ScreenOnInterceptProxy( 1404):  uid = 1001
D/ScreenOnInterceptProxy( 1404):  uid = 10048
D/ScreenOnInterceptProxy( 1404):  uid = 10055
D/ScreenOnInterceptProxy( 1404): Connection refused
D/ScreenOnInterceptProxy( 1404): guestModeClient safecenter.system16, on_off: 1, uid size: 3|false
D/ScreenOnInterceptProxy( 1404):  uid = 1001
D/ScreenOnInterceptProxy( 1404):  uid = 10048
D/ScreenOnInterceptProxy( 1404):  uid = 10055
V/Provider/Settings(  894): get setting for user 0 by user 0 so skipping cache
V/Provider/Settings(  894):  from settings cache , name = full_screen_expand_statusbar , value = 1
V/Provider/Settings(  894): get setting for user 0 by user 0 so skipping cache
V/Provider/Settings(  894):  from settings cache , name = full_screen_expand_statusbar , value = 1
D/CameraStorage(13706): External storage state=mounted, mount point = /storage/sdcard0
D/WindowManager(  754): interceptKeyTq keycode=4 screenIsOn=true keyguardActive=false policyFlags = #2000100 down =true canceled = false isWakeKey=false mVolumeDownKeyTriggered =false mVolumeUpKeyTriggered =false
V/Provider/Settings(  754): get setting for user -2 by user 0 so skipping cache
V/Provider/Settings(  754): get setting for user -2 by user 0 so skipping cache
V/SettingsProvider(  754):    access setting for user 0
V/SettingsProvider(  754): call(system:haptic_feedback_enabled) for 0
D/SettingsProvider(  754): lookupValue table system cache contains Key haptic_feedback_enabled , value = Bundle[{value=1}]
V/Provider/Settings(  754): from db cache, name = haptic_feedback_enabled , value = 1
I/Provider/Settings(  754): call-query of user -2 by 0 so not updating cache
D/PowerManagerService(  754): acquireWakeLockInternal: lock=1116747920, flags=0x1, tag="*vibrator*", ws=WorkSource{1000}, uid=1000, pid=754
D/PowerManagerNotifier(  754): onWakeLockAcquired: flags=1, tag="*vibrator*", packageName=android, ownerUid=1000, ownerPid=754, workSource=WorkSource{1000}
D/PowerManagerService(  754): updateWakeLockSummaryLocked: mWakefulness=Awake, mWakeLockSummary=0x1
D/PowerManagerService(  754): newScreenState = 2
D/PowerManagerDisplayController(  754): requestPowerState: screenState=2, useProximitySensor=false, forceProximitySensorEnable=false, forceWakeUpEnable=false, screenBrightness=45, screenAutoBrightnessAdjustment=0.0, useAutoBrightness=false, useEcoBrightness=false, blockScreenOn=false, waitForNegativeProximity=false
I/PowerManagerService(  754): setBrightness mButtonLight 0.
D/PowerManagerService(  754): updateScreenStateLocked: mDisplayReady=true, newScreenState=2, mWakefulness=1, mWakeLockSummary=0x1, mUserActivitySummary=0x1, mBootCompleted=true
D/dalvikvm(  754): create interp thread : stack size=128KB
D/dalvikvm(  754): create new thread
D/dalvikvm(  754): new thread created
D/dalvikvm(  754): update thread list
D/PowerManagerService(  754): handleSandman: canDream=false, mWakefulness=Awake
D/dalvikvm(  754): threadid=78: interp stack at 0x689f8000
D/dalvikvm(  754): threadid=78: created from interp
D/dalvikvm(  754): start new thread
D/PowerManagerService(  754): userActivityFromNative
D/PowerManagerService(  754): userActivityNoUpdateLocked: eventTime=160101033, event=1, flags=0x0, uid=1000
D/PowerManagerNotifier(  754): onUserActivity: event=1, uid=1000
D/PowerManagerService(  754): updateUserActivitySummaryLocked: mWakefulness=Awake, mUserActivitySummary=0x5, nextTimeout=160104033 (in 2997 ms)
D/PowerManagerService(  754): newScreenState = 2
D/PowerManagerDisplayController(  754): requestPowerState: screenState=2, useProximitySensor=false, forceProximitySensorEnable=false, forceWakeUpEnable=false, screenBrightness=45, screenAutoBrightnessAdjustment=0.0, useAutoBrightness=false, useEcoBrightness=false, blockScreenOn=false, waitForNegativeProximity=false
D/LightsService(  754): setLight_native: light=2, colorARGB=0xff2d2d2d, flashMode=0, onMS=0, offMS=0, brightnessMode=0
D/lights  (  754): write_int open fd=260
I/PowerManagerService(  754): setBrightness mButtonLight, screenBrightness=45
D/PowerManagerService(  754): updateScreenStateLocked: mDisplayReady=true, newScreenState=2, mWakefulness=1, mWakeLockSummary=0x1, mUserActivitySummary=0x5, mBootCompleted=true
D/PowerManagerService(  754): handleSandman: canDream=false, mWakefulness=Awake
D/WindowManager(  754): interceptKeyTi keyCode=4 down=true repeatCount=0 keyguardOn=false mHomePressed=false canceled=false metaState:0
I/View    (18273): Key down dispatch to com.handmark.pulltorefresh.library.PullToRefreshScrollView{4392a340 VFE..... .F...... 0,0-720,1034 #7f0d03b0 app:id/detail_scrollview}, event = KeyEvent { action=ACTION_DOWN, keyCode=KEYCODE_BACK, scanCode=158, metaState=0, flags=0x48, repeatCount=0, eventTime=160101033, downTime=160101033, deviceId=3, source=0x101 }
D/dalvikvm(  754): threadid=78: notify debugger
D/dalvikvm(  754): threadid=78 (Thread-2610): calling run()
V/Provider/Settings(  894): get setting for user 0 by user 0 so skipping cache
V/Provider/Settings(  894):  from settings cache , name = full_screen_expand_statusbar , value = 1
V/Provider/Settings(  894): get setting for user 0 by user 0 so skipping cache
V/Provider/Settings(  894):  from settings cache , name = full_screen_expand_statusbar , value = 1
D/PowerManagerService(  754): releaseWakeLockInternal: lock=1116747920 [*vibrator*], flags=0x0, total_time=44ms
D/PowerManagerNotifier(  754): onWakeLockReleased: flags=1, tag="*vibrator*", packageName=android, ownerUid=1000, ownerPid=754, workSource=WorkSource{1000}
D/PowerManagerService(  754): updateWakeLockSummaryLocked: mWakefulness=Awake, mWakeLockSummary=0x1
D/PowerManagerService(  754): newScreenState = 2
D/PowerManagerDisplayController(  754): requestPowerState: screenState=2, useProximitySensor=false, forceProximitySensorEnable=false, forceWakeUpEnable=false, screenBrightness=45, screenAutoBrightnessAdjustment=0.0, useAutoBrightness=false, useEcoBrightness=false, blockScreenOn=false, waitForNegativeProximity=false
I/PowerManagerService(  754): setBrightness mButtonLight, screenBrightness=45
D/PowerManagerService(  754): updateScreenStateLocked: mDisplayReady=true, newScreenState=2, mWakefulness=1, mWakeLockSummary=0x1, mUserActivitySummary=0x5, mBootCompleted=true
D/dalvikvm(  754): threadid=78: exiting
D/dalvikvm(  754): threadid=78: bye!
D/PowerManagerService(  754): handleSandman: canDream=false, mWakefulness=Awake
D/WindowManager(  754): interceptKeyTq keycode=4 screenIsOn=true keyguardActive=false policyFlags = #2000100 down =false canceled = false isWakeKey=false mVolumeDownKeyTriggered =false mVolumeUpKeyTriggered =false
V/Provider/Settings(  754): get setting for user -2 by user 0 so skipping cache
V/Provider/Settings(  754): get setting for user -2 by user 0 so skipping cache
V/SettingsProvider(  754):    access setting for user 0
V/SettingsProvider(  754): call(system:haptic_feedback_enabled) for 0
D/SettingsProvider(  754): lookupValue table system cache contains Key haptic_feedback_enabled , value = Bundle[{value=1}]
V/Provider/Settings(  754): from db cache, name = haptic_feedback_enabled , value = 1
I/Provider/Settings(  754): call-query of user -2 by 0 so not updating cache
D/PowerManagerService(  754): acquireWakeLockInternal: lock=1116747920, flags=0x1, tag="*vibrator*", ws=WorkSource{1000}, uid=1000, pid=754
D/PowerManagerNotifier(  754): onWakeLockAcquired: flags=1, tag="*vibrator*", packageName=android, ownerUid=1000, ownerPid=754, workSource=WorkSource{1000}
D/PowerManagerService(  754): updateWakeLockSummaryLocked: mWakefulness=Awake, mWakeLockSummary=0x1
D/PowerManagerService(  754): newScreenState = 2
D/PowerManagerDisplayController(  754): requestPowerState: screenState=2, useProximitySensor=false, forceProximitySensorEnable=false, forceWakeUpEnable=false, screenBrightness=45, screenAutoBrightnessAdjustment=0.0, useAutoBrightness=false, useEcoBrightness=false, blockScreenOn=false, waitForNegativeProximity=false
I/PowerManagerService(  754): setBrightness mButtonLight, screenBrightness=45
D/PowerManagerService(  754): updateScreenStateLocked: mDisplayReady=true, newScreenState=2, mWakefulness=1, mWakeLockSummary=0x1, mUserActivitySummary=0x5, mBootCompleted=true
D/dalvikvm(  754): create interp thread : stack size=128KB
D/dalvikvm(  754): create new thread
D/dalvikvm(  754): new thread created
D/dalvikvm(  754): update thread list
D/PowerManagerService(  754): handleSandman: canDream=false, mWakefulness=Awake
D/dalvikvm(  754): threadid=78: interp stack at 0x689f8000
D/dalvikvm(  754): threadid=78: created from interp
D/dalvikvm(  754): start new thread
D/WindowManager(  754): interceptKeyTi keyCode=4 down=false repeatCount=0 keyguardOn=false mHomePressed=false canceled=false metaState:0
I/ActivityManager(  754): startPausingLocked.updateThumbnail is run here
I/ActivityManager(  754): screenshotActivities.screenshotApplications() is run here 
I/BufferQueue(  754): [unnamed-754-361](this:0x6996a578,id:361,api:0,p:-1,c:-1) BufferQueue
I/GLConsumer(  754): [void android::RingBuffer<TYPE>::resize(uint32_t, bool) [with TYPE = android::sp<android::BackupBuffer>; uint32_t = unsigned int]] 0x69755ae4 resize to 10 (force=true)
I/GLConsumer(  754): [void android::RingBuffer<TYPE>::resize(uint32_t, bool) [with TYPE = android::sp<android::BackupBuffer>; uint32_t = unsigned int]] 0x69755ae4 resize to 0 (force=false)
I/BufferQueue(  754): [unnamed-754-361](this:0x6996a578,id:361,api:0,p:-1,c:754) consumerConnect consumer=(754:system_server) controlledByApp=false
I/BufferQueue(  754): [unnamed-754-361](this:0x6996a578,id:361,api:0,p:-1,c:754) setConsumerName: unnamed-754-361
I/BufferQueue(  754): [ScreenshotClient](this:0x6996a578,id:361,api:0,p:-1,c:754) setConsumerName: ScreenshotClient
I/BufferQueue(  754): [ScreenshotClient](this:0x6996a578,id:361,api:0,p:164,c:754) connect: api=1 producer=(164:/system/bin/surfaceflinger) producerControlledByApp=false
I/BufferQueue(  754): [ScreenshotClient](this:0x6996a578,id:361,api:1,p:164,c:754) new GraphicBuffer needed
D/BufferQueue(  754):     [OLD] gb:NULL
I/GraphicBuffer(  164): allocate buffer (w:352 h:606 f:1) handle(0xb8ce6070) err(0)
D/GraphicBuffer(  754): create handle(0x69966180) (w:352, h:606, f:1)
D/BufferQueue(  754):     [NEW] gb=0x65c3f048, handle=0x69966180, w=341, h=606, s=352, f=0x1, u=0x00000333
I/GraphicBuffer(  164): free buffer (w:352 h:606 f:1) handle(0xb8ce6070)
D/GraphicBuffer(  164): create handle(0xb8ce6070) (w:352, h:606, f:1)
D/dalvikvm(  754): threadid=78: notify debugger
D/dalvikvm(  754): threadid=78 (Thread-2611): calling run()
D/GraphicBuffer(  164): close handle(0xb8ce6070) (w:352 h:606 f:1)
I/BufferQueue(  754): [ScreenshotClient](this:0x6996a578,id:361,api:1,p:-1,c:754) disconnect: api=1
I/BufferQueue(  754): [ScreenshotClient](this:0x6996a578,id:361,api:0,p:-1,c:754) getReleasedBuffers: returning mask 0xffffffff
D/IPCThreadState(  754): [DN #5] BR_CLEAR_DEATH_NOTIFICATION_DONE cookie 0x6a801010
D/PowerManagerService(  754): releaseWakeLockInternal: lock=1116747920 [*vibrator*], flags=0x0, total_time=48ms
D/PowerManagerNotifier(  754): onWakeLockReleased: flags=1, tag="*vibrator*", packageName=android, ownerUid=1000, ownerPid=754, workSource=WorkSource{1000}
D/PowerManagerService(  754): updateWakeLockSummaryLocked: mWakefulness=Awake, mWakeLockSummary=0x1
D/PowerManagerService(  754): newScreenState = 2
D/PowerManagerDisplayController(  754): requestPowerState: screenState=2, useProximitySensor=false, forceProximitySensorEnable=false, forceWakeUpEnable=false, screenBrightness=45, screenAutoBrightnessAdjustment=0.0, useAutoBrightness=false, useEcoBrightness=false, blockScreenOn=false, waitForNegativeProximity=false
I/PowerManagerService(  754): setBrightness mButtonLight, screenBrightness=45
D/PowerManagerService(  754): updateScreenStateLocked: mDisplayReady=true, newScreenState=2, mWakefulness=1, mWakeLockSummary=0x1, mUserActivitySummary=0x5, mBootCompleted=true
D/dalvikvm(  754): threadid=78: exiting
D/dalvikvm(  754): threadid=78: bye!
D/PowerManagerService(  754): handleSandman: canDream=false, mWakefulness=Awake
D/dalvikvm(  754): GC_CONCURRENT freed 6431K (53369), 27% free 36155K/49480K (before 42562K/49480K), paused 7ms+14ms, total 172ms
D/dalvikvm(  754): WAIT_FOR_CONCURRENT_GC blocked 125ms
I/BufferQueue(  754): [ScreenshotClient](this:0x6996a578,id:361,api:0,p:-1,c:-1) consumerDisconnect
D/GraphicBuffer(  754): close handle(0x69966180) (w:352 h:606 f:1)
I/BufferQueue(  754): [ScreenshotClient](this:0x6996a578,id:361,api:0,p:-1,c:-1) ~BufferQueue
D/PowerManagerService(  754): acquireWakeLockInternal: lock=1113532800, flags=0x1, tag="ActivityManager-Launch", ws=null, uid=1000, pid=754
D/PowerManagerNotifier(  754): onWakeLockAcquired: flags=1, tag="ActivityManager-Launch", packageName=android, ownerUid=1000, ownerPid=754, workSource=null
D/PowerManagerService(  754): updateWakeLockSummaryLocked: mWakefulness=Awake, mWakeLockSummary=0x1
D/PowerManagerService(  754): newScreenState = 2
D/PowerManagerDisplayController(  754): requestPowerState: screenState=2, useProximitySensor=false, forceProximitySensorEnable=false, forceWakeUpEnable=false, screenBrightness=45, screenAutoBrightnessAdjustment=0.0, useAutoBrightness=false, useEcoBrightness=false, blockScreenOn=false, waitForNegativeProximity=false
I/PowerManagerService(  754): setBrightness mButtonLight, screenBrightness=45
D/PowerManagerService(  754): updateScreenStateLocked: mDisplayReady=true, newScreenState=2, mWakefulness=1, mWakeLockSummary=0x1, mUserActivitySummary=0x5, mBootCompleted=true
D/PowerManagerService(  754): handleSandman: canDream=false, mWakefulness=Awake
D/ActivityThread(18273): ACT-AM_ON_PAUSE_CALLED ActivityRecord{43b234e8 token=android.os.BinderProxy@43a140a0 {com.mpr.mprepubreader/com.mpr.mprepubreader.book.bookdetail.BookDetailActivity}}
I/libPerfService(  754): 1: set: 2
W/ContextImpl(  754): Calling a method in the system process without a qualified user: android.app.ContextImpl.sendBroadcast:1257 com.android.server.wm.WindowManagerService.updateOrientationFromAppTokens:4231 com.android.server.am.ActivityStack.resumeTopActivityLocked:1746 com.android.server.am.ActivityStackSupervisor.resumeTopActivitiesLocked:2683 com.android.server.am.ActivityStack.completePauseLocked:1000 
V/ActivityManager(  754): Broadcast: Intent { act=android.intent.action.WINDOW_MANAGER_SERVICE_FORCED_APP_ORIENTATION flg=0x10 (has extras) } ordered=false userid=0 callerApp=ProcessRecord{424ffa30 754:system/1000}
D/InputReader(  754): InputReader:: getSwitchState lock 
D/InputReader(  754): InputReader::getStateLocked:: return 
V/ActivityManager(  754): ensureActivitiesVisibleLocked: consider front
V/ActivityManager(  754): ensureActivitiesVisibleLocked: consider back
I/ActivityManager(  754): boardcastResumedActivityInfo: start ...packageName:com.mpr.mprepubreader
V/ActivityManager(  754): ensureActivitiesVisibleLocked: consider front
V/ActivityManager(  754): ensureActivitiesVisibleLocked: consider back
V/Provider/Settings(  754): get setting for user 0 by user 0 so skipping cache
V/Provider/Settings(  754):  from settings cache , name = full_screen_expand_statusbar , value = 1
D/dalvikvm(  754): create interp thread : stack size=128KB
D/dalvikvm(  754): create new thread
D/dalvikvm(  754): new thread created
D/dalvikvm(  754): update thread list
D/dalvikvm(  754): threadid=78: interp stack at 0x689f8000
D/dalvikvm(  754): threadid=78: created from interp
D/dalvikvm(  754): start new thread
D/SmartRotationService( 1158): onReceive  action =  android.intent.action.WINDOW_MANAGER_SERVICE_FORCED_APP_ORIENTATION
D/SmartRotationService( 1158): Receive WINDOW_MANAGER_SERVICE_FORCED_APP_ORIENTATION forced_app_orientation_data= 1
D/ActivityThread(18273): ACT-PAUSE_ACTIVITY_FINISHING handled : 0 / android.os.BinderProxy@43a140a0
D/ActivityThread(18273): ACT-AM_ON_RESUME_CALLED ActivityRecord{43a71bf8 token=android.os.BinderProxy@42beb250 {com.mpr.mprepubreader/com.mpr.mprepubreader.activity.MainActivity}}
V/PhoneWindow(18273): DecorView setVisiblity: visibility = 0 ,Parent =ViewRoot{42afaeb8 com.mpr.mprepubreader/com.mpr.mprepubreader.activity.MainActivity,ident = 13}, this =com.android.internal.policy.impl.PhoneWindow$DecorView{43667a48 V.E..... R.....ID 0,0-720,1280}
D/ConnectivityService(  754): getActiveNetworkInfo:NetworkInfo: type: WIFI[], state: CONNECTED/CONNECTED, reason: (unspecified), extra: "MPR-test", roaming: false, failover: false, isAvailable: true, isConnectedToProvisioningNetwork: false, simId: 0/10265
D/ActivityThread(18273): ACT-RESUME_ACTIVITY handled : 0 / android.os.BinderProxy@42beb250
D/dalvikvm(  754): threadid=78: notify debugger
D/dalvikvm(  754): threadid=78 (Thread-2612): calling run()
D/dalvikvm(  754): threadid=78: exiting
D/dalvikvm(  754): threadid=78: bye!
I/BufferQueue(  164): [unnamed-164-857](this:0xb8ce5990,id:857,api:0,p:-1,c:-1) BufferQueue
I/GLConsumer(  164): [void android::RingBuffer<TYPE>::resize(uint32_t, bool) [with TYPE = android::sp<android::BackupBuffer>; uint32_t = unsigned int]] 0xb8d0af14 resize to 10 (force=true)
I/GLConsumer(  164): [void android::RingBuffer<TYPE>::resize(uint32_t, bool) [with TYPE = android::sp<android::BackupBuffer>; uint32_t = unsigned int]] 0xb8d0af14 resize to 0 (force=false)
I/BufferQueue(  164): [unnamed-164-857](this:0xb8ce5990,id:857,api:0,p:-1,c:164) consumerConnect consumer=(164:/system/bin/surfaceflinger) controlledByApp=false
I/BufferQueue(  164): [unnamed-164-856](this:0xb8ce5990,id:857,api:0,p:-1,c:164) setConsumerName: unnamed-164-856
I/GLConsumer(  164): [unnamed-164-856](this:0xb8d0a5c8,api:0) GLConsumer
I/BufferQueue(  164): [com.mpr.mprepubreader/com.mpr.mprepubreader.activity.MainActivity](this:0xb8ce5990,id:857,api:0,p:-1,c:164) setConsumerName: com.mpr.mprepubreader/com.mpr.mprepubreader.activity.MainActivity
I/BufferQueue(  164): [com.mpr.mprepubreader/com.mpr.mprepubreader.activity.MainActivity](this:0xb8ce5990,id:857,api:0,p:-1,c:164) setDefaultBufferSize: w=720, h=1280
V/WindowManager(  754): Changing focus from Window{439b6178 u0 com.mpr.mprepubreader/com.mpr.mprepubreader.book.bookdetail.BookDetailActivity} to Window{42d11070 u0 com.mpr.mprepubreader/com.mpr.mprepubreader.activity.MainActivity} Callers=com.android.server.wm.WindowManagerService.relayoutWindow:3505 com.android.server.wm.Session.relayout:191 android.view.IWindowSession$Stub.onTransact:235 com.android.server.wm.Session.onTransact:126 
V/Provider/Settings(  754): get setting for user 0 by user 0 so skipping cache
V/Provider/Settings(  754):  from settings cache , name = full_screen_expand_statusbar , value = 1
V/Provider/Settings(  754): get setting for user 0 by user 0 so skipping cache
V/Provider/Settings(  754):  from settings cache , name = full_screen_expand_statusbar , value = 1
I/WindowManager(  754): Gaining focus: Window{42d11070 u0 com.mpr.mprepubreader/com.mpr.mprepubreader.activity.MainActivity}
I/BufferQueue(  164): [com.mpr.mprepubreader/com.mpr.mprepubreader.activity.MainActivity](this:0xb8ce5990,id:857,api:0,p:18273,c:164) connect: api=1 producer=(18273:com.mpr.mprepubreader) producerControlledByApp=true
I/BufferQueue(  164): [com.mpr.mprepubreader/com.mpr.mprepubreader.activity.MainActivity](this:0xb8ce5990,id:857,api:1,p:18273,c:164) new GraphicBuffer needed
D/BufferQueue(  164):     [OLD] gb:NULL
I/GraphicBuffer(  164): allocate buffer (w:720 h:1280 f:1) handle(0xb8ce3d10) err(0)
D/BufferQueue(  164):     [NEW] gb=0xb8cef948, handle=0xb8ce3d10, w=720, h=1280, s=720, f=0x1, u=0x00000f02
D/GraphicBuffer(18273): create handle(0x6f3fff30) (w:720, h:1280, f:1)
D/BufferQueue(  164): [com.mpr.mprepubreader/com.mpr.mprepubreader.activity.MainActivity](this:0xb8ce5990,id:857,api:1,p:18273,c:164) cancelBuffer: slot=0
I/MaliEGL (18273): [Mali]window_type=1, is_framebuffer=0, errnum = 0
I/MaliEGL (18273): [Mali]surface->num_buffers=4, surface->num_frames=3, win_min_undequeued=1
I/MaliEGL (18273): [Mali]max_allowed_dequeued_buffers=3
I/BufferQueue(  164): [com.mpr.mprepubreader/com.mpr.mprepubreader.activity.MainActivity](this:0xb8ce5990,id:857,api:1,p:18273,c:164) setBufferCount: count=4
I/GraphicBuffer(  164): free buffer (w:720 h:1280 f:1) handle(0xb8ce3d10)
I/BufferQueue(  164): [com.mpr.mprepubreader/com.mpr.mprepubreader.activity.MainActivity](this:0xb8ce5990,id:857,api:1,p:18273,c:164) getReleasedBuffers: returning mask 0xffffffff
D/GraphicBuffer(18273): close handle(0x6f3fff30) (w:720 h:1280 f:1)
I/BufferQueue(  164): [com.mpr.mprepubreader/com.mpr.mprepubreader.activity.MainActivity](this:0xb8ce5990,id:857,api:1,p:18273,c:164) new GraphicBuffer needed
D/BufferQueue(  164):     [OLD] gb:NULL
I/SurfaceFlinger(  164): [Built-in Screen (type:0)] fps:0.040419,dur:24741.03,max:24741.03,min:24741.03
I/GraphicBuffer(  164): allocate buffer (w:720 h:1280 f:1) handle(0xb8cd92e8) err(0)
D/BufferQueue(  164):     [NEW] gb=0xb8cef948, handle=0xb8cd92e8, w=720, h=1280, s=720, f=0x1, u=0x00000f02
D/GraphicBuffer(18273): create handle(0x6f3fff30) (w:720, h:1280, f:1)
D/OpenGLRenderer(18273): setViewport 720x1280 <0x6d037d90>
V/InputMethodManager(18273): onWindowFocus: com.mpr.mprepubreader.widgets.nomal.ProgressWebView{44148130 VFED..C. .F....ID 0,0-720,1128 #7f0d07c7 app:id/webviews} softInputMode=16 first=true flags=#1810100
V/InputMethodManager(18273): START INPUT: com.mpr.mprepubreader.widgets.nomal.ProgressWebView{44148130 VFED..C. .F....ID 0,0-720,1128 #7f0d07c7 app:id/webviews} ic=com.android.org.chromium.content.browser.input.AdapterInputConnection@43970800 tba=android.view.inputmethod.EditorInfo@439707b8 controlFlags=#105
V/InputMethodManagerService(  754): windowGainedFocus: android.os.BinderProxy@437490f0 controlFlags=#105 softInputMode=#10 windowFlags=#1810100
W/AwContents(18273): onDraw
W/AwContents(18273): onDraw mClearViewActive = false
D/OpenGLRenderer(18273): prepareDirty (0.00, 0.00, 720.00, 1280.00) opaque 1 <0x6d037d90>
D/OpenGLRenderer(18273): finish <0x6d037d90>
V/Provider/Settings(  754): get setting for user 0 by user 0 so skipping cache
V/Provider/Settings(  754):  from settings cache , name = full_screen_expand_statusbar , value = 1
E/CubicBezierInterpolator(  754): ####:PointF(0.1, 0.8)
E/CubicBezierInterpolator(  754): ####:PointF(0.5, 1.0)
E/CubicBezierInterpolator(  754): ####:PointF(0.1, 0.8)
E/CubicBezierInterpolator(  754): ####:PointF(0.5, 1.0)
D/AwContents(18273): setPageScaleFactor 1.0
E/CubicBezierInterpolator(  754): ####:PointF(0.1, 0.8)
E/CubicBezierInterpolator(  754): ####:PointF(0.5, 1.0)
V/Provider/Settings(  754): get setting for user 0 by user 0 so skipping cache
V/Provider/Settings(  754):  from settings cache , name = full_screen_expand_statusbar , value = 1
I/GLConsumer(  164): [com.mpr.mprepubreader/com.mpr.mprepubreader.activity.MainActivity](this:0xb8d0a5c8,api:1) [void* android::GLConsumer::createImage(EGLDisplay, const android::sp<android::GraphicBuffer>&, const android::Rect&)]
D/GLConsumer(  164):     GraphicBuffer: gb=0xb8cef948 handle=0xb8cd92e8 fmt=1
D/GLConsumer(  164):     EGLImage: dpy=0x1, img=0x10000009
D/AbsListView(18273): onWindowFocusChanged: hasWindowFocus=false, this=com.mpr.mprepubreader.widgets.nomal.ListViewForScrollView{4414a7a8 VFED.VC. ........ 0,673-720,1316 #7f0d03ca app:id/commend_scroll}
V/Provider/Settings(  754): get setting for user 0 by user 0 so skipping cache
V/Provider/Settings(  754):  from settings cache , name = full_screen_expand_statusbar , value = 1
D/OpenGLRenderer(18273): Flushing caches (mode 0)
D/BufferQueue(  164): [com.mpr.mprepubreader/com.mpr.mprepubreader.book.bookdetail.BookDetailActivity](this:0xb8d09578,id:856,api:1,p:18273,c:164) cancelBuffer: slot=1
D/GraphicBuffer(18273): close handle(0x68e69550) (w:720 h:1280 f:1)
D/GraphicBuffer(18273): close handle(0x6cddace0) (w:720 h:1280 f:1)
D/GraphicBuffer(18273): close handle(0x65dafad0) (w:720 h:1280 f:1)
D/GraphicBuffer(18273): close handle(0x70c741c0) (w:720 h:1280 f:1)
I/BufferQueue(  164): [com.mpr.mprepubreader/com.mpr.mprepubreader.book.bookdetail.BookDetailActivity](this:0xb8d09578,id:856,api:1,p:-1,c:164) disconnect: api=1
I/BufferQueue(  164): [com.mpr.mprepubreader/com.mpr.mprepubreader.book.bookdetail.BookDetailActivity](this:0xb8d09578,id:856,api:0,p:-1,c:164) getReleasedBuffers: returning mask 0xffffffff
I/GLConsumer(  164): [com.mpr.mprepubreader/com.mpr.mprepubreader.book.bookdetail.BookDetailActivity](this:0xb8cf09e8,api:0) destroying EGLImage dpy=0x1 img=0x1000000a
I/GLConsumer(  164): [com.mpr.mprepubreader/com.mpr.mprepubreader.book.bookdetail.BookDetailActivity](this:0xb8cf09e8,api:0) destroying EGLImage dpy=0x1 img=0x10000003
I/GraphicBuffer(  164): free buffer (w:720 h:1280 f:1) handle(0xb8cec3d0)
I/GLConsumer(  164): [com.mpr.mprepubreader/com.mpr.mprepubreader.book.bookdetail.BookDetailActivity](this:0xb8cf09e8,api:0) destroying EGLImage dpy=0x1 img=0x10000004
I/GraphicBuffer(  164): free buffer (w:720 h:1280 f:1) handle(0xb8cd3ed0)
I/GLConsumer(  164): [com.mpr.mprepubreader/com.mpr.mprepubreader.book.bookdetail.BookDetailActivity](this:0xb8cf09e8,api:0) destroying EGLImage dpy=0x1 img=0x10000008
I/GraphicBuffer(  164): free buffer (w:720 h:1280 f:1) handle(0xb8cf0590)
V/Provider/Settings(  754): get setting for user 0 by user 0 so skipping cache
V/Provider/Settings(  754):  from settings cache , name = full_screen_expand_statusbar , value = 1
D/ActivityManager(  754): ACT-windowsGone(): ActivityRecord{42ee3af8 u0 com.mpr.mprepubreader/.book.bookdetail.BookDetailActivity t111 f}
V/ActivityManager(  754): ACT-Activity idle: Token{426c8680 ActivityRecord{4252c3b8 u0 com.mpr.mprepubreader/.activity.MainActivity t111}}
I/libPerfService(  754): 1: set: 1
D/PowerManagerService(  754): releaseWakeLockInternal: lock=1113532800 [ActivityManager-Launch], flags=0x0, total_time=98ms
D/PowerManagerNotifier(  754): onWakeLockReleased: flags=1, tag="ActivityManager-Launch", packageName=android, ownerUid=1000, ownerPid=754, workSource=null
D/PowerManagerService(  754): updateWakeLockSummaryLocked: mWakefulness=Awake, mWakeLockSummary=0x1
D/PowerManagerService(  754): newScreenState = 2
D/PowerManagerDisplayController(  754): requestPowerState: screenState=2, useProximitySensor=false, forceProximitySensorEnable=false, forceWakeUpEnable=false, screenBrightness=45, screenAutoBrightnessAdjustment=0.0, useAutoBrightness=false, useEcoBrightness=false, blockScreenOn=false, waitForNegativeProximity=false
I/PowerManagerService(  754): setBrightness mButtonLight, screenBrightness=45
D/PowerManagerService(  754): updateScreenStateLocked: mDisplayReady=true, newScreenState=2, mWakefulness=1, mWakeLockSummary=0x1, mUserActivitySummary=0x5, mBootCompleted=true
V/ActivityManager(  754): ensureActivitiesVisibleLocked: consider front
V/ActivityManager(  754): ensureActivitiesVisibleLocked: consider back
D/PowerManagerService(  754): handleSandman: canDream=false, mWakefulness=Awake
I/System.out( 1447): [CDS]EAGAIN in Recvfrom
I/System.out( 1447): [CDS]read byte is 0
I/thermal_repeater(  197): oh, queryMdThermalInfo (0)Success
I/thermal_repeater(  197): [recvMdThermalInfo] ret=5, strLen=127, ERROR
V/Provider/Settings(  894): get setting for user 0 by user 0 so skipping cache
V/Provider/Settings(  894):  from settings cache , name = full_screen_expand_statusbar , value = 1
V/Provider/Settings(  894): get setting for user 0 by user 0 so skipping cache
V/Provider/Settings(  894):  from settings cache , name = full_screen_expand_statusbar , value = 1
D/ScreenOnInterceptProxy( 1404): Connection refused
D/ScreenOnInterceptProxy( 1404): guestModeClient safecenter.system16, on_off: 1, uid size: 3|false
D/ScreenOnInterceptProxy( 1404):  uid = 1001
D/ScreenOnInterceptProxy( 1404):  uid = 10048
D/ScreenOnInterceptProxy( 1404):  uid = 10055
I/GLConsumer(  164): [com.mpr.mprepubreader/com.mpr.mprepubreader.book.bookdetail.BookDetailActivity](this:0xb8cf09e8,api:0) [void* android::GLConsumer::createImage(EGLDisplay, const android::sp<android::GraphicBuffer>&, const android::Rect&)]
D/GLConsumer(  164):     GraphicBuffer: gb=0xb8cde010 handle=0xb8cecfd8 fmt=1
D/GLConsumer(  164):     EGLImage: dpy=0x1, img=0x10000003
I/BufferQueue(  164): [FrameBufferSurface_0](this:0xb8cce098,id:0,api:1,p:164,c:164) [release] fps:0.00, dur:300225.43, max:300225.43, min:300225.43
I/BufferQueue(  164): [FrameBufferSurface_0](this:0xb8cce098,id:0,api:1,p:164,c:164) [queue] fps:0.00, dur:300225.43, max:300225.43, min:300225.43
D/ActivityManager(  754): ACT-windowsVisible(): ActivityRecord{4252c3b8 u0 com.mpr.mprepubreader/.activity.MainActivity t111}
D/ActivityManager(  754): ACT-IDLE_NOW_MSG from windowsVisible() for idle: ActivityRecord{4252c3b8 u0 com.mpr.mprepubreader/.activity.MainActivity t111}
V/ActivityManager(  754): ACT-Activity idle: null
V/ActivityManager(  754): ensureActivitiesVisibleLocked: consider front
V/ActivityManager(  754): ensureActivitiesVisibleLocked: consider back
D/OpenGLRenderer(18273): Flushing caches (mode 0)
V/Provider/Settings(  754): get setting for user 0 by user 0 so skipping cache
V/Provider/Settings(  754):  from settings cache , name = full_screen_expand_statusbar , value = 1
V/Provider/Settings(  754): get setting for user 0 by user 0 so skipping cache
V/Provider/Settings(  754):  from settings cache , name = full_screen_expand_statusbar , value = 1
D/IPCThreadState(  754): [DN #5] BR_CLEAR_DEATH_NOTIFICATION_DONE cookie 0x6a5b0df8
V/Provider/Settings(  754): get setting for user 0 by user 0 so skipping cache
V/Provider/Settings(  754):  from settings cache , name = full_screen_expand_statusbar , value = 1
D/ActivityThread(18273): ACT-DESTROY_ACTIVITY handled : 1 / android.os.BinderProxy@43a140a0
I/BufferQueue(  164): [com.mpr.mprepubreader/com.mpr.mprepubreader.book.bookdetail.BookDetailActivity](this:0xb8d09578,id:856,api:0,p:-1,c:-1) consumerDisconnect
I/GraphicBuffer(  164): free buffer (w:720 h:1280 f:1) handle(0xb8cecfd8)
I/BufferQueue(  164): [com.mpr.mprepubreader/com.mpr.mprepubreader.book.bookdetail.BookDetailActivity](this:0xb8d09578,id:856,api:0,p:-1,c:-1) ~BufferQueue
V/Provider/Settings(  754): get setting for user 0 by user 0 so skipping cache
V/Provider/Settings(  754):  from settings cache , name = full_screen_expand_statusbar , value = 1
I/BufferQueue(  164): [com.mpr.mprepubreader/com.mpr.mprepubreader.activity.MainActivity](this:0xb8ce5990,id:857,api:1,p:18273,c:164) new GraphicBuffer needed
D/BufferQueue(  164):     [OLD] gb:NULL
I/GraphicBuffer(  164): allocate buffer (w:720 h:1280 f:1) handle(0xb8cd3ed0) err(0)
D/BufferQueue(  164):     [NEW] gb=0xb8cf0590, handle=0xb8cd3ed0, w=720, h=1280, s=720, f=0x1, u=0x00000f02
D/GraphicBuffer(18273): create handle(0x70c741c0) (w:720, h:1280, f:1)
W/AwContents(18273): onDraw
W/AwContents(18273): onDraw mClearViewActive = false
D/OpenGLRenderer(18273): prepareDirty (0.00, 0.00, 720.00, 1280.00) opaque 1 <0x6d037d90>
D/OpenGLRenderer(18273): finish <0x6d037d90>
I/GLConsumer(  164): [com.mpr.mprepubreader/com.mpr.mprepubreader.activity.MainActivity](this:0xb8d0a5c8,api:1) [void* android::GLConsumer::createImage(EGLDisplay, const android::sp<android::GraphicBuffer>&, const android::Rect&)]
D/GLConsumer(  164):     GraphicBuffer: gb=0xb8cf0590 handle=0xb8cd3ed0 fmt=1
D/GLConsumer(  164):     EGLImage: dpy=0x1, img=0x10000003
I/BufferQueue(  164): [com.mpr.mprepubreader/com.mpr.mprepubreader.activity.MainActivity](this:0xb8ce5990,id:857,api:1,p:18273,c:164) new GraphicBuffer needed
D/BufferQueue(  164):     [OLD] gb:NULL
I/GraphicBuffer(  164): allocate buffer (w:720 h:1280 f:1) handle(0xb8cda738) err(0)
D/BufferQueue(  164):     [NEW] gb=0xb8cfda58, handle=0xb8cda738, w=720, h=1280, s=720, f=0x1, u=0x00000f02
D/GraphicBuffer(18273): create handle(0x65dafad0) (w:720, h:1280, f:1)
D/OpenGLRenderer(18273): prepareDirty (0.00, 0.00, 720.00, 1280.00) opaque 1 <0x6d037d90>
D/OpenGLRenderer(18273): finish <0x6d037d90>
I/GLConsumer(  164): [com.mpr.mprepubreader/com.mpr.mprepubreader.activity.MainActivity](this:0xb8d0a5c8,api:1) [void* android::GLConsumer::createImage(EGLDisplay, const android::sp<android::GraphicBuffer>&, const android::Rect&)]
D/GLConsumer(  164):     GraphicBuffer: gb=0xb8cfda58 handle=0xb8cda738 fmt=1
D/GLConsumer(  164):     EGLImage: dpy=0x1, img=0x10000004
I/BufferQueue(  164): [com.mpr.mprepubreader/com.mpr.mprepubreader.activity.MainActivity](this:0xb8ce5990,id:857,api:1,p:18273,c:164) new GraphicBuffer needed
D/BufferQueue(  164):     [OLD] gb:NULL
I/GraphicBuffer(  164): allocate buffer (w:720 h:1280 f:1) handle(0xb8ce7658) err(0)
D/BufferQueue(  164):     [NEW] gb=0xb8cfb910, handle=0xb8ce7658, w=720, h=1280, s=720, f=0x1, u=0x00000f02
D/GraphicBuffer(18273): create handle(0x6cddace0) (w:720, h:1280, f:1)
D/OpenGLRenderer(18273): prepareDirty (0.00, 0.00, 720.00, 1280.00) opaque 1 <0x6d037d90>
D/OpenGLRenderer(18273): finish <0x6d037d90>
I/GLConsumer(  164): [com.mpr.mprepubreader/com.mpr.mprepubreader.activity.MainActivity](this:0xb8d0a5c8,api:1) [void* android::GLConsumer::createImage(EGLDisplay, const android::sp<android::GraphicBuffer>&, const android::Rect&)]
D/GLConsumer(  164):     GraphicBuffer: gb=0xb8cfb910 handle=0xb8ce7658 fmt=1
D/GLConsumer(  164):     EGLImage: dpy=0x1, img=0x10000008
D/OpenGLRenderer(18273): prepareDirty (0.00, 0.00, 720.00, 1280.00) opaque 1 <0x6d037d90>
D/OpenGLRenderer(18273): finish <0x6d037d90>
D/OpenGLRenderer(18273): prepareDirty (0.00, 0.00, 720.00, 1280.00) opaque 1 <0x6d037d90>
D/OpenGLRenderer(18273): finish <0x6d037d90>
D/OpenGLRenderer(18273): prepareDirty (0.00, 0.00, 720.00, 1280.00) opaque 1 <0x6d037d90>
D/OpenGLRenderer(18273): finish <0x6d037d90>
D/OpenGLRenderer(18273): prepareDirty (0.00, 0.00, 720.00, 1280.00) opaque 1 <0x6d037d90>
D/OpenGLRenderer(18273): finish <0x6d037d90>
D/OpenGLRenderer(18273): prepareDirty (0.00, 0.00, 720.00, 1280.00) opaque 1 <0x6d037d90>
D/OpenGLRenderer(18273): finish <0x6d037d90>
D/OpenGLRenderer(18273): prepareDirty (0.00, 0.00, 720.00, 1280.00) opaque 1 <0x6d037d90>
D/OpenGLRenderer(18273): finish <0x6d037d90>
D/WebViewCallback(18273): onConsoleMessage
D/OpenGLRenderer(18273): prepareDirty (0.00, 0.00, 720.00, 1280.00) opaque 1 <0x6d037d90>
D/OpenGLRenderer(18273): finish <0x6d037d90>
D/OpenGLRenderer(18273): prepareDirty (0.00, 0.00, 720.00, 1280.00) opaque 1 <0x6d037d90>
D/OpenGLRenderer(18273): finish <0x6d037d90>
D/AwContents(18273): setPageScaleFactor 1.0
D/OpenGLRenderer(18273): prepareDirty (0.00, 0.00, 720.00, 1280.00) opaque 1 <0x6d037d90>
D/OpenGLRenderer(18273): finish <0x6d037d90>
D/ADB_SERVICES(  206): adb fdevent_process list (5) (19) (18) (11) 
W/ADB_SERVICES(  206): create_local_service_socket() name=shell:wm size
W/ADB_SERVICES(  206): service_to_fd() name=shell:wm size
W/ADB_SERVICES(  206): read_meminfo() mem_free=946164
W/ADB_SERVICES(  206): create_subprocess() ret_fd=18 pid=21146
W/ADB_SERVICES(  206): LS(2453): bound to 'shell:wm size' via 18
W/ADB_SERVICES(21146): adb: unable to open /proc/21146/oom_adj
V/Provider/Settings(  894): get setting for user 0 by user 0 so skipping cache
V/Provider/Settings(  894):  from settings cache , name = full_screen_expand_statusbar , value = 1
V/Provider/Settings(  894): get setting for user 0 by user 0 so skipping cache
V/Provider/Settings(  894):  from settings cache , name = full_screen_expand_statusbar , value = 1
D/CameraStorage(13706): External storage state=mounted, mount point = /storage/sdcard0
D/AndroidRuntime(21146): 
D/AndroidRuntime(21146): >>>>>> AndroidRuntime START com.android.internal.os.RuntimeInit <<<<<<
D/AndroidRuntime(21146): CheckJNI is OFF
D/AndroidRuntime(21146): language=-Duser.language=zh region=-Duser.region=CN
D/dalvikvm(21146): boot class : 
D/dalvikvm(21146):   (0) core.jar
D/dalvikvm(21146):   (1) conscrypt.jar
D/dalvikvm(21146):   (2) okhttp.jar
D/dalvikvm(21146):   (3) core-junit.jar
D/dalvikvm(21146):   (4) bouncycastle.jar
D/dalvikvm(21146):   (5) ext.jar
D/dalvikvm(21146):   (6) framework.jar
D/dalvikvm(21146):   (7) framework2.jar
D/dalvikvm(21146):   (8) telephony-common.jar
D/dalvikvm(21146):   (9) voip-common.jar
D/dalvikvm(21146):   (10) mms-common.jar
D/dalvikvm(21146):   (11) android.policy.jar
D/dalvikvm(21146):   (12) services.jar
D/dalvikvm(21146):   (13) apache-xml.jar
D/dalvikvm(21146):   (14) webviewchromium.jar
D/dalvikvm(21146):   (15) mediatek-common.jar
D/dalvikvm(21146):   (16) mediatek-framework.jar
D/dalvikvm(21146):   (17) CustomProperties.jar
D/dalvikvm(21146):   (18) mediatek-telephony-common.jar
D/dalvikvm(21146):   (19) mediatek-tablet.jar
D/dalvikvm(21146):   (20) am.jar
D/dalvikvm(21146): threadid=1: interp stack at 0x57aa5000
D/dalvikvm(21146): process bootclasspath ex!!
D/dalvikvm(21146): Trying to load lib libjavacore.so 0x0
D/dalvikvm(21146): Added shared lib libjavacore.so 0x0
D/dalvikvm(21146): Trying to load lib libnativehelper.so 0x0
D/dalvikvm(21146): Added shared lib libnativehelper.so 0x0
D/dalvikvm(21146): No JNI_OnLoad found in libnativehelper.so 0x0, skipping init
D/dalvikvm(21146): +++ finishing prep on main VM thread
D/dalvikvm(21146): create interp thread : stack size=128KB
D/dalvikvm(21146): create new thread
D/dalvikvm(21146): new thread created
D/dalvikvm(21146): update thread list
D/dalvikvm(21146): threadid=2: interp stack at 0x607ba000
D/dalvikvm(21146): threadid=2: created from interp
D/dalvikvm(21146): start new thread
D/dalvikvm(21146): threadid=2: notify debugger
D/dalvikvm(21146): threadid=2 (ReferenceQueueDaemon): calling run()
D/dalvikvm(21146): create interp thread : stack size=128KB
D/dalvikvm(21146): create new thread
D/dalvikvm(21146): new thread created
D/dalvikvm(21146): update thread list
D/dalvikvm(21146): threadid=3: interp stack at 0x608da000
D/dalvikvm(21146): threadid=3: created from interp
D/dalvikvm(21146): start new thread
