I/thermal_repeater(  197): [recvMdThermalInfo] ret=5, strLen=127, ERROR
V/ActivityManager(  754): Broadcast sticky: Intent { act=android.intent.action.SIG_STR flg=0x20000010 (has extras) } ordered=false userid=-1 callerApp=ProcessRecord{424ffa30 754:system/1000}
I/thermal_repeater(  197): oh, queryMdThermalInfo (0)Success
I/thermal_repeater(  197): [recvMdThermalInfo] ret=5, strLen=127, ERROR
V/ActivityManager(  754): Broadcast sticky: Intent { act=android.intent.action.SIG_STR flg=0x20000010 (has extras) } ordered=false userid=-1 callerApp=ProcessRecord{424ffa30 754:system/1000}
I/thermal_repeater(  197): oh, queryMdThermalInfo (0)Success
I/thermal_repeater(  197): [recvMdThermalInfo] ret=5, strLen=127, ERROR
V/ActivityManager(  754): Broadcast sticky: Intent { act=android.intent.action.SIG_STR flg=0x20000010 (has extras) } ordered=false userid=-1 callerApp=ProcessRecord{424ffa30 754:system/1000}
I/thermal_repeater(  197): oh, queryMdThermalInfo (0)Success
I/thermal_repeater(  197): [recvMdThermalInfo] ret=5, strLen=127, ERROR
V/ActivityManager(  754): Broadcast sticky: Intent { act=android.intent.action.SIG_STR flg=0x20000010 (has extras) } ordered=false userid=-1 callerApp=ProcessRecord{424ffa30 754:system/1000}
I/thermal_repeater(  197): oh, queryMdThermalInfo (0)Success
I/thermal_repeater(  197): [recvMdThermalInfo] ret=5, strLen=127, ERROR
V/ActivityManager(  754): Broadcast sticky: Intent { act=android.intent.action.SIG_STR flg=0x20000010 (has extras) } ordered=false userid=-1 callerApp=ProcessRecord{424ffa30 754:system/1000}
I/thermal_repeater(  197): oh, queryMdThermalInfo (0)Success
I/thermal_repeater(  197): [recvMdThermalInfo] ret=5, strLen=127, ERROR
V/ActivityManager(  754): Broadcast sticky: Intent { act=android.intent.action.SIG_STR flg=0x20000010 (has extras) } ordered=false userid=-1 callerApp=ProcessRecord{424ffa30 754:system/1000}
V/AlarmManagerService(  754): Checking for alarms... rtc=1503991860002, elapsed=709945458
I/AlarmManagerService(  754): mAlarmBatches.size() = 17
I/AlarmManagerService(  754): triggerAlarmsLocked: head of list: 709945456 nowELAPSED: 709945458
I/AlarmManagerService(  754): batch.size() = 1
I/AlarmManagerService(  754): triggerAlarmsLocked: head of list: 710127808 nowELAPSED: 709945458
W/AlarmManagerService(  754): triggerAlarmsLocked: head of list: 710127808 nowELAPSED: 709945458 => not fire alarm in the future
I/AlarmManagerService(  754): sending alarm Alarm{429a8098 type 3 android}
V/ActivityManager(  754): Broadcast: Intent { act=android.intent.action.TIME_TICK flg=0x50000014 (has extras) } ordered=true userid=-1 callerApp=null
D/PowerManagerService(  754): acquireWakeLockInternal: lock=1116691856, flags=0x1, tag="AlarmManagerService", ws=WorkSource{1000}, uid=1000, pid=754
D/PowerManagerNotifier(  754): onWakeLockAcquired: flags=1, tag="AlarmManagerService", packageName=android, ownerUid=1000, ownerPid=754, workSource=WorkSource{1000}
D/ActivityThread(  754): BDC-Calling onReceive: intent=Intent { act=android.intent.action.TIME_TICK flg=0x50000014 (has extras) }, ordered=true, receiver=com.android.server.AlarmManagerService$ClockReceiver@428e19e8, IIntentReceiver=428f9900
V/AlarmManagerService(  754): Received TIME_TICK alarm; rescheduling
I/AlarmManagerService(  754): jincai- android set alarm
D/PowerManagerService(  754): updateWakeLockSummaryLocked: mWakefulness=Awake, mWakeLockSummary=0x1
D/PowerManagerService(  754): newScreenState = 2
D/PowerManagerDisplayController(  754): requestPowerState: screenState=2, useProximitySensor=false, forceProximitySensorEnable=false, forceWakeUpEnable=false, screenBrightness=45, screenAutoBrightnessAdjustment=0.0, useAutoBrightness=false, useEcoBrightness=false, blockScreenOn=false, waitForNegativeProximity=false
I/PowerManagerService(  754): setBrightness mButtonLight 0.
D/PowerManagerService(  754): updateScreenStateLocked: mDisplayReady=true, newScreenState=2, mWakefulness=1, mWakeLockSummary=0x1, mUserActivitySummary=0x1, mBootCompleted=true
D/PowerManagerService(  754): handleSandman: canDream=false, mWakefulness=Awake
V/AlarmManagerService(  754): set(PendingIntent{4285a0a0: PendingIntentRecord{4278e338 android broadcastIntent}}) : type=3 triggerAtTime=710005455 win=0 tElapsed=710005455 maxElapsed=710005455 interval=0 standalone=true
D/ActivityThread(  754): BDC-Calling finishReceiver: IIntentReceiver=428f9900
D/ActivityThread(  838): BDC-Calling onReceive: intent=Intent { act=android.intent.action.TIME_TICK flg=0x50000014 (has extras) }, ordered=true, receiver=com.lenovo.adapter.LenovoAdapterMtk$1@42585b70, IIntentReceiver=425a8858
D/ActivityThread(  838): BDC-Calling finishReceiver: IIntentReceiver=425a8858
D/ActivityThread(  838): BDC-Calling onReceive: intent=Intent { act=android.intent.action.TIME_TICK flg=0x50000014 (has extras) }, ordered=true, receiver=com.lenovo.keyguard.app.model.PackageRecordModel$1@427856e8, IIntentReceiver=42785af8
D/ActivityThread(  838): BDC-Calling finishReceiver: IIntentReceiver=42785af8
D/ActivityThread(  894): BDC-Calling onReceive: intent=Intent { act=android.intent.action.TIME_TICK flg=0x50000014 (has extras) }, ordered=true, receiver=com.android.systemui.statusbar.policy.Clock$1@4255f5f8, IIntentReceiver=42861b60
V/SettingsProvider(  754):    access setting for user 0
V/SettingsProvider(  754): call(system:time_12_24) for 0
V/SettingsProvider(  754):    access setting for user 0
V/SettingsProvider(  754): call(system:time_12_24) for 0
D/ActivityThread(  894): BDC-Calling finishReceiver: IIntentReceiver=42861b60
D/ActivityThread( 1194): BDC-Calling onReceive: intent=Intent { act=android.intent.action.TIME_TICK flg=0x50000014 (has extras) }, ordered=true, receiver=com.lenovo.weatherserver.TimeTickService$1@424ee1f8, IIntentReceiver=424eefd8
V/ActivityManager(  754): Broadcast: Intent { act=com.lenovo.weather.action.TIME_TICK flg=0x30 } ordered=false userid=0 callerApp=ProcessRecord{42bff250 1194:com.lenovo.weatherserver/u0a69}
D/ActivityThread( 1194): BDC-Calling finishReceiver: IIntentReceiver=424eefd8
D/ActivityThread(  894): BDC-Calling onReceive: intent=Intent { act=android.intent.action.TIME_TICK flg=0x50000014 (has extras) }, ordered=true, receiver=com.android.systemui.statusbar.policy.Clock$1@426604c8, IIntentReceiver=42867be8
V/SettingsProvider(  754):    access setting for user 0
V/SettingsProvider(  754): call(system:time_12_24) for 0
V/SettingsProvider(  754):    access setting for user 0
V/SettingsProvider(  754): call(system:time_12_24) for 0
D/ActivityThread(  894): BDC-Calling finishReceiver: IIntentReceiver=42867be8
D/ActivityThread( 2285): BDC-Calling onReceive: intent=Intent { act=com.lenovo.weather.action.TIME_TICK flg=0x30 cmp=com.lenovo.lewea/com.lenovo.weather.receiver.CommonReceiver }, ordered=true, receiver=com.lenovo.weather.receiver.CommonReceiver@4265cf10
D/ActivityThread(  894): BDC-Calling onReceive: intent=Intent { act=android.intent.action.TIME_TICK flg=0x50000014 (has extras) }, ordered=true, receiver=com.android.systemui.statusbar.policy.Clock$1@426659b8, IIntentReceiver=42876b18
V/SettingsProvider(  754):    access setting for user 0
V/SettingsProvider(  754): call(system:time_12_24) for 0
V/SettingsProvider(  754):    access setting for user 0
V/SettingsProvider(  754): call(system:time_12_24) for 0
D/ActivityThread(  894): BDC-Calling finishReceiver: IIntentReceiver=42876b18
D/ActivityThread(  894): BDC-Calling onReceive: intent=Intent { act=android.intent.action.TIME_TICK flg=0x50000014 (has extras) }, ordered=true, receiver=android.widget.DateTimeView$1@42a93210, IIntentReceiver=42694fb8
D/ActivityThread(  894): BDC-Calling finishReceiver: IIntentReceiver=42694fb8
D/ActivityThread( 2285): BDC-RECEIVER handled : 0 / ReceiverData{intent=Intent { act=com.lenovo.weather.action.TIME_TICK flg=0x30 cmp=com.lenovo.lewea/com.lenovo.weather.receiver.CommonReceiver } packageName=com.lenovo.lewea resultCode=-1 resultData=null resultExtras=null}
D/ActivityThread( 2285): BDC-Calling onReceive: intent=Intent { act=com.lenovo.weather.action.TIME_TICK flg=0x30 cmp=com.lenovo.lewea/.widget.WeatherWidget }, ordered=true, receiver=com.lenovo.lewea.widget.WeatherWidget@4265ef08
D/ActivityThread(  894): BDC-Calling onReceive: intent=Intent { act=android.intent.action.TIME_TICK flg=0x50000014 (has extras) }, ordered=true, receiver=android.widget.DateTimeView$1@426466d8, IIntentReceiver=4282ce58
D/ActivityThread(  894): BDC-Calling finishReceiver: IIntentReceiver=4282ce58
D/ActivityThread(  894): BDC-Calling onReceive: intent=Intent { act=android.intent.action.TIME_TICK flg=0x50000014 (has extras) }, ordered=true, receiver=android.widget.DateTimeView$1@424fd948, IIntentReceiver=4253f348
D/ActivityThread(  894): BDC-Calling finishReceiver: IIntentReceiver=4253f348
D/PowerManagerService(  754): releaseWakeLockInternal: lock=1116691856 [AlarmManagerService], flags=0x0, total_time=103ms
D/PowerManagerNotifier(  754): onWakeLockReleased: flags=1, tag="AlarmManagerService", packageName=android, ownerUid=1000, ownerPid=754, workSource=WorkSource{1000}
D/PowerManagerService(  754): updateWakeLockSummaryLocked: mWakefulness=Awake, mWakeLockSummary=0x1
D/PowerManagerService(  754): newScreenState = 2
D/PowerManagerDisplayController(  754): requestPowerState: screenState=2, useProximitySensor=false, forceProximitySensorEnable=false, forceWakeUpEnable=false, screenBrightness=45, screenAutoBrightnessAdjustment=0.0, useAutoBrightness=false, useEcoBrightness=false, blockScreenOn=false, waitForNegativeProximity=false
I/PowerManagerService(  754): setBrightness mButtonLight 0.
D/PowerManagerService(  754): updateScreenStateLocked: mDisplayReady=true, newScreenState=2, mWakefulness=1, mWakeLockSummary=0x1, mUserActivitySummary=0x1, mBootCompleted=true
D/PowerManagerService(  754): handleSandman: canDream=false, mWakefulness=Awake
D/ActivityThread( 2285): BDC-RECEIVER handled : 0 / ReceiverData{intent=Intent { act=com.lenovo.weather.action.TIME_TICK flg=0x30 cmp=com.lenovo.lewea/.widget.WeatherWidget } packageName=com.lenovo.lewea resultCode=0 resultData=null resultExtras=null}
D/ActivityThread( 2285): SVC-Creating service: CreateServiceData{token=android.os.BinderProxy@426bd030 className=com.lenovo.weather.service.UpdateAppWidgetService packageName=com.lenovo.lewea intent=null}
D/ActivityThread( 2285): SVC-CREATE_SERVICE handled : 0 / CreateServiceData{token=android.os.BinderProxy@426bd030 className=com.lenovo.weather.service.UpdateAppWidgetService packageName=com.lenovo.lewea intent=null}
D/ActivityThread( 2285): SVC-SERVICE_ARGS handled : 0 / ServiceArgsData{token=android.os.BinderProxy@426bd030 startId=1 args=Intent { cmp=com.lenovo.lewea/com.lenovo.weather.service.UpdateAppWidgetService }}
D/ActivityThread( 2285): SVC-Destroying service: com.lenovo.weather.service.UpdateAppWidgetService@426be358
D/ActivityThread( 2285): SVC-STOP_SERVICE handled : 0 / android.os.BinderProxy@426bd030
I/thermal_repeater(  197): oh, queryMdThermalInfo (0)Success
I/thermal_repeater(  197): [recvMdThermalInfo] ret=5, strLen=127, ERROR
V/ActivityManager(  754): Broadcast sticky: Intent { act=android.intent.action.SIG_STR flg=0x20000010 (has extras) } ordered=false userid=-1 callerApp=ProcessRecord{424ffa30 754:system/1000}
I/ANRManager(  754): updateProcessStats
I/thermal_repeater(  197): oh, queryMdThermalInfo (0)Success
I/thermal_repeater(  197): [recvMdThermalInfo] ret=5, strLen=127, ERROR
D/ConnectivityService(  754): getActiveNetworkInfo:NetworkInfo: type: WIFI[], state: CONNECTED/CONNECTED, reason: (unspecified), extra: "MPR-test", roaming: false, failover: false, isAvailable: true, isConnectedToProvisioningNetwork: false, simId: 0/10241
D/ConnectivityService(  754): getActiveNetworkInfo:NetworkInfo: type: WIFI[], state: CONNECTED/CONNECTED, reason: (unspecified), extra: "MPR-test", roaming: false, failover: false, isAvailable: true, isConnectedToProvisioningNetwork: false, simId: 0/10241
I/FrameworkListener(  160): onDataAvailable get 45 bytes 
D/SocketClient(  160): SocketClient sendDatalocked done: 222
D/SocketClient(  160): SocketClient sendDatalocked done: 
D/SocketClient(  160): SocketClient sendDatalocked done: 
D/SocketClient(  160): SocketClient sendDatalocked done: 
D/SocketClient(  160): SocketClient sendDatalocked done: 
D/SocketClient(  160): SocketClient sendDatalocked done: 
D/SocketClient(  160): SocketClient sendDatalocked done: 
V/ActivityManager(  754): Broadcast sticky: Intent { act=android.intent.action.SIG_STR flg=0x20000010 (has extras) } ordered=false userid=-1 callerApp=ProcessRecord{424ffa30 754:system/1000}
I/thermal_repeater(  197): oh, queryMdThermalInfo (0)Success
I/thermal_repeater(  197): [recvMdThermalInfo] ret=5, strLen=127, ERROR
I/ANRManager(  754): updateProcessStats
I/ANRManager(  754): CPU update time < 2.5sec
I/thermal_repeater(  197): oh, queryMdThermalInfo (0)Success
I/thermal_repeater(  197): [recvMdThermalInfo] ret=5, strLen=127, ERROR
D/ConnectivityService(  754): getActiveNetworkInfo:NetworkInfo: type: WIFI[], state: CONNECTED/CONNECTED, reason: (unspecified), extra: "MPR-test", roaming: false, failover: false, isAvailable: true, isConnectedToProvisioningNetwork: false, simId: 0/10241
D/ConnectivityService(  754): getActiveNetworkInfo:NetworkInfo: type: WIFI[], state: CONNECTED/CONNECTED, reason: (unspecified), extra: "MPR-test", roaming: false, failover: false, isAvailable: true, isConnectedToProvisioningNetwork: false, simId: 0/10241
V/ActivityManager(  754): Broadcast sticky: Intent { act=android.intent.action.SIG_STR flg=0x20000010 (has extras) } ordered=false userid=-1 callerApp=ProcessRecord{424ffa30 754:system/1000}
I/thermal_repeater(  197): oh, queryMdThermalInfo (0)Success
I/thermal_repeater(  197): [recvMdThermalInfo] ret=5, strLen=127, ERROR
V/ActivityManager(  754): Broadcast sticky: Intent { act=android.intent.action.SIG_STR flg=0x20000010 (has extras) } ordered=false userid=-1 callerApp=ProcessRecord{424ffa30 754:system/1000}
I/thermal_repeater(  197): oh, queryMdThermalInfo (0)Success
I/thermal_repeater(  197): [recvMdThermalInfo] ret=5, strLen=127, ERROR
I/ANRManager(  754): updateProcessStats
V/ActivityManager(  754): Broadcast sticky: Intent { act=android.intent.action.SIG_STR flg=0x20000010 (has extras) } ordered=false userid=-1 callerApp=ProcessRecord{424ffa30 754:system/1000}
I/thermal_repeater(  197): oh, queryMdThermalInfo (0)Success
I/thermal_repeater(  197): [recvMdThermalInfo] ret=5, strLen=127, ERROR
V/ActivityManager(  754): Broadcast sticky: Intent { act=android.intent.action.SIG_STR flg=0x20000010 (has extras) } ordered=false userid=-1 callerApp=ProcessRecord{424ffa30 754:system/1000}
I/thermal_repeater(  197): oh, queryMdThermalInfo (0)Success
I/thermal_repeater(  197): [recvMdThermalInfo] ret=5, strLen=127, ERROR
I/thermal_repeater(  197): oh, queryMdThermalInfo (0)Success
I/thermal_repeater(  197): [recvMdThermalInfo] ret=5, strLen=127, ERROR
V/ActivityManager(  754): Broadcast sticky: Intent { act=android.intent.action.SIG_STR flg=0x20000010 (has extras) } ordered=false userid=-1 callerApp=ProcessRecord{424ffa30 754:system/1000}
I/thermal_repeater(  197): oh, queryMdThermalInfo (0)Success
I/thermal_repeater(  197): [recvMdThermalInfo] ret=5, strLen=127, ERROR
V/ActivityManager(  754): Broadcast sticky: Intent { act=android.intent.action.SIG_STR flg=0x20000010 (has extras) } ordered=false userid=-1 callerApp=ProcessRecord{424ffa30 754:system/1000}
I/thermal_repeater(  197): oh, queryMdThermalInfo (0)Success
I/thermal_repeater(  197): [recvMdThermalInfo] ret=5, strLen=127, ERROR
V/ActivityManager(  754): Broadcast sticky: Intent { act=android.intent.action.SIG_STR flg=0x20000010 (has extras) } ordered=false userid=-1 callerApp=ProcessRecord{424ffa30 754:system/1000}
I/thermal_repeater(  197): oh, queryMdThermalInfo (0)Success
I/thermal_repeater(  197): [recvMdThermalInfo] ret=5, strLen=127, ERROR
V/AlarmManagerService(  754): Checking for alarms... rtc=1503991919999, elapsed=710005455
I/AlarmManagerService(  754): mAlarmBatches.size() = 17
I/AlarmManagerService(  754): triggerAlarmsLocked: head of list: 710005455 nowELAPSED: 710005455
I/AlarmManagerService(  754): batch.size() = 1
I/AlarmManagerService(  754): triggerAlarmsLocked: head of list: 710127808 nowELAPSED: 710005455
W/AlarmManagerService(  754): triggerAlarmsLocked: head of list: 710127808 nowELAPSED: 710005455 => not fire alarm in the future
I/AlarmManagerService(  754): sending alarm Alarm{43a1ef58 type 3 android}
V/ActivityManager(  754): Broadcast: Intent { act=android.intent.action.TIME_TICK flg=0x50000014 (has extras) } ordered=true userid=-1 callerApp=null
D/PowerManagerService(  754): acquireWakeLockInternal: lock=1116691856, flags=0x1, tag="AlarmManagerService", ws=WorkSource{1000}, uid=1000, pid=754
D/PowerManagerNotifier(  754): onWakeLockAcquired: flags=1, tag="AlarmManagerService", packageName=android, ownerUid=1000, ownerPid=754, workSource=WorkSource{1000}
D/PowerManagerService(  754): updateWakeLockSummaryLocked: mWakefulness=Awake, mWakeLockSummary=0x1
D/PowerManagerService(  754): newScreenState = 2
D/PowerManagerDisplayController(  754): requestPowerState: screenState=2, useProximitySensor=false, forceProximitySensorEnable=false, forceWakeUpEnable=false, screenBrightness=45, screenAutoBrightnessAdjustment=0.0, useAutoBrightness=false, useEcoBrightness=false, blockScreenOn=false, waitForNegativeProximity=false
I/PowerManagerService(  754): setBrightness mButtonLight 0.
D/PowerManagerService(  754): updateScreenStateLocked: mDisplayReady=true, newScreenState=2, mWakefulness=1, mWakeLockSummary=0x1, mUserActivitySummary=0x1, mBootCompleted=true
D/PowerManagerService(  754): handleSandman: canDream=false, mWakefulness=Awake
D/ActivityThread(  754): BDC-Calling onReceive: intent=Intent { act=android.intent.action.TIME_TICK flg=0x50000014 (has extras) }, ordered=true, receiver=com.android.server.AlarmManagerService$ClockReceiver@428e19e8, IIntentReceiver=428f9900
V/AlarmManagerService(  754): Received TIME_TICK alarm; rescheduling
I/AlarmManagerService(  754): jincai- android set alarm
V/AlarmManagerService(  754): set(PendingIntent{4285a0a0: PendingIntentRecord{4278e338 android broadcastIntent}}) : type=3 triggerAtTime=710065455 win=0 tElapsed=710065455 maxElapsed=710065455 interval=0 standalone=true
D/ActivityThread(  754): BDC-Calling finishReceiver: IIntentReceiver=428f9900
D/ActivityThread(  838): BDC-Calling onReceive: intent=Intent { act=android.intent.action.TIME_TICK flg=0x50000014 (has extras) }, ordered=true, receiver=com.lenovo.adapter.LenovoAdapterMtk$1@42585b70, IIntentReceiver=425a8858
D/ActivityThread(  838): BDC-Calling finishReceiver: IIntentReceiver=425a8858
D/ActivityThread(  838): BDC-Calling onReceive: intent=Intent { act=android.intent.action.TIME_TICK flg=0x50000014 (has extras) }, ordered=true, receiver=com.lenovo.keyguard.app.model.PackageRecordModel$1@427856e8, IIntentReceiver=42785af8
D/ActivityThread(  838): BDC-Calling finishReceiver: IIntentReceiver=42785af8
D/ActivityThread(  894): BDC-Calling onReceive: intent=Intent { act=android.intent.action.TIME_TICK flg=0x50000014 (has extras) }, ordered=true, receiver=com.android.systemui.statusbar.policy.Clock$1@4255f5f8, IIntentReceiver=42861b60
V/SettingsProvider(  754):    access setting for user 0
V/SettingsProvider(  754): call(system:time_12_24) for 0
V/SettingsProvider(  754):    access setting for user 0
V/SettingsProvider(  754): call(system:time_12_24) for 0
D/ActivityThread(  894): BDC-Calling finishReceiver: IIntentReceiver=42861b60
D/ActivityThread( 1194): BDC-Calling onReceive: intent=Intent { act=android.intent.action.TIME_TICK flg=0x50000014 (has extras) }, ordered=true, receiver=com.lenovo.weatherserver.TimeTickService$1@424ee1f8, IIntentReceiver=424eefd8
V/ActivityManager(  754): Broadcast: Intent { act=com.lenovo.weather.action.TIME_TICK flg=0x30 } ordered=false userid=0 callerApp=ProcessRecord{42bff250 1194:com.lenovo.weatherserver/u0a69}
D/ActivityThread( 1194): BDC-Calling finishReceiver: IIntentReceiver=424eefd8
D/ActivityThread(  894): BDC-Calling onReceive: intent=Intent { act=android.intent.action.TIME_TICK flg=0x50000014 (has extras) }, ordered=true, receiver=com.android.systemui.statusbar.policy.Clock$1@426604c8, IIntentReceiver=42867be8
V/SettingsProvider(  754):    access setting for user 0
V/SettingsProvider(  754): call(system:time_12_24) for 0
V/SettingsProvider(  754):    access setting for user 0
V/SettingsProvider(  754): call(system:time_12_24) for 0
D/ActivityThread( 2285): BDC-Calling onReceive: intent=Intent { act=com.lenovo.weather.action.TIME_TICK flg=0x30 cmp=com.lenovo.lewea/com.lenovo.weather.receiver.CommonReceiver }, ordered=true, receiver=com.lenovo.weather.receiver.CommonReceiver@42840c08
D/ActivityThread(  894): BDC-Calling finishReceiver: IIntentReceiver=42867be8
D/ActivityThread( 2285): BDC-RECEIVER handled : 0 / ReceiverData{intent=Intent { act=com.lenovo.weather.action.TIME_TICK flg=0x30 cmp=com.lenovo.lewea/com.lenovo.weather.receiver.CommonReceiver } packageName=com.lenovo.lewea resultCode=-1 resultData=null resultExtras=null}
D/ActivityThread( 2285): BDC-Calling onReceive: intent=Intent { act=com.lenovo.weather.action.TIME_TICK flg=0x30 cmp=com.lenovo.lewea/.widget.WeatherWidget }, ordered=true, receiver=com.lenovo.lewea.widget.WeatherWidget@42842c00
D/ActivityThread( 2285): BDC-RECEIVER handled : 0 / ReceiverData{intent=Intent { act=com.lenovo.weather.action.TIME_TICK flg=0x30 cmp=com.lenovo.lewea/.widget.WeatherWidget } packageName=com.lenovo.lewea resultCode=0 resultData=null resultExtras=null}
D/ActivityThread( 2285): SVC-Creating service: CreateServiceData{token=android.os.BinderProxy@42667520 className=com.lenovo.weather.service.UpdateAppWidgetService packageName=com.lenovo.lewea intent=null}
D/ActivityThread( 2285): SVC-CREATE_SERVICE handled : 0 / CreateServiceData{token=android.os.BinderProxy@42667520 className=com.lenovo.weather.service.UpdateAppWidgetService packageName=com.lenovo.lewea intent=null}
D/ActivityThread(  894): BDC-Calling onReceive: intent=Intent { act=android.intent.action.TIME_TICK flg=0x50000014 (has extras) }, ordered=true, receiver=com.android.systemui.statusbar.policy.Clock$1@426659b8, IIntentReceiver=42876b18
V/SettingsProvider(  754):    access setting for user 0
V/SettingsProvider(  754): call(system:time_12_24) for 0
V/SettingsProvider(  754):    access setting for user 0
V/SettingsProvider(  754): call(system:time_12_24) for 0
D/ActivityThread(  894): BDC-Calling finishReceiver: IIntentReceiver=42876b18
D/ActivityThread(  894): BDC-Calling onReceive: intent=Intent { act=android.intent.action.TIME_TICK flg=0x50000014 (has extras) }, ordered=true, receiver=android.widget.DateTimeView$1@42a93210, IIntentReceiver=42694fb8
D/ActivityThread( 2285): SVC-SERVICE_ARGS handled : 0 / ServiceArgsData{token=android.os.BinderProxy@42667520 startId=1 args=Intent { cmp=com.lenovo.lewea/com.lenovo.weather.service.UpdateAppWidgetService }}
D/ActivityThread(  894): BDC-Calling finishReceiver: IIntentReceiver=42694fb8
D/ActivityThread(  894): BDC-Calling onReceive: intent=Intent { act=android.intent.action.TIME_TICK flg=0x50000014 (has extras) }, ordered=true, receiver=android.widget.DateTimeView$1@426466d8, IIntentReceiver=4282ce58
D/ActivityThread(  894): BDC-Calling finishReceiver: IIntentReceiver=4282ce58
D/ActivityThread(  894): BDC-Calling onReceive: intent=Intent { act=android.intent.action.TIME_TICK flg=0x50000014 (has extras) }, ordered=true, receiver=android.widget.DateTimeView$1@424fd948, IIntentReceiver=4253f348
D/ActivityThread(  894): BDC-Calling finishReceiver: IIntentReceiver=4253f348
D/PowerManagerService(  754): releaseWakeLockInternal: lock=1116691856 [AlarmManagerService], flags=0x0, total_time=64ms
D/PowerManagerNotifier(  754): onWakeLockReleased: flags=1, tag="AlarmManagerService", packageName=android, ownerUid=1000, ownerPid=754, workSource=WorkSource{1000}
D/PowerManagerService(  754): updateWakeLockSummaryLocked: mWakefulness=Awake, mWakeLockSummary=0x1
D/PowerManagerService(  754): newScreenState = 2
D/PowerManagerDisplayController(  754): requestPowerState: screenState=2, useProximitySensor=false, forceProximitySensorEnable=false, forceWakeUpEnable=false, screenBrightness=45, screenAutoBrightnessAdjustment=0.0, useAutoBrightness=false, useEcoBrightness=false, blockScreenOn=false, waitForNegativeProximity=false
I/PowerManagerService(  754): setBrightness mButtonLight 0.
D/PowerManagerService(  754): updateScreenStateLocked: mDisplayReady=true, newScreenState=2, mWakefulness=1, mWakeLockSummary=0x1, mUserActivitySummary=0x1, mBootCompleted=true
D/PowerManagerService(  754): handleSandman: canDream=false, mWakefulness=Awake
D/ActivityThread( 2285): SVC-Destroying service: com.lenovo.weather.service.UpdateAppWidgetService@42668848
D/ActivityThread( 2285): SVC-STOP_SERVICE handled : 0 / android.os.BinderProxy@42667520
D/BatteryService(  754): setBatteryCalistatus ,BatteryCalistatus : 0
V/ActivityManager(  754): Broadcast sticky: Intent { act=android.intent.action.BATTERY_CHANGED flg=0x60000010 (has extras) } ordered=false userid=-1 callerApp=null
D/WifiService(  754): onReceive, action:android.intent.action.BATTERY_CHANGED
D/UsbDeviceManager(  754): onReceive - BATTERY_CHANGED - mPlugType: 2, mSettingUsbCharging: false, mConnected: true, mSettingUsbBicr: false
D/WifiController(  754): DeviceActiveState{ when=-1ms what=155652 arg1=2 target=com.android.internal.util.StateMachine$SmHandler target=Handler (com.android.internal.util.StateMachine$SmHandler) {42a27df0} }
D/WifiController(  754): StaEnabledState{ when=-1ms what=155652 arg1=2 target=com.android.internal.util.StateMachine$SmHandler target=Handler (com.android.internal.util.StateMachine$SmHandler) {42a27df0} }
D/WifiController(  754): DefaultState{ when=-1ms what=155652 arg1=2 target=com.android.internal.util.StateMachine$SmHandler target=Handler (com.android.internal.util.StateMachine$SmHandler) {42a27df0} }
D/WifiController(  754): battery changed pluggedType: 2
V/SettingsProvider(  754): call(system:BatteryCalistatus) for 0
D/PowerManagerService(  754): updateIsPoweredLocked: wasPowered=true, mIsPowered=true, oldPlugType=2, mPlugType=2, mBatteryLevel=100
D/PowerManagerService(  754): handleSandman: canDream=false, mWakefulness=Awake
V/ActivityManager(  754): Broadcast sticky: Intent { act=android.intent.action.SIG_STR flg=0x20000010 (has extras) } ordered=false userid=-1 callerApp=ProcessRecord{424ffa30 754:system/1000}
I/thermal_repeater(  197): oh, queryMdThermalInfo (0)Success
I/thermal_repeater(  197): [recvMdThermalInfo] ret=5, strLen=127, ERROR
I/ANRManager(  754): updateProcessStats
V/ActivityManager(  754): Broadcast sticky: Intent { act=android.intent.action.SIG_STR flg=0x20000010 (has extras) } ordered=false userid=-1 callerApp=ProcessRecord{424ffa30 754:system/1000}
I/thermal_repeater(  197): oh, queryMdThermalInfo (0)Success
I/thermal_repeater(  197): [recvMdThermalInfo] ret=5, strLen=127, ERROR
I/thermal_repeater(  197): oh, queryMdThermalInfo (0)Success
I/thermal_repeater(  197): [recvMdThermalInfo] ret=5, strLen=127, ERROR
I/ANRManager(  754): updateProcessStats
I/ANRManager(  754): CPU update time < 2.5sec
V/ActivityManager(  754): Broadcast sticky: Intent { act=android.intent.action.SIG_STR flg=0x20000010 (has extras) } ordered=false userid=-1 callerApp=ProcessRecord{424ffa30 754:system/1000}
I/thermal_repeater(  197): oh, queryMdThermalInfo (0)Success
I/thermal_repeater(  197): [recvMdThermalInfo] ret=5, strLen=127, ERROR
I/thermal_repeater(  197): oh, queryMdThermalInfo (0)Success
I/thermal_repeater(  197): [recvMdThermalInfo] ret=5, strLen=127, ERROR
V/ActivityManager(  754): Broadcast sticky: Intent { act=android.intent.action.SIG_STR flg=0x20000010 (has extras) } ordered=false userid=-1 callerApp=ProcessRecord{424ffa30 754:system/1000}
I/thermal_repeater(  197): oh, queryMdThermalInfo (0)Success
I/thermal_repeater(  197): [recvMdThermalInfo] ret=5, strLen=127, ERROR
V/ActivityManager(  754): Broadcast sticky: Intent { act=android.intent.action.SIG_STR flg=0x20000010 (has extras) } ordered=false userid=-1 callerApp=ProcessRecord{424ffa30 754:system/1000}
I/ANRManager(  754): updateProcessStats
I/thermal_repeater(  197): oh, queryMdThermalInfo (0)Success
I/thermal_repeater(  197): [recvMdThermalInfo] ret=5, strLen=127, ERROR
I/thermal_repeater(  197): oh, queryMdThermalInfo (0)Success
I/thermal_repeater(  197): [recvMdThermalInfo] ret=5, strLen=127, ERROR
V/ActivityManager(  754): Broadcast sticky: Intent { act=android.intent.action.SIG_STR flg=0x20000010 (has extras) } ordered=false userid=-1 callerApp=ProcessRecord{424ffa30 754:system/1000}
I/thermal_repeater(  197): oh, queryMdThermalInfo (0)Success
I/thermal_repeater(  197): [recvMdThermalInfo] ret=5, strLen=127, ERROR
I/thermal_repeater(  197): oh, queryMdThermalInfo (0)Success
I/thermal_repeater(  197): [recvMdThermalInfo] ret=5, strLen=127, ERROR
V/ActivityManager(  754): Broadcast sticky: Intent { act=android.intent.action.SIG_STR flg=0x20000010 (has extras) } ordered=false userid=-1 callerApp=ProcessRecord{424ffa30 754:system/1000}
I/thermal_repeater(  197): oh, queryMdThermalInfo (0)Success
I/thermal_repeater(  197): [recvMdThermalInfo] ret=5, strLen=127, ERROR
V/ActivityManager(  754): Broadcast sticky: Intent { act=android.intent.action.SIG_STR flg=0x20000010 (has extras) } ordered=false userid=-1 callerApp=ProcessRecord{424ffa30 754:system/1000}
I/thermal_repeater(  197): oh, queryMdThermalInfo (0)Success
I/thermal_repeater(  197): [recvMdThermalInfo] ret=5, strLen=127, ERROR
V/ActivityManager(  754): Broadcast sticky: Intent { act=android.intent.action.SIG_STR flg=0x20000010 (has extras) } ordered=false userid=-1 callerApp=ProcessRecord{424ffa30 754:system/1000}
V/AlarmManagerService(  754): Checking for alarms... rtc=1503991979999, elapsed=710065455
I/AlarmManagerService(  754): mAlarmBatches.size() = 17
I/AlarmManagerService(  754): triggerAlarmsLocked: head of list: 710065455 nowELAPSED: 710065455
I/AlarmManagerService(  754): batch.size() = 1
I/AlarmManagerService(  754): triggerAlarmsLocked: head of list: 710127808 nowELAPSED: 710065455
W/AlarmManagerService(  754): triggerAlarmsLocked: head of list: 710127808 nowELAPSED: 710065455 => not fire alarm in the future
I/AlarmManagerService(  754): sending alarm Alarm{43a98e10 type 3 android}
V/ActivityManager(  754): Broadcast: Intent { act=android.intent.action.TIME_TICK flg=0x50000014 (has extras) } ordered=true userid=-1 callerApp=null
D/PowerManagerService(  754): acquireWakeLockInternal: lock=1116691856, flags=0x1, tag="AlarmManagerService", ws=WorkSource{1000}, uid=1000, pid=754
D/PowerManagerNotifier(  754): onWakeLockAcquired: flags=1, tag="AlarmManagerService", packageName=android, ownerUid=1000, ownerPid=754, workSource=WorkSource{1000}
D/PowerManagerService(  754): updateWakeLockSummaryLocked: mWakefulness=Awake, mWakeLockSummary=0x1
D/PowerManagerService(  754): newScreenState = 2
D/PowerManagerDisplayController(  754): requestPowerState: screenState=2, useProximitySensor=false, forceProximitySensorEnable=false, forceWakeUpEnable=false, screenBrightness=45, screenAutoBrightnessAdjustment=0.0, useAutoBrightness=false, useEcoBrightness=false, blockScreenOn=false, waitForNegativeProximity=false
I/PowerManagerService(  754): setBrightness mButtonLight 0.
D/PowerManagerService(  754): updateScreenStateLocked: mDisplayReady=true, newScreenState=2, mWakefulness=1, mWakeLockSummary=0x1, mUserActivitySummary=0x1, mBootCompleted=true
D/PowerManagerService(  754): handleSandman: canDream=false, mWakefulness=Awake
D/ActivityThread(  754): BDC-Calling onReceive: intent=Intent { act=android.intent.action.TIME_TICK flg=0x50000014 (has extras) }, ordered=true, receiver=com.android.server.AlarmManagerService$ClockReceiver@428e19e8, IIntentReceiver=428f9900
V/AlarmManagerService(  754): Received TIME_TICK alarm; rescheduling
I/AlarmManagerService(  754): jincai- android set alarm
V/AlarmManagerService(  754): set(PendingIntent{4285a0a0: PendingIntentRecord{4278e338 android broadcastIntent}}) : type=3 triggerAtTime=710125455 win=0 tElapsed=710125455 maxElapsed=710125455 interval=0 standalone=true
D/ActivityThread(  754): BDC-Calling finishReceiver: IIntentReceiver=428f9900
D/ActivityThread(  838): BDC-Calling onReceive: intent=Intent { act=android.intent.action.TIME_TICK flg=0x50000014 (has extras) }, ordered=true, receiver=com.lenovo.adapter.LenovoAdapterMtk$1@42585b70, IIntentReceiver=425a8858
D/ActivityThread(  838): BDC-Calling finishReceiver: IIntentReceiver=425a8858
D/ActivityThread(  838): BDC-Calling onReceive: intent=Intent { act=android.intent.action.TIME_TICK flg=0x50000014 (has extras) }, ordered=true, receiver=com.lenovo.keyguard.app.model.PackageRecordModel$1@427856e8, IIntentReceiver=42785af8
D/ActivityThread(  838): BDC-Calling finishReceiver: IIntentReceiver=42785af8
D/ActivityThread(  894): BDC-Calling onReceive: intent=Intent { act=android.intent.action.TIME_TICK flg=0x50000014 (has extras) }, ordered=true, receiver=com.android.systemui.statusbar.policy.Clock$1@4255f5f8, IIntentReceiver=42861b60
V/SettingsProvider(  754):    access setting for user 0
V/SettingsProvider(  754): call(system:time_12_24) for 0
V/SettingsProvider(  754):    access setting for user 0
V/SettingsProvider(  754): call(system:time_12_24) for 0
D/ActivityThread(  894): BDC-Calling finishReceiver: IIntentReceiver=42861b60
D/ActivityThread( 1194): BDC-Calling onReceive: intent=Intent { act=android.intent.action.TIME_TICK flg=0x50000014 (has extras) }, ordered=true, receiver=com.lenovo.weatherserver.TimeTickService$1@424ee1f8, IIntentReceiver=424eefd8
V/ActivityManager(  754): Broadcast: Intent { act=com.lenovo.weather.action.TIME_TICK flg=0x30 } ordered=false userid=0 callerApp=ProcessRecord{42bff250 1194:com.lenovo.weatherserver/u0a69}
D/ActivityThread( 1194): BDC-Calling finishReceiver: IIntentReceiver=424eefd8
D/ActivityThread(  894): BDC-Calling onReceive: intent=Intent { act=android.intent.action.TIME_TICK flg=0x50000014 (has extras) }, ordered=true, receiver=com.android.systemui.statusbar.policy.Clock$1@426604c8, IIntentReceiver=42867be8
V/SettingsProvider(  754):    access setting for user 0
V/SettingsProvider(  754): call(system:time_12_24) for 0
V/SettingsProvider(  754):    access setting for user 0
V/SettingsProvider(  754): call(system:time_12_24) for 0
D/ActivityThread(  894): BDC-Calling finishReceiver: IIntentReceiver=42867be8
D/ActivityThread( 2285): BDC-Calling onReceive: intent=Intent { act=com.lenovo.weather.action.TIME_TICK flg=0x30 cmp=com.lenovo.lewea/com.lenovo.weather.receiver.CommonReceiver }, ordered=true, receiver=com.lenovo.weather.receiver.CommonReceiver@42609800
D/ActivityThread( 2285): BDC-RECEIVER handled : 0 / ReceiverData{intent=Intent { act=com.lenovo.weather.action.TIME_TICK flg=0x30 cmp=com.lenovo.lewea/com.lenovo.weather.receiver.CommonReceiver } packageName=com.lenovo.lewea resultCode=-1 resultData=null resultExtras=null}
D/ActivityThread( 2285): BDC-Calling onReceive: intent=Intent { act=com.lenovo.weather.action.TIME_TICK flg=0x30 cmp=com.lenovo.lewea/.widget.WeatherWidget }, ordered=true, receiver=com.lenovo.lewea.widget.WeatherWidget@4260b9c0
D/ActivityThread( 2285): BDC-RECEIVER handled : 0 / ReceiverData{intent=Intent { act=com.lenovo.weather.action.TIME_TICK flg=0x30 cmp=com.lenovo.lewea/.widget.WeatherWidget } packageName=com.lenovo.lewea resultCode=0 resultData=null resultExtras=null}
D/ActivityThread( 2285): SVC-Creating service: CreateServiceData{token=android.os.BinderProxy@428178e8 className=com.lenovo.weather.service.UpdateAppWidgetService packageName=com.lenovo.lewea intent=null}
D/ActivityThread(  894): BDC-Calling onReceive: intent=Intent { act=android.intent.action.TIME_TICK flg=0x50000014 (has extras) }, ordered=true, receiver=com.android.systemui.statusbar.policy.Clock$1@426659b8, IIntentReceiver=42876b18
V/SettingsProvider(  754):    access setting for user 0
V/SettingsProvider(  754): call(system:time_12_24) for 0
V/SettingsProvider(  754):    access setting for user 0
V/SettingsProvider(  754): call(system:time_12_24) for 0
D/ActivityThread(  894): BDC-Calling finishReceiver: IIntentReceiver=42876b18
D/ActivityThread(  894): BDC-Calling onReceive: intent=Intent { act=android.intent.action.TIME_TICK flg=0x50000014 (has extras) }, ordered=true, receiver=android.widget.DateTimeView$1@42a93210, IIntentReceiver=42694fb8
D/ActivityThread(  894): BDC-Calling finishReceiver: IIntentReceiver=42694fb8
D/ActivityThread(  894): BDC-Calling onReceive: intent=Intent { act=android.intent.action.TIME_TICK flg=0x50000014 (has extras) }, ordered=true, receiver=android.widget.DateTimeView$1@426466d8, IIntentReceiver=4282ce58
D/ActivityThread(  894): BDC-Calling finishReceiver: IIntentReceiver=4282ce58
D/ActivityThread(  894): BDC-Calling onReceive: intent=Intent { act=android.intent.action.TIME_TICK flg=0x50000014 (has extras) }, ordered=true, receiver=android.widget.DateTimeView$1@424fd948, IIntentReceiver=4253f348
D/ActivityThread(  894): BDC-Calling finishReceiver: IIntentReceiver=4253f348
D/PowerManagerService(  754): releaseWakeLockInternal: lock=1116691856 [AlarmManagerService], flags=0x0, total_time=72ms
D/PowerManagerNotifier(  754): onWakeLockReleased: flags=1, tag="AlarmManagerService", packageName=android, ownerUid=1000, ownerPid=754, workSource=WorkSource{1000}
D/PowerManagerService(  754): updateWakeLockSummaryLocked: mWakefulness=Awake, mWakeLockSummary=0x1
D/PowerManagerService(  754): newScreenState = 2
D/PowerManagerDisplayController(  754): requestPowerState: screenState=2, useProximitySensor=false, forceProximitySensorEnable=false, forceWakeUpEnable=false, screenBrightness=45, screenAutoBrightnessAdjustment=0.0, useAutoBrightness=false, useEcoBrightness=false, blockScreenOn=false, waitForNegativeProximity=false
I/PowerManagerService(  754): setBrightness mButtonLight 0.
D/PowerManagerService(  754): updateScreenStateLocked: mDisplayReady=true, newScreenState=2, mWakefulness=1, mWakeLockSummary=0x1, mUserActivitySummary=0x1, mBootCompleted=true
D/PowerManagerService(  754): handleSandman: canDream=false, mWakefulness=Awake
D/ActivityThread( 2285): SVC-CREATE_SERVICE handled : 0 / CreateServiceData{token=android.os.BinderProxy@428178e8 className=com.lenovo.weather.service.UpdateAppWidgetService packageName=com.lenovo.lewea intent=null}
D/ActivityThread( 2285): SVC-SERVICE_ARGS handled : 0 / ServiceArgsData{token=android.os.BinderProxy@428178e8 startId=1 args=Intent { cmp=com.lenovo.lewea/com.lenovo.weather.service.UpdateAppWidgetService }}
D/ActivityThread( 2285): SVC-Destroying service: com.lenovo.weather.service.UpdateAppWidgetService@42818c10
D/ActivityThread( 2285): SVC-STOP_SERVICE handled : 0 / android.os.BinderProxy@428178e8
I/thermal_repeater(  197): oh, queryMdThermalInfo (0)Success
I/thermal_repeater(  197): [recvMdThermalInfo] ret=5, strLen=127, ERROR
V/ActivityManager(  754): Broadcast sticky: Intent { act=android.intent.action.SIG_STR flg=0x20000010 (has extras) } ordered=false userid=-1 callerApp=ProcessRecord{424ffa30 754:system/1000}
I/ANRManager(  754): updateProcessStats
I/thermal_repeater(  197): oh, queryMdThermalInfo (0)Success
I/thermal_repeater(  197): [recvMdThermalInfo] ret=5, strLen=127, ERROR
V/ActivityManager(  754): Broadcast sticky: Intent { act=android.intent.action.SIG_STR flg=0x20000010 (has extras) } ordered=false userid=-1 callerApp=ProcessRecord{424ffa30 754:system/1000}
I/thermal_repeater(  197): oh, queryMdThermalInfo (0)Success
I/thermal_repeater(  197): [recvMdThermalInfo] ret=5, strLen=127, ERROR
V/ActivityManager(  754): Broadcast sticky: Intent { act=android.intent.action.SIG_STR flg=0x20000010 (has extras) } ordered=false userid=-1 callerApp=ProcessRecord{424ffa30 754:system/1000}
I/ANRManager(  754): updateProcessStats
I/ANRManager(  754): CPU update time < 2.5sec
I/thermal_repeater(  197): oh, queryMdThermalInfo (0)Success
I/thermal_repeater(  197): [recvMdThermalInfo] ret=5, strLen=127, ERROR
V/ActivityManager(  754): Broadcast sticky: Intent { act=android.intent.action.SIG_STR flg=0x20000010 (has extras) } ordered=false userid=-1 callerApp=ProcessRecord{424ffa30 754:system/1000}
I/thermal_repeater(  197): oh, queryMdThermalInfo (0)Success
I/thermal_repeater(  197): [recvMdThermalInfo] ret=5, strLen=127, ERROR
V/ActivityManager(  754): Broadcast sticky: Intent { act=android.intent.action.SIG_STR flg=0x20000010 (has extras) } ordered=false userid=-1 callerApp=ProcessRecord{424ffa30 754:system/1000}
I/thermal_repeater(  197): oh, queryMdThermalInfo (0)Success
I/thermal_repeater(  197): [recvMdThermalInfo] ret=5, strLen=127, ERROR
V/ActivityManager(  754): Broadcast sticky: Intent { act=android.intent.action.SIG_STR flg=0x20000010 (has extras) } ordered=false userid=-1 callerApp=ProcessRecord{424ffa30 754:system/1000}
I/ANRManager(  754): updateProcessStats
I/thermal_repeater(  197): oh, queryMdThermalInfo (0)Success
I/thermal_repeater(  197): [recvMdThermalInfo] ret=5, strLen=127, ERROR
V/ActivityManager(  754): Broadcast sticky: Intent { act=android.intent.action.SIG_STR flg=0x20000010 (has extras) } ordered=false userid=-1 callerApp=ProcessRecord{424ffa30 754:system/1000}
I/thermal_repeater(  197): oh, queryMdThermalInfo (0)Success
I/thermal_repeater(  197): [recvMdThermalInfo] ret=5, strLen=127, ERROR
V/ActivityManager(  754): Broadcast sticky: Intent { act=android.intent.action.SIG_STR flg=0x20000010 (has extras) } ordered=false userid=-1 callerApp=ProcessRecord{424ffa30 754:system/1000}
I/thermal_repeater(  197): oh, queryMdThermalInfo (0)Success
I/thermal_repeater(  197): [recvMdThermalInfo] ret=5, strLen=127, ERROR
V/ActivityManager(  754): Broadcast sticky: Intent { act=android.intent.action.SIG_STR flg=0x20000010 (has extras) } ordered=false userid=-1 callerApp=ProcessRecord{424ffa30 754:system/1000}
--------- beginning of /dev/log/main
D/wpa_supplicant(12216): wlan0: Control interface command 'SIGNAL_POLL'
D/wpa_supplicant(12216): nl80211: survey data missing!
D/WifiHW  (  754): leave --> reply=RSSI=-29
D/WifiHW  (  754): LINKSPEED=135
D/WifiHW  (  754): NOISE=9999
D/WifiHW  (  754): FREQUENCY=2462
D/WifiHW  (  754): 
D/wifi    (  754): doStringCommand, buf IFNAME=wlan0 SIGNAL_POLL
I/WifiStateMachine(  754): fetchRssiAndLinkSpeedNative, newRssi:-29, newLinkSpeed:135, SSID:"MPR-test"
D/WifiStateMachine(  754): mLastSignalLevel:4, newSignalLevel:4
I/System.out( 1447): [CDS]EAGAIN in Recvfrom
I/System.out( 1447): [CDS]read byte is 0
D/ScreenOnInterceptProxy( 1404): Connection refused
D/ScreenOnInterceptProxy( 1404): guestModeClient safecenter.system16, on_off: 1, uid size: 3|false
D/ScreenOnInterceptProxy( 1404):  uid = 1001
D/ScreenOnInterceptProxy( 1404):  uid = 10048
D/ScreenOnInterceptProxy( 1404):  uid = 10055
D/ScreenOnInterceptProxy( 1404): Connection refused
D/ScreenOnInterceptProxy( 1404): guestModeClient safecenter.system16, on_off: 1, uid size: 3|false
D/ScreenOnInterceptProxy( 1404):  uid = 1001
D/ScreenOnInterceptProxy( 1404):  uid = 10048
D/ScreenOnInterceptProxy( 1404):  uid = 10055
V/Provider/Settings(  894): get setting for user 0 by user 0 so skipping cache
V/Provider/Settings(  894):  from settings cache , name = full_screen_expand_statusbar , value = 1
V/Provider/Settings(  894): get setting for user 0 by user 0 so skipping cache
V/Provider/Settings(  894):  from settings cache , name = full_screen_expand_statusbar , value = 1
V/Provider/Settings(  894): get setting for user 0 by user 0 so skipping cache
V/Provider/Settings(  894):  from settings cache , name = full_screen_expand_statusbar , value = 1
V/Provider/Settings(  894): get setting for user 0 by user 0 so skipping cache
V/Provider/Settings(  894):  from settings cache , name = full_screen_expand_statusbar , value = 1
D/AwContents(18273): setPageScaleFactor 1.0
W/AwContents(18273): onDraw
W/AwContents(18273): onDraw mClearViewActive = false
D/OpenGLRenderer(18273): prepareDirty (0.00, 0.00, 720.00, 1280.00) opaque 1 <0x6d037d90>
D/OpenGLRenderer(18273): finish <0x6d037d90>
I/BufferQueue(  164): [com.mpr.mprepubreader/com.mpr.mprepubreader.activity.MainActivity](this:0xb8ce5990,id:855,api:1,p:18273,c:164) [queue] fps:13.44, dur:2529.76, max:1996.09, min:10.04
I/BufferQueue(  164): [com.mpr.mprepubreader/com.mpr.mprepubreader.activity.MainActivity](this:0xb8ce5990,id:855,api:1,p:18273,c:164) [release] fps:13.43, dur:2530.82, max:1995.79, min:15.39
I/SurfaceFlinger(  164): [Built-in Screen (type:0)] fps:13.434383,dur:2530.82,max:1995.85,min:15.39
D/OpenGLRenderer(18273): prepareDirty (0.00, 0.00, 720.00, 1280.00) opaque 1 <0x6d037d90>
D/OpenGLRenderer(18273): finish <0x6d037d90>
D/AwContents(18273): setPageScaleFactor 1.0
D/OpenGLRenderer(18273): prepareDirty (0.00, 0.00, 720.00, 1280.00) opaque 1 <0x6d037d90>
D/OpenGLRenderer(18273): finish <0x6d037d90>
D/OpenGLRenderer(18273): prepareDirty (0.00, 0.00, 720.00, 1280.00) opaque 1 <0x6d037d90>
D/OpenGLRenderer(18273): finish <0x6d037d90>
D/OpenGLRenderer(18273): prepareDirty (0.00, 0.00, 720.00, 1280.00) opaque 1 <0x6d037d90>
D/OpenGLRenderer(18273): finish <0x6d037d90>
D/OpenGLRenderer(18273): prepareDirty (0.00, 0.00, 720.00, 1280.00) opaque 1 <0x6d037d90>
D/OpenGLRenderer(18273): finish <0x6d037d90>
D/OpenGLRenderer(18273): prepareDirty (0.00, 0.00, 720.00, 1280.00) opaque 1 <0x6d037d90>
D/OpenGLRenderer(18273): finish <0x6d037d90>
D/OpenGLRenderer(18273): prepareDirty (0.00, 0.00, 720.00, 1280.00) opaque 1 <0x6d037d90>
D/OpenGLRenderer(18273): finish <0x6d037d90>
D/OpenGLRenderer(18273): prepareDirty (0.00, 0.00, 720.00, 1280.00) opaque 1 <0x6d037d90>
D/OpenGLRenderer(18273): finish <0x6d037d90>
D/OpenGLRenderer(18273): prepareDirty (0.00, 0.00, 720.00, 1280.00) opaque 1 <0x6d037d90>
D/OpenGLRenderer(18273): finish <0x6d037d90>
D/OpenGLRenderer(18273): prepareDirty (0.00, 0.00, 720.00, 1280.00) opaque 1 <0x6d037d90>
D/OpenGLRenderer(18273): finish <0x6d037d90>
D/OpenGLRenderer(18273): prepareDirty (0.00, 0.00, 720.00, 1280.00) opaque 1 <0x6d037d90>
D/OpenGLRenderer(18273): finish <0x6d037d90>
D/OpenGLRenderer(18273): prepareDirty (0.00, 0.00, 720.00, 1280.00) opaque 1 <0x6d037d90>
D/OpenGLRenderer(18273): finish <0x6d037d90>
D/OpenGLRenderer(18273): prepareDirty (0.00, 0.00, 720.00, 1280.00) opaque 1 <0x6d037d90>
D/OpenGLRenderer(18273): finish <0x6d037d90>
D/OpenGLRenderer(18273): prepareDirty (0.00, 0.00, 720.00, 1280.00) opaque 1 <0x6d037d90>
D/OpenGLRenderer(18273): finish <0x6d037d90>
D/OpenGLRenderer(18273): prepareDirty (0.00, 0.00, 720.00, 1280.00) opaque 1 <0x6d037d90>
D/OpenGLRenderer(18273): finish <0x6d037d90>
D/OpenGLRenderer(18273): prepareDirty (0.00, 0.00, 720.00, 1280.00) opaque 1 <0x6d037d90>
D/OpenGLRenderer(18273): finish <0x6d037d90>
D/OpenGLRenderer(18273): prepareDirty (0.00, 0.00, 720.00, 1280.00) opaque 1 <0x6d037d90>
D/OpenGLRenderer(18273): finish <0x6d037d90>
D/OpenGLRenderer(18273): prepareDirty (0.00, 0.00, 720.00, 1280.00) opaque 1 <0x6d037d90>
D/OpenGLRenderer(18273): finish <0x6d037d90>
D/OpenGLRenderer(18273): prepareDirty (0.00, 0.00, 720.00, 1280.00) opaque 1 <0x6d037d90>
D/OpenGLRenderer(18273): finish <0x6d037d90>
I/System.out( 1447): [CDS]EAGAIN in Recvfrom
I/System.out( 1447): [CDS]read byte is 0
D/OpenGLRenderer(18273): prepareDirty (0.00, 0.00, 720.00, 1280.00) opaque 1 <0x6d037d90>
D/OpenGLRenderer(18273): finish <0x6d037d90>
D/OpenGLRenderer(18273): prepareDirty (0.00, 0.00, 720.00, 1280.00) opaque 1 <0x6d037d90>
D/OpenGLRenderer(18273): finish <0x6d037d90>
I/thermal_repeater(  197): oh, queryMdThermalInfo (0)Success
I/thermal_repeater(  197): [recvMdThermalInfo] ret=5, strLen=127, ERROR
D/OpenGLRenderer(18273): prepareDirty (0.00, 0.00, 720.00, 1280.00) opaque 1 <0x6d037d90>
D/OpenGLRenderer(18273): finish <0x6d037d90>
D/OpenGLRenderer(18273): prepareDirty (0.00, 0.00, 720.00, 1280.00) opaque 1 <0x6d037d90>
D/OpenGLRenderer(18273): finish <0x6d037d90>
D/OpenGLRenderer(18273): prepareDirty (0.00, 0.00, 720.00, 1280.00) opaque 1 <0x6d037d90>
D/OpenGLRenderer(18273): finish <0x6d037d90>
D/OpenGLRenderer(18273): prepareDirty (0.00, 0.00, 720.00, 1280.00) opaque 1 <0x6d037d90>
D/OpenGLRenderer(18273): finish <0x6d037d90>
D/OpenGLRenderer(18273): prepareDirty (0.00, 0.00, 720.00, 1280.00) opaque 1 <0x6d037d90>
D/OpenGLRenderer(18273): finish <0x6d037d90>
D/OpenGLRenderer(18273): prepareDirty (0.00, 0.00, 720.00, 1280.00) opaque 1 <0x6d037d90>
D/OpenGLRenderer(18273): finish <0x6d037d90>
D/OpenGLRenderer(18273): prepareDirty (0.00, 0.00, 720.00, 1280.00) opaque 1 <0x6d037d90>
D/OpenGLRenderer(18273): finish <0x6d037d90>
D/OpenGLRenderer(18273): prepareDirty (0.00, 0.00, 720.00, 1280.00) opaque 1 <0x6d037d90>
D/OpenGLRenderer(18273): finish <0x6d037d90>
V/Provider/Settings(  894): get setting for user 0 by user 0 so skipping cache
V/Provider/Settings(  894):  from settings cache , name = full_screen_expand_statusbar , value = 1
V/Provider/Settings(  894): get setting for user 0 by user 0 so skipping cache
V/Provider/Settings(  894):  from settings cache , name = full_screen_expand_statusbar , value = 1
D/CameraStorage(13706): External storage state=mounted, mount point = /storage/sdcard0
D/OpenGLRenderer(18273): prepareDirty (0.00, 0.00, 720.00, 1280.00) opaque 1 <0x6d037d90>
D/OpenGLRenderer(18273): finish <0x6d037d90>
D/OpenGLRenderer(18273): prepareDirty (0.00, 0.00, 720.00, 1280.00) opaque 1 <0x6d037d90>
D/OpenGLRenderer(18273): finish <0x6d037d90>
