D/OpenGLRenderer(18273): drawRect multiDraw LinearLayout @42e1f758 paint 0x6ca0d0c0 id 5 style 0 AA 0 color 0xffefeff4
D/OpenGLRenderer(18273): drawRect multiDraw View @42bff370 paint 0x6cdfe1c8 id 5 style 0 AA 0 color 0xffdee0e2
D/OpenGLRenderer(18273): finish <0x6d084668>
D/OpenGLRenderer(18273): prepareDirty (0.00, 0.00, 720.00, 1280.00) opaque 1 <0x6d084668>
D/OpenGLRenderer(18273): drawRect multiDraw LinearLayout @42e1f758 paint 0x6ca0d0c0 id 5 style 0 AA 0 color 0xffefeff4
D/OpenGLRenderer(18273): drawRect multiDraw View @42bff370 paint 0x6cdfe1c8 id 5 style 0 AA 0 color 0xffdee0e2
D/OpenGLRenderer(18273): finish <0x6d084668>
D/OpenGLRenderer(18273): prepareDirty (0.00, 0.00, 720.00, 1280.00) opaque 1 <0x6d084668>
D/OpenGLRenderer(18273): drawRect multiDraw LinearLayout @42e1f758 paint 0x6ca0d0c0 id 5 style 0 AA 0 color 0xffefeff4
D/OpenGLRenderer(18273): drawRect multiDraw View @42bff370 paint 0x6cdfe1c8 id 5 style 0 AA 0 color 0xffdee0e2
D/OpenGLRenderer(18273): finish <0x6d084668>
I/System.out( 1447): [CDS]EAGAIN in Recvfrom
I/System.out( 1447): [CDS]read byte is 0
D/OpenGLRenderer(18273): prepareDirty (0.00, 0.00, 720.00, 1280.00) opaque 1 <0x6d084668>
D/OpenGLRenderer(18273): drawRect multiDraw LinearLayout @42e1f758 paint 0x6ca0d0c0 id 5 style 0 AA 0 color 0xffefeff4
D/OpenGLRenderer(18273): drawRect multiDraw View @42bff370 paint 0x6cdfe1c8 id 5 style 0 AA 0 color 0xffdee0e2
D/OpenGLRenderer(18273): finish <0x6d084668>
D/OpenGLRenderer(18273): prepareDirty (0.00, 0.00, 720.00, 1280.00) opaque 1 <0x6d084668>
D/OpenGLRenderer(18273): drawRect multiDraw LinearLayout @42e1f758 paint 0x6ca0d0c0 id 5 style 0 AA 0 color 0xffefeff4
D/OpenGLRenderer(18273): drawRect multiDraw View @42bff370 paint 0x6cdfe1c8 id 5 style 0 AA 0 color 0xffdee0e2
D/OpenGLRenderer(18273): finish <0x6d084668>
D/OpenGLRenderer(18273): prepareDirty (0.00, 0.00, 720.00, 1280.00) opaque 1 <0x6d084668>
D/OpenGLRenderer(18273): drawRect multiDraw LinearLayout @42e1f758 paint 0x6ca0d0c0 id 5 style 0 AA 0 color 0xffefeff4
D/OpenGLRenderer(18273): drawRect multiDraw View @42bff370 paint 0x6cdfe1c8 id 5 style 0 AA 0 color 0xffdee0e2
D/OpenGLRenderer(18273): finish <0x6d084668>
D/OpenGLRenderer(18273): prepareDirty (0.00, 0.00, 720.00, 1280.00) opaque 1 <0x6d084668>
D/OpenGLRenderer(18273): drawRect multiDraw LinearLayout @42e1f758 paint 0x6ca0d0c0 id 5 style 0 AA 0 color 0xffefeff4
D/OpenGLRenderer(18273): drawRect multiDraw View @42bff370 paint 0x6cdfe1c8 id 5 style 0 AA 0 color 0xffdee0e2
D/OpenGLRenderer(18273): finish <0x6d084668>
I/thermal_repeater(  197): oh, queryMdThermalInfo (0)Success
D/OpenGLRenderer(18273): prepareDirty (0.00, 0.00, 720.00, 1280.00) opaque 1 <0x6d084668>
D/OpenGLRenderer(18273): drawRect multiDraw LinearLayout @42e1f758 paint 0x6ca0d0c0 id 5 style 0 AA 0 color 0xffefeff4
D/OpenGLRenderer(18273): drawRect multiDraw View @42bff370 paint 0x6cdfe1c8 id 5 style 0 AA 0 color 0xffdee0e2
D/OpenGLRenderer(18273): finish <0x6d084668>
I/thermal_repeater(  197): [recvMdThermalInfo] ret=5, strLen=127, ERROR
D/OpenGLRenderer(18273): prepareDirty (0.00, 0.00, 720.00, 1280.00) opaque 1 <0x6d084668>
D/OpenGLRenderer(18273): drawRect multiDraw LinearLayout @42e1f758 paint 0x6ca0d0c0 id 5 style 0 AA 0 color 0xffefeff4
D/OpenGLRenderer(18273): drawRect multiDraw View @42bff370 paint 0x6cdfe1c8 id 5 style 0 AA 0 color 0xffdee0e2
D/OpenGLRenderer(18273): finish <0x6d084668>
D/ComSignalClusterView(  894): setMobileDataIndicators: sim =0, flag =1000100000000, temp =1000100000000
D/ComSignalClusterView(  894): mNoSimSlotId =com.android.systemui:drawable/stat_sys_no_sim
D/ComSignalClusterView(  894): mMobileDataStrengthId =com.android.systemui:drawable/lenovo_stat_sys_signal_five_bar_0
D/ComSignalClusterView(  894): mMobileTypeId =com.android.systemui:drawable/stat_sys_signal_null
D/ComSignalClusterView(  894): mNetworkTypeId =(null)
D/ComSignalClusterView(  894): mMobileDataActivityId =(null)
D/ComSignalClusterView(  894): mobile data: sim =0, mMobileGroupVisible= true, showMult =false
D/ComSignalClusterView(  894):  sim : 0 mNoSimSlot, visible =true, iconId =2130838617
D/ComSignalClusterView(  894):  sim : 0 mMobileStrength, visible =false, iconId =2130837915
D/ComSignalClusterView(  894): ComSignalClusterView ~ sim : 0 mMobileType, visible =false, iconId =2130838651
D/ComSignalClusterView(  894): ComSignalClusterView ~ sim : 0 mNetworkType, visible =false, iconId =0
D/ComSignalClusterView(  894): ComSignalClusterView ~ sim : 0 mMobileActivity, visible =false, iconId =0
D/ComSignalClusterView(  894): ComSignalClusterView ~ mIsAirplaneMode : false
D/ComSignalClusterView(  894): mobile data: sim =0, mMobileGroupVisible= true, showMult =false
D/ComSignalClusterView(  894):  sim : 0 mNoSimSlot, visible =true, iconId =2130838617
D/ComSignalClusterView(  894):  sim : 0 mMobileStrength, visible =false, iconId =2130837915
D/ComSignalClusterView(  894): ComSignalClusterView ~ sim : 0 mMobileType, visible =false, iconId =2130838651
D/ComSignalClusterView(  894): ComSignalClusterView ~ sim : 0 mNetworkType, visible =false, iconId =0
D/ComSignalClusterView(  894): ComSignalClusterView ~ sim : 0 mMobileActivity, visible =false, iconId =0
D/ComSignalClusterView(  894): ComSignalClusterView ~ mIsAirplaneMode : false
D/WifiSignalClusterView(  894): WifiSignalClusterView ~ wifi : VISIBLE, sig = 2130838688, act = 0
D/OpenGLRenderer(  894): prepareDirty (0.00, 0.00, 720.00, 50.00) opaque 0 <0x64d91c58>
D/OpenGLRenderer(  894): clear (0.00, 50 - 50.00 = 0.00, 720.00 - 0.00 = 720.00, 50.00 - 0.00 = 50.00) opaque 0 <0x64d91c58>
D/OpenGLRenderer(  894): finish <0x64d91c58>
I/BufferQueue(  164): [StatusBar](this:0xb8ced988,id:6,api:1,p:894,c:164) [queue] fps:1.08, dur:1852.22, max:1004.89, min:847.33
V/Provider/Settings(  894): get setting for user 0 by user 0 so skipping cache
V/Provider/Settings(  894):  from settings cache , name = full_screen_expand_statusbar , value = 1
V/Provider/Settings(  894): get setting for user 0 by user 0 so skipping cache
V/Provider/Settings(  894):  from settings cache , name = full_screen_expand_statusbar , value = 1
I/BufferQueue(  164): [StatusBar](this:0xb8ced988,id:6,api:1,p:894,c:164) [release] fps:1.07, dur:1863.14, max:1005.92, min:857.21
I/SurfaceFlinger(  164): [Built-in Screen (type:0)] fps:25.845846,dur:1005.96,max:535.41,min:16.09
D/CameraStorage(13706): External storage state=mounted, mount point = /storage/sdcard0
V/AlarmManagerService(  754): Checking for alarms... rtc=1503992042352, elapsed=710127808
I/AlarmManagerService(  754): mAlarmBatches.size() = 17
I/AlarmManagerService(  754): triggerAlarmsLocked: head of list: 710127808 nowELAPSED: 710127808
I/AlarmManagerService(  754): batch.size() = 1
I/AlarmManagerService(  754): triggerAlarmsLocked: head of list: 710156164 nowELAPSED: 710127808
W/AlarmManagerService(  754): triggerAlarmsLocked: head of list: 710156164 nowELAPSED: 710127808 => not fire alarm in the future
I/AlarmManagerService(  754): sending alarm Alarm{42d60f78 type 2 android}
V/ActivityManager(  754): Broadcast: Intent { act=android.content.syncmanager.SYNC_ALARM flg=0x14 (has extras) } ordered=true userid=0 callerApp=null
D/PowerManagerService(  754): acquireWakeLockInternal: lock=1116691856, flags=0x1, tag="AlarmManagerService", ws=WorkSource{1000}, uid=1000, pid=754
D/PowerManagerNotifier(  754): onWakeLockAcquired: flags=1, tag="AlarmManagerService", packageName=android, ownerUid=1000, ownerPid=754, workSource=WorkSource{1000}
D/PowerManagerService(  754): updateWakeLockSummaryLocked: mWakefulness=Awake, mWakeLockSummary=0x1
D/PowerManagerService(  754): newScreenState = 2
D/PowerManagerDisplayController(  754): requestPowerState: screenState=2, useProximitySensor=false, forceProximitySensorEnable=false, forceWakeUpEnable=false, screenBrightness=45, screenAutoBrightnessAdjustment=0.0, useAutoBrightness=false, useEcoBrightness=false, blockScreenOn=false, waitForNegativeProximity=false
I/PowerManagerService(  754): setBrightness mButtonLight 0.
D/PowerManagerService(  754): updateScreenStateLocked: mDisplayReady=true, newScreenState=2, mWakefulness=1, mWakeLockSummary=0x1, mUserActivitySummary=0x1, mBootCompleted=true
I/AlarmManagerService(  754): updateStatsLocked() in
I/AlarmManagerService(  754): mAlarmStats.size():8
I/AlarmManagerService(  754): jincai-updateStatsLocked() out
I/AlarmManagerService(  754): android Wakeup System : 104 times
D/PowerManagerService(  754): handleSandman: canDream=false, mWakefulness=Awake
D/ActivityThread(  754): BDC-Calling onReceive: intent=Intent { act=android.content.syncmanager.SYNC_ALARM flg=0x14 (has extras) }, ordered=true, receiver=com.android.server.content.SyncManager$SyncAlarmIntentReceiver@429ca978, IIntentReceiver=425d3928
D/PowerManagerService(  754): acquireWakeLockInternal: lock=1113932680, flags=0x1, tag="SyncManagerHandleSyncAlarm", ws=null, uid=1000, pid=754
D/PowerManagerNotifier(  754): onWakeLockAcquired: flags=1, tag="SyncManagerHandleSyncAlarm", packageName=android, ownerUid=1000, ownerPid=754, workSource=null
D/PowerManagerService(  754): updateWakeLockSummaryLocked: mWakefulness=Awake, mWakeLockSummary=0x1
D/PowerManagerService(  754): newScreenState = 2
D/PowerManagerDisplayController(  754): requestPowerState: screenState=2, useProximitySensor=false, forceProximitySensorEnable=false, forceWakeUpEnable=false, screenBrightness=45, screenAutoBrightnessAdjustment=0.0, useAutoBrightness=false, useEcoBrightness=false, blockScreenOn=false, waitForNegativeProximity=false
I/PowerManagerService(  754): setBrightness mButtonLight 0.
D/PowerManagerService(  754): updateScreenStateLocked: mDisplayReady=true, newScreenState=2, mWakefulness=1, mWakeLockSummary=0x1, mUserActivitySummary=0x1, mBootCompleted=true
D/PowerManagerService(  754): handleSandman: canDream=false, mWakefulness=Awake
D/ActivityThread(  754): BDC-Calling finishReceiver: IIntentReceiver=425d3928
D/ConnectivityService(  754): getActiveNetworkInfo:NetworkInfo: type: WIFI[], state: CONNECTED/CONNECTED, reason: (unspecified), extra: "MPR-test", roaming: false, failover: false, isAvailable: true, isConnectedToProvisioningNetwork: false, simId: 0/1000
D/PowerManagerService(  754): acquireWakeLockInternal: lock=1113932840, flags=0x1, tag="SyncLoopWakeLock", ws=null, uid=1000, pid=754
D/PowerManagerNotifier(  754): onWakeLockAcquired: flags=1, tag="SyncLoopWakeLock", packageName=android, ownerUid=1000, ownerPid=754, workSource=null
D/PowerManagerService(  754): updateWakeLockSummaryLocked: mWakefulness=Awake, mWakeLockSummary=0x1
D/PowerManagerService(  754): newScreenState = 2
D/PowerManagerDisplayController(  754): requestPowerState: screenState=2, useProximitySensor=false, forceProximitySensorEnable=false, forceWakeUpEnable=false, screenBrightness=45, screenAutoBrightnessAdjustment=0.0, useAutoBrightness=false, useEcoBrightness=false, blockScreenOn=false, waitForNegativeProximity=false
I/PowerManagerService(  754): setBrightness mButtonLight 0.
D/PowerManagerService(  754): updateScreenStateLocked: mDisplayReady=true, newScreenState=2, mWakefulness=1, mWakeLockSummary=0x1, mUserActivitySummary=0x1, mBootCompleted=true
D/PowerManagerService(  754): releaseWakeLockInternal: lock=1113932680 [SyncManagerHandleSyncAlarm], flags=0x0, total_time=1ms
D/PowerManagerNotifier(  754): onWakeLockReleased: flags=1, tag="SyncManagerHandleSyncAlarm", packageName=android, ownerUid=1000, ownerPid=754, workSource=null
D/PowerManagerService(  754): updateWakeLockSummaryLocked: mWakefulness=Awake, mWakeLockSummary=0x1
D/PowerManagerService(  754): newScreenState = 2
D/PowerManagerDisplayController(  754): requestPowerState: screenState=2, useProximitySensor=false, forceProximitySensorEnable=false, forceWakeUpEnable=false, screenBrightness=45, screenAutoBrightnessAdjustment=0.0, useAutoBrightness=false, useEcoBrightness=false, blockScreenOn=false, waitForNegativeProximity=false
I/PowerManagerService(  754): setBrightness mButtonLight 0.
D/PowerManagerService(  754): updateScreenStateLocked: mDisplayReady=true, newScreenState=2, mWakefulness=1, mWakeLockSummary=0x1, mUserActivitySummary=0x1, mBootCompleted=true
I/AlarmManagerService(  754): jincai- android set alarm
D/PowerManagerService(  754): handleSandman: canDream=false, mWakefulness=Awake
V/AlarmManager(  754): isAlarmNeedAlign : screen on, Skip
D/PowerManagerService(  754): releaseWakeLockInternal: lock=1116691856 [AlarmManagerService], flags=0x0, total_time=3ms
D/PowerManagerNotifier(  754): onWakeLockReleased: flags=1, tag="AlarmManagerService", packageName=android, ownerUid=1000, ownerPid=754, workSource=WorkSource{1000}
D/PowerManagerService(  754): updateWakeLockSummaryLocked: mWakefulness=Awake, mWakeLockSummary=0x1
D/PowerManagerService(  754): newScreenState = 2
D/AwContents(18273): setPageScaleFactor 1.0
D/PowerManagerDisplayController(  754): requestPowerState: screenState=2, useProximitySensor=false, forceProximitySensorEnable=false, forceWakeUpEnable=false, screenBrightness=45, screenAutoBrightnessAdjustment=0.0, useAutoBrightness=false, useEcoBrightness=false, blockScreenOn=false, waitForNegativeProximity=false
I/PowerManagerService(  754): setBrightness mButtonLight 0.
D/PowerManagerService(  754): updateScreenStateLocked: mDisplayReady=true, newScreenState=2, mWakefulness=1, mWakeLockSummary=0x1, mUserActivitySummary=0x1, mBootCompleted=true
D/PowerManagerService(  754): handleSandman: canDream=false, mWakefulness=Awake
V/AlarmManagerService(  754): set(PendingIntent{428fa690: PendingIntentRecord{426815d8 android broadcastIntent}}) : type=2 triggerAtTime=717327811 win=0 tElapsed=717327811 maxElapsed=717327811 interval=0 standalone=false
D/PowerManagerService(  754): releaseWakeLockInternal: lock=1113932840 [SyncLoopWakeLock], flags=0x0, total_time=2ms
D/PowerManagerNotifier(  754): onWakeLockReleased: flags=1, tag="SyncLoopWakeLock", packageName=android, ownerUid=1000, ownerPid=754, workSource=null
D/PowerManagerService(  754): updateWakeLockSummaryLocked: mWakefulness=Awake, mWakeLockSummary=0x1
D/PowerManagerService(  754): newScreenState = 2
D/PowerManagerDisplayController(  754): requestPowerState: screenState=2, useProximitySensor=false, forceProximitySensorEnable=false, forceWakeUpEnable=false, screenBrightness=45, screenAutoBrightnessAdjustment=0.0, useAutoBrightness=false, useEcoBrightness=false, blockScreenOn=false, waitForNegativeProximity=false
I/PowerManagerService(  754): setBrightness mButtonLight 0.
D/PowerManagerService(  754): updateScreenStateLocked: mDisplayReady=true, newScreenState=2, mWakefulness=1, mWakeLockSummary=0x1, mUserActivitySummary=0x1, mBootCompleted=true
D/PowerManagerService(  754): handleSandman: canDream=false, mWakefulness=Awake
V/Provider/Settings(  894): get setting for user 0 by user 0 so skipping cache
V/Provider/Settings(  894):  from settings cache , name = full_screen_expand_statusbar , value = 1
V/Provider/Settings(  894): get setting for user 0 by user 0 so skipping cache
V/Provider/Settings(  894):  from settings cache , name = full_screen_expand_statusbar , value = 1
I/System.out( 1447): [CDS]EAGAIN in Recvfrom
I/System.out( 1447): [CDS]read byte is 0
D/ScreenOnInterceptProxy( 1404): Connection refused
D/ScreenOnInterceptProxy( 1404): guestModeClient safecenter.system16, on_off: 1, uid size: 3|false
D/ScreenOnInterceptProxy( 1404):  uid = 1001
D/ScreenOnInterceptProxy( 1404):  uid = 10048
D/ScreenOnInterceptProxy( 1404):  uid = 10055
D/ScreenOnInterceptProxy( 1404): Connection refused
D/ScreenOnInterceptProxy( 1404): guestModeClient safecenter.system16, on_off: 1, uid size: 3|false
D/ScreenOnInterceptProxy( 1404):  uid = 1001
D/ScreenOnInterceptProxy( 1404):  uid = 10048
D/ScreenOnInterceptProxy( 1404):  uid = 10055
D/ScreenOnInterceptProxy( 1404): Connection refused
D/ScreenOnInterceptProxy( 1404): guestModeClient safecenter.system16, on_off: 1, uid size: 3|false
D/ScreenOnInterceptProxy( 1404):  uid = 1001
D/ScreenOnInterceptProxy( 1404):  uid = 10048
D/ScreenOnInterceptProxy( 1404):  uid = 10055
V/Provider/Settings(  894): get setting for user 0 by user 0 so skipping cache
V/Provider/Settings(  894):  from settings cache , name = full_screen_expand_statusbar , value = 1
V/Provider/Settings(  894): get setting for user 0 by user 0 so skipping cache
V/Provider/Settings(  894):  from settings cache , name = full_screen_expand_statusbar , value = 1
D/ScreenOnInterceptProxy( 1404): Connection refused
D/ScreenOnInterceptProxy( 1404): guestModeClient safecenter.system16, on_off: 1, uid size: 3|false
D/ScreenOnInterceptProxy( 1404):  uid = 1001
D/ScreenOnInterceptProxy( 1404):  uid = 10048
D/ScreenOnInterceptProxy( 1404):  uid = 10055
D/ScreenOnInterceptProxy( 1404): Connection refused
D/ScreenOnInterceptProxy( 1404): guestModeClient safecenter.system16, on_off: 1, uid size: 3|false
D/ScreenOnInterceptProxy( 1404):  uid = 1001
D/ScreenOnInterceptProxy( 1404):  uid = 10048
D/ScreenOnInterceptProxy( 1404):  uid = 10055
V/Provider/Settings(  894): get setting for user 0 by user 0 so skipping cache
V/Provider/Settings(  894):  from settings cache , name = full_screen_expand_statusbar , value = 1
V/Provider/Settings(  894): get setting for user 0 by user 0 so skipping cache
V/Provider/Settings(  894):  from settings cache , name = full_screen_expand_statusbar , value = 1
D/CameraStorage(13706): External storage state=mounted, mount point = /storage/sdcard0
D/WifiStateMachine(  754): ConnectedState{ when=-3ms what=131155 arg1=62 target=com.android.internal.util.StateMachine$SmHandler target=Handler (com.android.internal.util.StateMachine$SmHandler) {42a8ab88} }
D/WifiStateMachine(  754): L2ConnectedState{ when=-3ms what=131155 arg1=62 target=com.android.internal.util.StateMachine$SmHandler target=Handler (com.android.internal.util.StateMachine$SmHandler) {42a8ab88} }
D/WifiHW  (  754): enter -->wifi_send_command cmd=IFNAME=wlan0 SIGNAL_POLL
D/wpa_supplicant(12216): RX ctrl_iface - hexdump(len=11): 53 49 47 4e 41 4c 5f 50 4f 4c 4c
D/wpa_supplicant(12216): wlan0: Control interface command 'SIGNAL_POLL'
D/wpa_supplicant(12216): nl80211: survey data missing!
D/WifiHW  (  754): leave --> reply=RSSI=-28
D/WifiHW  (  754): LINKSPEED=135
D/WifiHW  (  754): NOISE=9999
D/WifiHW  (  754): FREQUENCY=2462
D/WifiHW  (  754): 
D/wifi    (  754): doStringCommand, buf IFNAME=wlan0 SIGNAL_POLL
I/WifiStateMachine(  754): fetchRssiAndLinkSpeedNative, newRssi:-28, newLinkSpeed:135, SSID:"MPR-test"
D/WifiStateMachine(  754): mLastSignalLevel:4, newSignalLevel:4
I/System.out( 1447): [CDS]EAGAIN in Recvfrom
I/System.out( 1447): [CDS]read byte is 0
V/Provider/Settings(  894): get setting for user 0 by user 0 so skipping cache
V/Provider/Settings(  894):  from settings cache , name = full_screen_expand_statusbar , value = 1
V/Provider/Settings(  894): get setting for user 0 by user 0 so skipping cache
V/Provider/Settings(  894):  from settings cache , name = full_screen_expand_statusbar , value = 1
V/ActivityManager(  754): Broadcast sticky: Intent { act=android.intent.action.SIG_STR flg=0x20000010 (has extras) } ordered=false userid=-1 callerApp=ProcessRecord{424ffa30 754:system/1000}
D/NetworkControllerMTK(  894): PhoneStateListener:onSignalStrengthsChanged, sim0 before.
D/NetworkControllerMTK(  894): PhoneStateListener:onSignalStrengthsChanged, signalStrength=5
D/SIMHelper(  894): isSimInserted(0), SimInserted=false
D/NetworkControllerMTK(  894): updateTelephonySignalStrength slotId : 0 isSimInserted : false , hasService : false , simIndicatorState : 3
D/NetworkControllerMTK(  894): updateTelephonySignalStrength(0), is null signal.
D/NetworkControllerMTK(  894): PhoneStateListener:onSignalStrengthsChanged, sim0 after.
D/dalvikvm(  894): GC_CONCURRENT freed 3710K (62853), 44% free 21447K/37720K (before 25155K/37720K), paused 4ms+6ms, total 55ms
V/Provider/Settings(  894): get setting for user 0 by user 0 so skipping cache
V/Provider/Settings(  894):  from settings cache , name = full_screen_expand_statusbar , value = 1
V/Provider/Settings(  894): get setting for user 0 by user 0 so skipping cache
V/Provider/Settings(  894):  from settings cache , name = full_screen_expand_statusbar , value = 1
I/System.out( 1447): [CDS]EAGAIN in Recvfrom
I/System.out( 1447): [CDS]read byte is 0
V/Provider/Settings(  894): get setting for user 0 by user 0 so skipping cache
V/Provider/Settings(  894):  from settings cache , name = full_screen_expand_statusbar , value = 1
V/Provider/Settings(  894): get setting for user 0 by user 0 so skipping cache
V/Provider/Settings(  894):  from settings cache , name = full_screen_expand_statusbar , value = 1
I/ANRManager(  754): updateProcessStats
D/CameraStorage(13706): External storage state=mounted, mount point = /storage/sdcard0
V/Provider/Settings(  894): get setting for user 0 by user 0 so skipping cache
V/Provider/Settings(  894):  from settings cache , name = full_screen_expand_statusbar , value = 1
V/Provider/Settings(  894): get setting for user 0 by user 0 so skipping cache
V/Provider/Settings(  894):  from settings cache , name = full_screen_expand_statusbar , value = 1
V/Provider/Settings(  754): get setting for user 0 by user 0 so skipping cache
V/Provider/Settings(  754):  from settings cache , name = sys_free_storage_log_interval , value = null
V/Provider/Settings(  754): get setting for user 0 by user 0 so skipping cache
V/Provider/Settings(  754):  from settings cache , name = disk_free_change_reporting_threshold , value = null
I/System.out( 1447): [CDS]EAGAIN in Recvfrom
I/System.out( 1447): [CDS]read byte is 0
D/ScreenOnInterceptProxy( 1404): Connection refused
D/ScreenOnInterceptProxy( 1404): guestModeClient safecenter.system16, on_off: 1, uid size: 3|false
D/ScreenOnInterceptProxy( 1404):  uid = 1001
D/ScreenOnInterceptProxy( 1404):  uid = 10048
D/ScreenOnInterceptProxy( 1404):  uid = 10055
D/ScreenOnInterceptProxy( 1404): Connection refused
D/ScreenOnInterceptProxy( 1404): guestModeClient safecenter.system16, on_off: 1, uid size: 3|false
D/ScreenOnInterceptProxy( 1404):  uid = 1001
D/ScreenOnInterceptProxy( 1404):  uid = 10048
D/ScreenOnInterceptProxy( 1404):  uid = 10055
V/Provider/Settings(  894): get setting for user 0 by user 0 so skipping cache
V/Provider/Settings(  894):  from settings cache , name = full_screen_expand_statusbar , value = 1
V/Provider/Settings(  894): get setting for user 0 by user 0 so skipping cache
V/Provider/Settings(  894):  from settings cache , name = full_screen_expand_statusbar , value = 1
V/Provider/Settings(  894): get setting for user 0 by user 0 so skipping cache
V/Provider/Settings(  894):  from settings cache , name = full_screen_expand_statusbar , value = 1
V/Provider/Settings(  894): get setting for user 0 by user 0 so skipping cache
V/Provider/Settings(  894):  from settings cache , name = full_screen_expand_statusbar , value = 1
D/CameraStorage(13706): External storage state=mounted, mount point = /storage/sdcard0
D/WifiStateMachine(  754): ConnectedState{ when=-3ms what=131155 arg1=62 target=com.android.internal.util.StateMachine$SmHandler target=Handler (com.android.internal.util.StateMachine$SmHandler) {42a8ab88} }
D/WifiStateMachine(  754): L2ConnectedState{ when=-3ms what=131155 arg1=62 target=com.android.internal.util.StateMachine$SmHandler target=Handler (com.android.internal.util.StateMachine$SmHandler) {42a8ab88} }
D/WifiHW  (  754): enter -->wifi_send_command cmd=IFNAME=wlan0 SIGNAL_POLL
D/wpa_supplicant(12216): RX ctrl_iface - hexdump(len=11): 53 49 47 4e 41 4c 5f 50 4f 4c 4c
D/wpa_supplicant(12216): wlan0: Control interface command 'SIGNAL_POLL'
D/wpa_supplicant(12216): nl80211: survey data missing!
D/WifiHW  (  754): leave --> reply=RSSI=-28
D/WifiHW  (  754): LINKSPEED=135
D/WifiHW  (  754): NOISE=9999
D/WifiHW  (  754): FREQUENCY=2462
D/WifiHW  (  754): 
D/wifi    (  754): doStringCommand, buf IFNAME=wlan0 SIGNAL_POLL
I/WifiStateMachine(  754): fetchRssiAndLinkSpeedNative, newRssi:-28, newLinkSpeed:135, SSID:"MPR-test"
D/WifiStateMachine(  754): mLastSignalLevel:4, newSignalLevel:4
I/System.out( 1447): [CDS]EAGAIN in Recvfrom
I/System.out( 1447): [CDS]read byte is 0
I/thermal_repeater(  197): oh, queryMdThermalInfo (0)Success
I/thermal_repeater(  197): [recvMdThermalInfo] ret=5, strLen=127, ERROR
V/Provider/Settings(  894): get setting for user 0 by user 0 so skipping cache
V/Provider/Settings(  894):  from settings cache , name = full_screen_expand_statusbar , value = 1
V/Provider/Settings(  894): get setting for user 0 by user 0 so skipping cache
V/Provider/Settings(  894):  from settings cache , name = full_screen_expand_statusbar , value = 1
D/ScreenOnInterceptProxy( 1404): Connection refused
D/ScreenOnInterceptProxy( 1404): guestModeClient safecenter.system16, on_off: 1, uid size: 3|false
D/ScreenOnInterceptProxy( 1404):  uid = 1001
D/ScreenOnInterceptProxy( 1404):  uid = 10048
D/ScreenOnInterceptProxy( 1404):  uid = 10055
V/Provider/Settings(  894): get setting for user 0 by user 0 so skipping cache
V/Provider/Settings(  894):  from settings cache , name = full_screen_expand_statusbar , value = 1
V/Provider/Settings(  894): get setting for user 0 by user 0 so skipping cache
V/Provider/Settings(  894):  from settings cache , name = full_screen_expand_statusbar , value = 1
I/System.out( 1447): [CDS]EAGAIN in Recvfrom
I/System.out( 1447): [CDS]read byte is 0
V/Provider/Settings(  894): get setting for user 0 by user 0 so skipping cache
V/Provider/Settings(  894):  from settings cache , name = full_screen_expand_statusbar , value = 1
V/Provider/Settings(  894): get setting for user 0 by user 0 so skipping cache
V/Provider/Settings(  894):  from settings cache , name = full_screen_expand_statusbar , value = 1
D/ScreenOnInterceptProxy( 1404): Connection refused
D/ScreenOnInterceptProxy( 1404): guestModeClient safecenter.system16, on_off: 1, uid size: 3|false
D/ScreenOnInterceptProxy( 1404):  uid = 1001
D/ScreenOnInterceptProxy( 1404):  uid = 10048
D/ScreenOnInterceptProxy( 1404):  uid = 10055
D/CameraStorage(13706): External storage state=mounted, mount point = /storage/sdcard0
V/Provider/Settings(  894): get setting for user 0 by user 0 so skipping cache
V/Provider/Settings(  894):  from settings cache , name = full_screen_expand_statusbar , value = 1
V/Provider/Settings(  894): get setting for user 0 by user 0 so skipping cache
V/Provider/Settings(  894):  from settings cache , name = full_screen_expand_statusbar , value = 1
D/ScreenOnInterceptProxy( 1404): Connection refused
D/ScreenOnInterceptProxy( 1404): guestModeClient safecenter.system16, on_off: 1, uid size: 3|false
D/ScreenOnInterceptProxy( 1404):  uid = 1001
D/ScreenOnInterceptProxy( 1404):  uid = 10048
D/ScreenOnInterceptProxy( 1404):  uid = 10055
D/ScreenOnInterceptProxy( 1404): Connection refused
D/ScreenOnInterceptProxy( 1404): guestModeClient safecenter.system16, on_off: 1, uid size: 3|false
D/ScreenOnInterceptProxy( 1404):  uid = 1001
D/ScreenOnInterceptProxy( 1404):  uid = 10048
D/ScreenOnInterceptProxy( 1404):  uid = 10055
D/ScreenOnInterceptProxy( 1404): Connection refused
D/ScreenOnInterceptProxy( 1404): guestModeClient safecenter.system16, on_off: 1, uid size: 3|false
D/ScreenOnInterceptProxy( 1404):  uid = 1001
D/ScreenOnInterceptProxy( 1404):  uid = 10048
D/ScreenOnInterceptProxy( 1404):  uid = 10055
I/System.out( 1447): [CDS]EAGAIN in Recvfrom
I/System.out( 1447): [CDS]read byte is 0
V/Provider/Settings(  894): get setting for user 0 by user 0 so skipping cache
V/Provider/Settings(  894):  from settings cache , name = full_screen_expand_statusbar , value = 1
V/Provider/Settings(  894): get setting for user 0 by user 0 so skipping cache
V/Provider/Settings(  894):  from settings cache , name = full_screen_expand_statusbar , value = 1
D/ScreenOnInterceptProxy( 1404): Connection refused
D/ScreenOnInterceptProxy( 1404): guestModeClient safecenter.system16, on_off: 1, uid size: 3|false
D/ScreenOnInterceptProxy( 1404):  uid = 1001
D/ScreenOnInterceptProxy( 1404):  uid = 10048
D/ScreenOnInterceptProxy( 1404):  uid = 10055
V/ActivityManager(  754): Broadcast sticky: Intent { act=android.intent.action.SIG_STR flg=0x20000010 (has extras) } ordered=false userid=-1 callerApp=ProcessRecord{424ffa30 754:system/1000}
D/NetworkControllerMTK(  894): PhoneStateListener:onSignalStrengthsChanged, sim0 before.
D/NetworkControllerMTK(  894): PhoneStateListener:onSignalStrengthsChanged, signalStrength=5
D/SIMHelper(  894): isSimInserted(0), SimInserted=false
D/NetworkControllerMTK(  894): updateTelephonySignalStrength slotId : 0 isSimInserted : false , hasService : false , simIndicatorState : 3
D/NetworkControllerMTK(  894): updateTelephonySignalStrength(0), is null signal.
D/NetworkControllerMTK(  894): PhoneStateListener:onSignalStrengthsChanged, sim0 after.
V/Provider/Settings(  894): get setting for user 0 by user 0 so skipping cache
V/Provider/Settings(  894):  from settings cache , name = full_screen_expand_statusbar , value = 1
V/Provider/Settings(  894): get setting for user 0 by user 0 so skipping cache
V/Provider/Settings(  894):  from settings cache , name = full_screen_expand_statusbar , value = 1
D/CameraStorage(13706): External storage state=mounted, mount point = /storage/sdcard0
D/ScreenOnInterceptProxy( 1404): Connection refused
D/ScreenOnInterceptProxy( 1404): guestModeClient safecenter.system16, on_off: 1, uid size: 3|false
D/ScreenOnInterceptProxy( 1404):  uid = 1001
D/ScreenOnInterceptProxy( 1404):  uid = 10048
D/ScreenOnInterceptProxy( 1404):  uid = 10055
D/ScreenOnInterceptProxy( 1404): Connection refused
D/ScreenOnInterceptProxy( 1404): guestModeClient safecenter.system16, on_off: 1, uid size: 3|false
D/ScreenOnInterceptProxy( 1404):  uid = 1001
D/ScreenOnInterceptProxy( 1404):  uid = 10048
D/ScreenOnInterceptProxy( 1404):  uid = 10055
D/ScreenOnInterceptProxy( 1404): Connection refused
D/ScreenOnInterceptProxy( 1404): guestModeClient safecenter.system16, on_off: 1, uid size: 3|false
D/ScreenOnInterceptProxy( 1404):  uid = 1001
D/ScreenOnInterceptProxy( 1404):  uid = 10048
D/ScreenOnInterceptProxy( 1404):  uid = 10055
D/ScreenOnInterceptProxy( 1404): Connection refused
D/ScreenOnInterceptProxy( 1404): guestModeClient safecenter.system16, on_off: 1, uid size: 3|false
D/ScreenOnInterceptProxy( 1404):  uid = 1001
D/ScreenOnInterceptProxy( 1404):  uid = 10048
D/ScreenOnInterceptProxy( 1404):  uid = 10055
D/WifiStateMachine(  754): ConnectedState{ when=-3ms what=131155 arg1=62 target=com.android.internal.util.StateMachine$SmHandler target=Handler (com.android.internal.util.StateMachine$SmHandler) {42a8ab88} }
D/WifiStateMachine(  754): L2ConnectedState{ when=-3ms what=131155 arg1=62 target=com.android.internal.util.StateMachine$SmHandler target=Handler (com.android.internal.util.StateMachine$SmHandler) {42a8ab88} }
D/WifiHW  (  754): enter -->wifi_send_command cmd=IFNAME=wlan0 SIGNAL_POLL
D/wpa_supplicant(12216): RX ctrl_iface - hexdump(len=11): 53 49 47 4e 41 4c 5f 50 4f 4c 4c
D/wpa_supplicant(12216): wlan0: Control interface command 'SIGNAL_POLL'
D/wpa_supplicant(12216): nl80211: survey data missing!
D/WifiHW  (  754): leave --> reply=RSSI=-30
D/WifiHW  (  754): LINKSPEED=135
D/WifiHW  (  754): NOISE=9999
D/WifiHW  (  754): FREQUENCY=2462
D/WifiHW  (  754): 
D/wifi    (  754): doStringCommand, buf IFNAME=wlan0 SIGNAL_POLL
I/WifiStateMachine(  754): fetchRssiAndLinkSpeedNative, newRssi:-30, newLinkSpeed:135, SSID:"MPR-test"
D/WifiStateMachine(  754): mLastSignalLevel:4, newSignalLevel:4
I/System.out( 1447): [CDS]EAGAIN in Recvfrom
I/System.out( 1447): [CDS]read byte is 0
V/Provider/Settings(  894): get setting for user 0 by user 0 so skipping cache
V/Provider/Settings(  894):  from settings cache , name = full_screen_expand_statusbar , value = 1
V/Provider/Settings(  894): get setting for user 0 by user 0 so skipping cache
V/Provider/Settings(  894):  from settings cache , name = full_screen_expand_statusbar , value = 1
V/Provider/Settings(  894): get setting for user 0 by user 0 so skipping cache
V/Provider/Settings(  894):  from settings cache , name = full_screen_expand_statusbar , value = 1
V/Provider/Settings(  894): get setting for user 0 by user 0 so skipping cache
V/Provider/Settings(  894):  from settings cache , name = full_screen_expand_statusbar , value = 1
I/System.out( 1447): [CDS]EAGAIN in Recvfrom
I/System.out( 1447): [CDS]read byte is 0
D/ScreenOnInterceptProxy( 1404): Connection refused
D/ScreenOnInterceptProxy( 1404): guestModeClient safecenter.system16, on_off: 1, uid size: 3|false
D/ScreenOnInterceptProxy( 1404):  uid = 1001
D/ScreenOnInterceptProxy( 1404):  uid = 10048
D/ScreenOnInterceptProxy( 1404):  uid = 10055
D/ScreenOnInterceptProxy( 1404): Connection refused
D/ScreenOnInterceptProxy( 1404): guestModeClient safecenter.system16, on_off: 1, uid size: 3|false
D/ScreenOnInterceptProxy( 1404):  uid = 1001
D/ScreenOnInterceptProxy( 1404):  uid = 10048
D/ScreenOnInterceptProxy( 1404):  uid = 10055
D/ScreenOnInterceptProxy( 1404): Connection refused
D/ScreenOnInterceptProxy( 1404): guestModeClient safecenter.system16, on_off: 1, uid size: 3|false
D/ScreenOnInterceptProxy( 1404):  uid = 1001
D/ScreenOnInterceptProxy( 1404):  uid = 10048
D/ScreenOnInterceptProxy( 1404):  uid = 10055
V/Provider/Settings(  894): get setting for user 0 by user 0 so skipping cache
V/Provider/Settings(  894):  from settings cache , name = full_screen_expand_statusbar , value = 1
V/Provider/Settings(  894): get setting for user 0 by user 0 so skipping cache
V/Provider/Settings(  894):  from settings cache , name = full_screen_expand_statusbar , value = 1
D/CameraStorage(13706): External storage state=mounted, mount point = /storage/sdcard0
V/Provider/Settings(  894): get setting for user 0 by user 0 so skipping cache
V/Provider/Settings(  894):  from settings cache , name = full_screen_expand_statusbar , value = 1
V/Provider/Settings(  894): get setting for user 0 by user 0 so skipping cache
V/Provider/Settings(  894):  from settings cache , name = full_screen_expand_statusbar , value = 1
I/System.out( 1447): [CDS]EAGAIN in Recvfrom
I/System.out( 1447): [CDS]read byte is 0
I/thermal_repeater(  197): oh, queryMdThermalInfo (0)Success
I/thermal_repeater(  197): [recvMdThermalInfo] ret=5, strLen=127, ERROR
V/Provider/Settings(  894): get setting for user 0 by user 0 so skipping cache
V/Provider/Settings(  894):  from settings cache , name = full_screen_expand_statusbar , value = 1
V/Provider/Settings(  894): get setting for user 0 by user 0 so skipping cache
V/Provider/Settings(  894):  from settings cache , name = full_screen_expand_statusbar , value = 1
V/Provider/Settings(  894): get setting for user 0 by user 0 so skipping cache
V/Provider/Settings(  894):  from settings cache , name = full_screen_expand_statusbar , value = 1
V/Provider/Settings(  894): get setting for user 0 by user 0 so skipping cache
V/Provider/Settings(  894):  from settings cache , name = full_screen_expand_statusbar , value = 1
D/CameraStorage(13706): External storage state=mounted, mount point = /storage/sdcard0
D/WifiStateMachine(  754): ConnectedState{ when=-3ms what=131155 arg1=62 target=com.android.internal.util.StateMachine$SmHandler target=Handler (com.android.internal.util.StateMachine$SmHandler) {42a8ab88} }
D/WifiStateMachine(  754): L2ConnectedState{ when=-3ms what=131155 arg1=62 target=com.android.internal.util.StateMachine$SmHandler target=Handler (com.android.internal.util.StateMachine$SmHandler) {42a8ab88} }
D/WifiHW  (  754): enter -->wifi_send_command cmd=IFNAME=wlan0 SIGNAL_POLL
D/wpa_supplicant(12216): RX ctrl_iface - hexdump(len=11): 53 49 47 4e 41 4c 5f 50 4f 4c 4c
D/wpa_supplicant(12216): wlan0: Control interface command 'SIGNAL_POLL'
D/wpa_supplicant(12216): nl80211: survey data missing!
D/WifiHW  (  754): leave --> reply=RSSI=-30
D/WifiHW  (  754): LINKSPEED=135
D/WifiHW  (  754): NOISE=9999
D/WifiHW  (  754): FREQUENCY=2462
D/WifiHW  (  754): 
D/wifi    (  754): doStringCommand, buf IFNAME=wlan0 SIGNAL_POLL
I/WifiStateMachine(  754): fetchRssiAndLinkSpeedNative, newRssi:-30, newLinkSpeed:135, SSID:"MPR-test"
D/WifiStateMachine(  754): mLastSignalLevel:4, newSignalLevel:4
I/System.out( 1447): [CDS]EAGAIN in Recvfrom
I/System.out( 1447): [CDS]read byte is 0
D/ScreenOnInterceptProxy( 1404): Connection refused
D/ScreenOnInterceptProxy( 1404): guestModeClient safecenter.system16, on_off: 1, uid size: 3|false
D/ScreenOnInterceptProxy( 1404):  uid = 1001
D/ScreenOnInterceptProxy( 1404):  uid = 10048
D/ScreenOnInterceptProxy( 1404):  uid = 10055
D/ScreenOnInterceptProxy( 1404): Connection refused
D/ScreenOnInterceptProxy( 1404): guestModeClient safecenter.system16, on_off: 1, uid size: 3|false
D/ScreenOnInterceptProxy( 1404):  uid = 1001
D/ScreenOnInterceptProxy( 1404):  uid = 10048
D/ScreenOnInterceptProxy( 1404):  uid = 10055
D/ScreenOnInterceptProxy( 1404): Connection refused
D/ScreenOnInterceptProxy( 1404): guestModeClient safecenter.system16, on_off: 1, uid size: 3|false
D/ScreenOnInterceptProxy( 1404):  uid = 1001
D/ScreenOnInterceptProxy( 1404):  uid = 10048
D/ScreenOnInterceptProxy( 1404):  uid = 10055
D/dalvikvm( 1404): GC_CONCURRENT freed 1920K (40454), 29% free 10530K/14676K (before 12450K/14676K), paused 2ms+6ms, total 39ms
V/Provider/Settings(  894): get setting for user 0 by user 0 so skipping cache
V/Provider/Settings(  894):  from settings cache , name = full_screen_expand_statusbar , value = 1
V/Provider/Settings(  894): get setting for user 0 by user 0 so skipping cache
V/Provider/Settings(  894):  from settings cache , name = full_screen_expand_statusbar , value = 1
D/ScreenOnInterceptProxy( 1404): Connection refused
D/ScreenOnInterceptProxy( 1404): guestModeClient safecenter.system16, on_off: 1, uid size: 3|false
D/ScreenOnInterceptProxy( 1404):  uid = 1001
D/ScreenOnInterceptProxy( 1404):  uid = 10048
D/ScreenOnInterceptProxy( 1404):  uid = 10055
D/ScreenOnInterceptProxy( 1404): Connection refused
D/ScreenOnInterceptProxy( 1404): guestModeClient safecenter.system16, on_off: 1, uid size: 3|false
D/ScreenOnInterceptProxy( 1404):  uid = 1001
D/ScreenOnInterceptProxy( 1404):  uid = 10048
D/ScreenOnInterceptProxy( 1404):  uid = 10055
I/ANRManager(  754): updateProcessStats
I/ANRManager(  754): CPU update time < 2.5sec
V/Provider/Settings(  894): get setting for user 0 by user 0 so skipping cache
V/Provider/Settings(  894):  from settings cache , name = full_screen_expand_statusbar , value = 1
V/Provider/Settings(  894): get setting for user 0 by user 0 so skipping cache
V/Provider/Settings(  894):  from settings cache , name = full_screen_expand_statusbar , value = 1
I/System.out( 1447): [CDS]EAGAIN in Recvfrom
I/System.out( 1447): [CDS]read byte is 0
V/Provider/Settings(  894): get setting for user 0 by user 0 so skipping cache
V/Provider/Settings(  894):  from settings cache , name = full_screen_expand_statusbar , value = 1
V/Provider/Settings(  894): get setting for user 0 by user 0 so skipping cache
V/Provider/Settings(  894):  from settings cache , name = full_screen_expand_statusbar , value = 1
D/CameraStorage(13706): External storage state=mounted, mount point = /storage/sdcard0
V/Provider/Settings(  894): get setting for user 0 by user 0 so skipping cache
V/Provider/Settings(  894):  from settings cache , name = full_screen_expand_statusbar , value = 1
V/Provider/Settings(  894): get setting for user 0 by user 0 so skipping cache
V/Provider/Settings(  894):  from settings cache , name = full_screen_expand_statusbar , value = 1
I/System.out( 1447): [CDS]EAGAIN in Recvfrom
I/System.out( 1447): [CDS]read byte is 0
V/Provider/Settings(  894): get setting for user 0 by user 0 so skipping cache
V/Provider/Settings(  894):  from settings cache , name = full_screen_expand_statusbar , value = 1
V/Provider/Settings(  894): get setting for user 0 by user 0 so skipping cache
V/Provider/Settings(  894):  from settings cache , name = full_screen_expand_statusbar , value = 1
V/Provider/Settings(  894): get setting for user 0 by user 0 so skipping cache
V/Provider/Settings(  894):  from settings cache , name = full_screen_expand_statusbar , value = 1
V/Provider/Settings(  894): get setting for user 0 by user 0 so skipping cache
V/Provider/Settings(  894):  from settings cache , name = full_screen_expand_statusbar , value = 1
D/CameraStorage(13706): External storage state=mounted, mount point = /storage/sdcard0
D/WifiStateMachine(  754): ConnectedState{ when=-2ms what=131155 arg1=62 target=com.android.internal.util.StateMachine$SmHandler target=Handler (com.android.internal.util.StateMachine$SmHandler) {42a8ab88} }
D/WifiStateMachine(  754): L2ConnectedState{ when=-2ms what=131155 arg1=62 target=com.android.internal.util.StateMachine$SmHandler target=Handler (com.android.internal.util.StateMachine$SmHandler) {42a8ab88} }
D/WifiHW  (  754): enter -->wifi_send_command cmd=IFNAME=wlan0 SIGNAL_POLL
D/wpa_supplicant(12216): RX ctrl_iface - hexdump(len=11): 53 49 47 4e 41 4c 5f 50 4f 4c 4c
D/wpa_supplicant(12216): wlan0: Control interface command 'SIGNAL_POLL'
D/wpa_supplicant(12216): nl80211: survey data missing!
D/WifiHW  (  754): leave --> reply=RSSI=-28
D/WifiHW  (  754): LINKSPEED=135
D/WifiHW  (  754): NOISE=9999
D/WifiHW  (  754): FREQUENCY=2462
D/WifiHW  (  754): 
D/wifi    (  754): doStringCommand, buf IFNAME=wlan0 SIGNAL_POLL
I/WifiStateMachine(  754): fetchRssiAndLinkSpeedNative, newRssi:-28, newLinkSpeed:135, SSID:"MPR-test"
D/WifiStateMachine(  754): mLastSignalLevel:4, newSignalLevel:4
I/System.out( 1447): [CDS]EAGAIN in Recvfrom
I/System.out( 1447): [CDS]read byte is 0
D/ScreenOnInterceptProxy( 1404): Connection refused
D/ScreenOnInterceptProxy( 1404): guestModeClient safecenter.system16, on_off: 1, uid size: 3|false
D/ScreenOnInterceptProxy( 1404):  uid = 1001
D/ScreenOnInterceptProxy( 1404):  uid = 10048
D/ScreenOnInterceptProxy( 1404):  uid = 10055
D/ScreenOnInterceptProxy( 1404): Connection refused
D/ScreenOnInterceptProxy( 1404): guestModeClient safecenter.system16, on_off: 1, uid size: 3|false
D/ScreenOnInterceptProxy( 1404):  uid = 1001
D/ScreenOnInterceptProxy( 1404):  uid = 10048
D/ScreenOnInterceptProxy( 1404):  uid = 10055
V/Provider/Settings(  894): get setting for user 0 by user 0 so skipping cache
V/Provider/Settings(  894):  from settings cache , name = full_screen_expand_statusbar , value = 1
V/Provider/Settings(  894): get setting for user 0 by user 0 so skipping cache
V/Provider/Settings(  894):  from settings cache , name = full_screen_expand_statusbar , value = 1
V/Provider/Settings(  894): get setting for user 0 by user 0 so skipping cache
V/Provider/Settings(  894):  from settings cache , name = full_screen_expand_statusbar , value = 1
V/Provider/Settings(  894): get setting for user 0 by user 0 so skipping cache
V/Provider/Settings(  894):  from settings cache , name = full_screen_expand_statusbar , value = 1
I/System.out( 1447): [CDS]EAGAIN in Recvfrom
I/System.out( 1447): [CDS]read byte is 0
I/thermal_repeater(  197): oh, queryMdThermalInfo (0)Success
I/thermal_repeater(  197): [recvMdThermalInfo] ret=5, strLen=127, ERROR
V/Provider/Settings(  894): get setting for user 0 by user 0 so skipping cache
V/Provider/Settings(  894):  from settings cache , name = full_screen_expand_statusbar , value = 1
V/Provider/Settings(  894): get setting for user 0 by user 0 so skipping cache
V/Provider/Settings(  894):  from settings cache , name = full_screen_expand_statusbar , value = 1
D/ScreenOnInterceptProxy( 1404): Connection refused
D/ScreenOnInterceptProxy( 1404): guestModeClient safecenter.system16, on_off: 1, uid size: 3|false
D/ScreenOnInterceptProxy( 1404):  uid = 1001
D/ScreenOnInterceptProxy( 1404):  uid = 10048
D/ScreenOnInterceptProxy( 1404):  uid = 10055
D/CameraStorage(13706): External storage state=mounted, mount point = /storage/sdcard0
V/Provider/Settings(  894): get setting for user 0 by user 0 so skipping cache
V/Provider/Settings(  894):  from settings cache , name = full_screen_expand_statusbar , value = 1
V/Provider/Settings(  894): get setting for user 0 by user 0 so skipping cache
V/Provider/Settings(  894):  from settings cache , name = full_screen_expand_statusbar , value = 1
I/System.out( 1447): [CDS]EAGAIN in Recvfrom
I/System.out( 1447): [CDS]read byte is 0
V/Provider/Settings(  894): get setting for user 0 by user 0 so skipping cache
V/Provider/Settings(  894):  from settings cache , name = full_screen_expand_statusbar , value = 1
V/Provider/Settings(  894): get setting for user 0 by user 0 so skipping cache
V/Provider/Settings(  894):  from settings cache , name = full_screen_expand_statusbar , value = 1
D/ScreenOnInterceptProxy( 1404): Connection refused
D/ScreenOnInterceptProxy( 1404): guestModeClient safecenter.system16, on_off: 1, uid size: 3|false
D/ScreenOnInterceptProxy( 1404):  uid = 1001
D/ScreenOnInterceptProxy( 1404):  uid = 10048
D/ScreenOnInterceptProxy( 1404):  uid = 10055
V/Provider/Settings(  894): get setting for user 0 by user 0 so skipping cache
V/Provider/Settings(  894):  from settings cache , name = full_screen_expand_statusbar , value = 1
V/Provider/Settings(  894): get setting for user 0 by user 0 so skipping cache
V/Provider/Settings(  894):  from settings cache , name = full_screen_expand_statusbar , value = 1
D/CameraStorage(13706): External storage state=mounted, mount point = /storage/sdcard0
D/ScreenOnInterceptProxy( 1404): Connection refused
D/ScreenOnInterceptProxy( 1404): guestModeClient safecenter.system16, on_off: 1, uid size: 3|false
D/ScreenOnInterceptProxy( 1404):  uid = 1001
D/ScreenOnInterceptProxy( 1404):  uid = 10048
D/ScreenOnInterceptProxy( 1404):  uid = 10055
D/ScreenOnInterceptProxy( 1404): Connection refused
D/ScreenOnInterceptProxy( 1404): guestModeClient safecenter.system16, on_off: 1, uid size: 3|false
D/ScreenOnInterceptProxy( 1404):  uid = 1001
D/ScreenOnInterceptProxy( 1404):  uid = 10048
D/ScreenOnInterceptProxy( 1404):  uid = 10055
D/ScreenOnInterceptProxy( 1404): Connection refused
D/ScreenOnInterceptProxy( 1404): guestModeClient safecenter.system16, on_off: 1, uid size: 3|false
D/ScreenOnInterceptProxy( 1404):  uid = 1001
D/ScreenOnInterceptProxy( 1404):  uid = 10048
D/ScreenOnInterceptProxy( 1404):  uid = 10055
D/WifiStateMachine(  754): ConnectedState{ when=-3ms what=131155 arg1=62 target=com.android.internal.util.StateMachine$SmHandler target=Handler (com.android.internal.util.StateMachine$SmHandler) {42a8ab88} }
D/WifiStateMachine(  754): L2ConnectedState{ when=-3ms what=131155 arg1=62 target=com.android.internal.util.StateMachine$SmHandler target=Handler (com.android.internal.util.StateMachine$SmHandler) {42a8ab88} }
D/WifiHW  (  754): enter -->wifi_send_command cmd=IFNAME=wlan0 SIGNAL_POLL
D/wpa_supplicant(12216): RX ctrl_iface - hexdump(len=11): 53 49 47 4e 41 4c 5f 50 4f 4c 4c
D/wpa_supplicant(12216): wlan0: Control interface command 'SIGNAL_POLL'
D/wpa_supplicant(12216): nl80211: survey data missing!
D/WifiHW  (  754): leave --> reply=RSSI=-28
D/WifiHW  (  754): LINKSPEED=135
D/WifiHW  (  754): NOISE=9999
D/WifiHW  (  754): FREQUENCY=2462
D/WifiHW  (  754): 
D/wifi    (  754): doStringCommand, buf IFNAME=wlan0 SIGNAL_POLL
I/WifiStateMachine(  754): fetchRssiAndLinkSpeedNative, newRssi:-28, newLinkSpeed:135, SSID:"MPR-test"
D/WifiStateMachine(  754): mLastSignalLevel:4, newSignalLevel:4
I/System.out( 1447): [CDS]EAGAIN in Recvfrom
I/System.out( 1447): [CDS]read byte is 0
V/Provider/Settings(  894): get setting for user 0 by user 0 so skipping cache
V/Provider/Settings(  894):  from settings cache , name = full_screen_expand_statusbar , value = 1
V/Provider/Settings(  894): get setting for user 0 by user 0 so skipping cache
V/Provider/Settings(  894):  from settings cache , name = full_screen_expand_statusbar , value = 1
D/ScreenOnInterceptProxy( 1404): Connection refused
D/ScreenOnInterceptProxy( 1404): guestModeClient safecenter.system16, on_off: 1, uid size: 3|false
D/ScreenOnInterceptProxy( 1404):  uid = 1001
D/ScreenOnInterceptProxy( 1404):  uid = 10048
D/ScreenOnInterceptProxy( 1404):  uid = 10055
V/Provider/Settings(  894): get setting for user 0 by user 0 so skipping cache
V/Provider/Settings(  894):  from settings cache , name = full_screen_expand_statusbar , value = 1
V/Provider/Settings(  894): get setting for user 0 by user 0 so skipping cache
V/Provider/Settings(  894):  from settings cache , name = full_screen_expand_statusbar , value = 1
V/ActivityManager(  754): Broadcast sticky: Intent { act=android.intent.action.SIG_STR flg=0x20000010 (has extras) } ordered=false userid=-1 callerApp=ProcessRecord{424ffa30 754:system/1000}
D/NetworkControllerMTK(  894): PhoneStateListener:onSignalStrengthsChanged, sim0 before.
D/NetworkControllerMTK(  894): PhoneStateListener:onSignalStrengthsChanged, signalStrength=5
D/SIMHelper(  894): isSimInserted(0), SimInserted=false
D/NetworkControllerMTK(  894): updateTelephonySignalStrength slotId : 0 isSimInserted : false , hasService : false , simIndicatorState : 3
D/NetworkControllerMTK(  894): updateTelephonySignalStrength(0), is null signal.
D/NetworkControllerMTK(  894): PhoneStateListener:onSignalStrengthsChanged, sim0 after.
D/ScreenOnInterceptProxy( 1404): Connection refused
D/ScreenOnInterceptProxy( 1404): guestModeClient safecenter.system16, on_off: 1, uid size: 3|false
D/ScreenOnInterceptProxy( 1404):  uid = 1001
D/ScreenOnInterceptProxy( 1404):  uid = 10048
D/ScreenOnInterceptProxy( 1404):  uid = 10055
