D/NativeCrypto(18273): ssl=0x6ee140d8 NativeCrypto_SSL_do_handshake ret=-1 errno=11 sslError=2 timeout_millis=40000
D/NativeCrypto(18273): doing handshake ++
D/NativeCrypto(18273): ssl=0x6ec31fa8 info_callback where=0x1001 ret=1
D/NativeCrypto(18273): ssl=0x6ec31fa8 SSL_connect:3RSH_A SSLv3 read server hello A
D/NativeCrypto(18273): ssl=0x6ec31fa8 info_callback ignored
E/NativeCrypto(18273): ssl=0x6ec31fa8 cert_verify_callback x509_store_ctx=0x69c286a0 arg=0x0
E/NativeCrypto(18273): ssl=0x6ec31fa8 cert_verify_callback calling verifyCertificateChain authMethod=ECDHE_RSA
D/NativeCrypto(18273): ssl=0x6ec31fa8 cert_verify_callback => 1
D/NativeCrypto(18273): ssl=0x6ec31fa8 info_callback where=0x1001 ret=1
D/NativeCrypto(18273): ssl=0x6ec31fa8 SSL_connect:3RSC_A SSLv3 read server certificate A
D/NativeCrypto(18273): ssl=0x6ec31fa8 info_callback ignored
D/NativeCrypto(18273): ssl=0x6ec31fa8 info_callback where=0x1001 ret=1
D/NativeCrypto(18273): ssl=0x6ec31fa8 SSL_connect:3RSKEA SSLv3 read server key exchange A
D/NativeCrypto(18273): ssl=0x6ec31fa8 info_callback ignored
D/NativeCrypto(18273): ssl=0x6ec31fa8 info_callback where=0x1001 ret=1
D/NativeCrypto(18273): ssl=0x6ec31fa8 SSL_connect:3RSD_A SSLv3 read server done A
D/NativeCrypto(18273): ssl=0x6ec31fa8 info_callback ignored
D/OpenSSLLib(18273):  User Build
D/NativeCrypto(18273): ssl=0x6ec31fa8 info_callback where=0x1001 ret=1
D/NativeCrypto(18273): ssl=0x6ec31fa8 SSL_connect:3WCKEA SSLv3 write client key exchange A
D/NativeCrypto(18273): ssl=0x6ec31fa8 info_callback ignored
D/NativeCrypto(18273): ssl=0x6ec31fa8 info_callback where=0x1001 ret=1
D/NativeCrypto(18273): ssl=0x6ec31fa8 SSL_connect:3WCCSA SSLv3 write change cipher spec A
D/NativeCrypto(18273): ssl=0x6ec31fa8 info_callback ignored
D/NativeCrypto(18273): ssl=0x6ec31fa8 info_callback where=0x1001 ret=1
D/NativeCrypto(18273): ssl=0x6ec31fa8 SSL_connect:3WFINA SSLv3 write finished A
D/NativeCrypto(18273): ssl=0x6ec31fa8 info_callback ignored
D/NativeCrypto(18273): ssl=0x6ec31fa8 info_callback where=0x1001 ret=1
D/NativeCrypto(18273): ssl=0x6ec31fa8 SSL_connect:3FLUSH SSLv3 flush data
D/NativeCrypto(18273): ssl=0x6ec31fa8 info_callback ignored
D/NativeCrypto(18273): ssl=0x6ec31fa8 info_callback where=0x1002 ret=-1
D/NativeCrypto(18273): ssl=0x6ec31fa8 SSL_connect:error exit in UNKWN  SSLv3 read server session ticket A
D/NativeCrypto(18273): ssl=0x6ec31fa8 info_callback ignored
D/NativeCrypto(18273): ssl=0x6ec31fa8 info_callback where=0x1002 ret=-1
D/NativeCrypto(18273): ssl=0x6ec31fa8 SSL_connect:error exit in UNKWN  SSLv3 read server session ticket A
D/NativeCrypto(18273): ssl=0x6ec31fa8 info_callback ignored
D/NativeCrypto(18273): doing handshake -- ret=-1
D/NativeCrypto(18273): ssl=0x6ec31fa8 NativeCrypto_SSL_do_handshake ret=-1 errno=11 sslError=2 timeout_millis=40000
D/NativeCrypto(18273): doing handshake ++
D/NativeCrypto(18273): ssl=0x6ee140d8 info_callback where=0x1001 ret=1
D/NativeCrypto(18273): ssl=0x6ee140d8 SSL_connect:3RSH_A SSLv3 read server hello A
D/NativeCrypto(18273): ssl=0x6ee140d8 info_callback ignored
E/NativeCrypto(18273): ssl=0x6ee140d8 cert_verify_callback x509_store_ctx=0x6a0726a0 arg=0x0
E/NativeCrypto(18273): ssl=0x6ee140d8 cert_verify_callback calling verifyCertificateChain authMethod=ECDHE_RSA
D/NativeCrypto(18273): ssl=0x6ee140d8 cert_verify_callback => 1
D/NativeCrypto(18273): ssl=0x6ee140d8 info_callback where=0x1001 ret=1
D/NativeCrypto(18273): ssl=0x6ee140d8 SSL_connect:3RSC_A SSLv3 read server certificate A
D/NativeCrypto(18273): ssl=0x6ee140d8 info_callback ignored
D/NativeCrypto(18273): doing handshake ++
D/NativeCrypto(18273): ssl=0x6ec31fa8 info_callback where=0x1001 ret=1
D/NativeCrypto(18273): ssl=0x6ec31fa8 SSL_connect:UNKWN  SSLv3 read server session ticket A
D/NativeCrypto(18273): ssl=0x6ec31fa8 info_callback ignored
D/NativeCrypto(18273): ssl=0x6ee140d8 info_callback where=0x1001 ret=1
D/NativeCrypto(18273): ssl=0x6ee140d8 SSL_connect:3RSKEA SSLv3 read server key exchange A
D/NativeCrypto(18273): ssl=0x6ee140d8 info_callback ignored
D/NativeCrypto(18273): ssl=0x6ee140d8 info_callback where=0x1001 ret=1
D/NativeCrypto(18273): ssl=0x6ee140d8 SSL_connect:3RSD_A SSLv3 read server done A
D/NativeCrypto(18273): ssl=0x6ee140d8 info_callback ignored
D/AES     (  754): AEEIOCTL_RT_MON_Kick IOCTL,lParam=0. 
D/ActivityThread(18273): ACT-AM_ON_RESUME_CALLED ActivityRecord{43b234e8 token=android.os.BinderProxy@43a140a0 {com.mpr.mprepubreader/com.mpr.mprepubreader.book.bookdetail.BookDetailActivity}}
V/PhoneWindow(18273): DecorView setVisiblity: visibility = 4 ,Parent =null, this =com.android.internal.policy.impl.PhoneWindow$DecorView{42bedb40 I.E..... R.....ID 0,0-0,0}
D/InputReader(  754): InputReader::monitor: lock
D/InputReader(  754): InputReader::monitor: wait 
D/InputReader(  754): InputReader::monitor: unlock
D/InputReader(  754): InputReader::monitor: done
D/ADB_SERVICES(  206):  closing because is_eof=1 r=-1 s->fde.force_eof=0
W/ADB_SERVICES(  206): entered. LS(2452) fd=18
D/NativeCrypto(18273): ssl=0x6ec31fa8 info_callback where=0x1001 ret=1
D/NativeCrypto(18273): ssl=0x6ec31fa8 SSL_connect:3RFINA SSLv3 read finished A
D/NativeCrypto(18273): ssl=0x6ec31fa8 info_callback ignored
D/NativeCrypto(18273): ssl=0x6ec31fa8 info_callback where=0x20 ret=1
D/NativeCrypto(18273): ssl=0x6ec31fa8 handshake done in SSLOK  SSL negotiation finished successfully
D/NativeCrypto(18273): ssl=0x6ec31fa8 info_callback calling handshakeCompleted
D/NativeCrypto(18273): ssl=0x6ec31fa8 info_callback completed
D/NativeCrypto(18273): ssl=0x6ec31fa8 info_callback where=0x1002 ret=1
D/NativeCrypto(18273): ssl=0x6ec31fa8 SSL_connect:ok exit in SSLOK  SSL negotiation finished successfully
D/NativeCrypto(18273): ssl=0x6ec31fa8 info_callback ignored
D/NativeCrypto(18273): doing handshake -- ret=1
D/NativeCrypto(18273): ssl=0x6ec31fa8 NativeCrypto_SSL_get_certificate => NULL
V/PhoneWindow(18273): DecorView setVisiblity: visibility = 0 ,Parent =ViewRoot{429035b0 com.mpr.mprepubreader/com.mpr.mprepubreader.book.bookdetail.BookDetailActivity,ident = 20}, this =com.android.internal.policy.impl.PhoneWindow$DecorView{42bedb40 V.E..... R.....ID 0,0-0,0}
D/ActivityThread(18273): ACT-LAUNCH_ACTIVITY handled : 0 / ActivityRecord{43b234e8 token=android.os.BinderProxy@43a140a0 {com.mpr.mprepubreader/com.mpr.mprepubreader.book.bookdetail.BookDetailActivity}}
D/AwContents(18273): setPageScaleFactor 1.0
D/OpenSSLLib(18273):  User Build
D/NativeCrypto(18273): ssl=0x6ee140d8 info_callback where=0x1001 ret=1
D/NativeCrypto(18273): ssl=0x6ee140d8 SSL_connect:3WCKEA SSLv3 write client key exchange A
D/NativeCrypto(18273): ssl=0x6ee140d8 info_callback ignored
D/NativeCrypto(18273): ssl=0x6ee140d8 info_callback where=0x1001 ret=1
D/NativeCrypto(18273): ssl=0x6ee140d8 SSL_connect:3WCCSA SSLv3 write change cipher spec A
D/NativeCrypto(18273): ssl=0x6ee140d8 info_callback ignored
I/System.out(18273): [CDS]close[42749]
D/NativeCrypto(18273): ssl=0x6ee140d8 info_callback where=0x1001 ret=1
D/NativeCrypto(18273): ssl=0x6ee140d8 SSL_connect:3WFINA SSLv3 write finished A
D/NativeCrypto(18273): ssl=0x6ee140d8 info_callback ignored
D/NativeCrypto(18273): ssl=0x6ee140d8 info_callback where=0x1001 ret=1
D/NativeCrypto(18273): ssl=0x6ee140d8 SSL_connect:3FLUSH SSLv3 flush data
D/NativeCrypto(18273): ssl=0x6ee140d8 info_callback ignored
I/System.out(18273): close [socket][/0.0.0.0:42749]
D/NativeCrypto(18273): ssl=0x6ee140d8 info_callback where=0x1002 ret=-1
D/NativeCrypto(18273): ssl=0x6ee140d8 SSL_connect:error exit in UNKWN  SSLv3 read server session ticket A
D/NativeCrypto(18273): ssl=0x6ee140d8 info_callback ignored
D/NativeCrypto(18273): ssl=0x6ee140d8 info_callback where=0x1002 ret=-1
D/NativeCrypto(18273): ssl=0x6ee140d8 SSL_connect:error exit in UNKWN  SSLv3 read server session ticket A
D/NativeCrypto(18273): ssl=0x6ee140d8 info_callback ignored
D/NativeCrypto(18273): doing handshake -- ret=-1
D/NativeCrypto(18273): ssl=0x6ee140d8 NativeCrypto_SSL_do_handshake ret=-1 errno=11 sslError=2 timeout_millis=40000
D/NativeCrypto(18273): ssl=0x6ec31fa8 sslWrite buf=0x4374e5d8 len=394 write_timeout_millis=0
D/NativeCrypto(18273): ssl=0x6ec31fa8 sslRead buf=0x44164d40 len=1500,timeo=40000
W/AwContents(18273): onDraw
W/AwContents(18273): onDraw mClearViewActive = false
D/OpenGLRenderer(18273): prepareDirty (0.00, 0.00, 720.00, 1280.00) opaque 1 <0x6d037d90>
D/NativeCrypto(18273): doing handshake ++
D/NativeCrypto(18273): ssl=0x6ee140d8 info_callback where=0x1001 ret=1
D/NativeCrypto(18273): ssl=0x6ee140d8 SSL_connect:UNKWN  SSLv3 read server session ticket A
D/NativeCrypto(18273): ssl=0x6ee140d8 info_callback ignored
D/NativeCrypto(18273): ssl=0x6ee140d8 info_callback where=0x1001 ret=1
D/NativeCrypto(18273): ssl=0x6ee140d8 SSL_connect:3RFINA SSLv3 read finished A
D/NativeCrypto(18273): ssl=0x6ee140d8 info_callback ignored
D/NativeCrypto(18273): ssl=0x6ee140d8 info_callback where=0x20 ret=1
D/NativeCrypto(18273): ssl=0x6ee140d8 handshake done in SSLOK  SSL negotiation finished successfully
D/NativeCrypto(18273): ssl=0x6ee140d8 info_callback calling handshakeCompleted
D/NativeCrypto(18273): ssl=0x6ee140d8 info_callback completed
D/NativeCrypto(18273): ssl=0x6ee140d8 info_callback where=0x1002 ret=1
D/NativeCrypto(18273): ssl=0x6ee140d8 SSL_connect:ok exit in SSLOK  SSL negotiation finished successfully
D/NativeCrypto(18273): ssl=0x6ee140d8 info_callback ignored
D/NativeCrypto(18273): doing handshake -- ret=1
D/NativeCrypto(18273): ssl=0x6ee140d8 NativeCrypto_SSL_get_certificate => NULL
D/OpenGLRenderer(18273): finish <0x6d037d90>
D/NativeCrypto(18273): ssl=0x6ee140d8 sslWrite buf=0x441becf8 len=435 write_timeout_millis=0
D/jiayh2  (18273): FontThemeManager createThemeFont typefacetype=2, curfontpath=/system/fonts/FangZhengLTH.ttf
D/jiayh2  (18273): FontThemeManager createThemeFont typefacetype=2, curfontpath=/system/fonts/FangZhengLTH.ttf
D/jiayh2  (18273): FontThemeManager createThemeFont typefacetype=2, curfontpath=/system/fonts/FangZhengLTH.ttf
D/jiayh2  (18273): FontThemeManager createThemeFont typefacetype=2, curfontpath=/system/fonts/FangZhengLTH.ttf
D/jiayh2  (18273): FontThemeManager createThemeFont typefacetype=2, curfontpath=/system/fonts/FangZhengLTH.ttf
D/jiayh2  (18273): FontThemeManager createThemeFont typefacetype=2, curfontpath=/system/fonts/FangZhengLTH.ttf
D/jiayh2  (18273): FontThemeManager createThemeFont typefacetype=2, curfontpath=/system/fonts/FangZhengLTH.ttf
D/jiayh2  (18273): FontThemeManager createThemeFont typefacetype=2, curfontpath=/system/fonts/FangZhengLTH.ttf
D/jiayh2  (18273): FontThemeManager createThemeFont typefacetype=2, curfontpath=/system/fonts/FangZhengLTH.ttf
D/NativeCrypto(18273): ssl=0x6ee140d8 sslRead buf=0x4414b880 len=1500,timeo=40000
D/jiayh2  (18273): FontThemeManager createThemeFont typefacetype=2, curfontpath=/system/fonts/FangZhengLTH.ttf
D/jiayh2  (18273): FontThemeManager createThemeFont typefacetype=2, curfontpath=/system/fonts/FangZhengLTH.ttf
D/jiayh2  (18273): FontThemeManager createThemeFont typefacetype=2, curfontpath=/system/fonts/FangZhengLTH.ttf
D/jiayh2  (18273): FontThemeManager createThemeFont typefacetype=2, curfontpath=/system/fonts/FangZhengLTH.ttf
D/jiayh2  (18273): FontThemeManager createThemeFont typefacetype=2, curfontpath=/system/fonts/FangZhengLTH.ttf
D/jiayh2  (18273): FontThemeManager createThemeFont typefacetype=2, curfontpath=/system/fonts/FangZhengLTH.ttf
D/jiayh2  (18273): FontThemeManager createThemeFont typefacetype=2, curfontpath=/system/fonts/FangZhengLTH.ttf
D/jiayh2  (18273): FontThemeManager createThemeFont typefacetype=2, curfontpath=/system/fonts/FangZhengLTH.ttf
D/jiayh2  (18273): FontThemeManager createThemeFont typefacetype=2, curfontpath=/system/fonts/FangZhengLTH.ttf
D/jiayh2  (18273): FontThemeManager createThemeFont typefacetype=2, curfontpath=/system/fonts/FangZhengLTH.ttf
D/jiayh2  (18273): FontThemeManager createThemeFont typefacetype=2, curfontpath=/system/fonts/FangZhengLTH.ttf
D/jiayh2  (18273): FontThemeManager createThemeFont typefacetype=2, curfontpath=/system/fonts/FangZhengLTH.ttf
D/jiayh2  (18273): FontThemeManager createThemeFont typefacetype=2, curfontpath=/system/fonts/FangZhengLTH.ttf
D/jiayh2  (18273): FontThemeManager createThemeFont typefacetype=2, curfontpath=/system/fonts/FangZhengLTH.ttf
D/jiayh2  (18273): FontThemeManager createThemeFont typefacetype=2, curfontpath=/system/fonts/FangZhengLTH.ttf
D/jiayh2  (18273): FontThemeManager createThemeFont typefacetype=2, curfontpath=/system/fonts/FangZhengLTH.ttf
D/jiayh2  (18273): FontThemeManager createThemeFont typefacetype=2, curfontpath=/system/fonts/FangZhengLTH.ttf
D/jiayh2  (18273): FontThemeManager createThemeFont typefacetype=2, curfontpath=/system/fonts/FangZhengLTH.ttf
D/jiayh2  (18273): FontThemeManager createThemeFont typefacetype=2, curfontpath=/system/fonts/FangZhengLTH.ttf
D/jiayh2  (18273): FontThemeManager createThemeFont typefacetype=2, curfontpath=/system/fonts/FangZhengLTH.ttf
D/jiayh2  (18273): FontThemeManager createThemeFont typefacetype=2, curfontpath=/system/fonts/FangZhengLTH.ttf
D/jiayh2  (18273): FontThemeManager createThemeFont typefacetype=2, curfontpath=/system/fonts/FangZhengLTH.ttf
D/jiayh2  (18273): FontThemeManager createThemeFont typefacetype=2, curfontpath=/system/fonts/FangZhengLTH.ttf
V/Provider/Settings(  754): get setting for user 0 by user 0 so skipping cache
V/Provider/Settings(  754):  from settings cache , name = spell_checker_enabled , value = null
V/Provider/Settings(  754): get setting for user 0 by user 0 so skipping cache
V/Provider/Settings(  754):  from settings cache , name = selected_spell_checker_subtype , value = 0
V/Provider/Settings(  754): get setting for user 0 by user 0 so skipping cache
V/Provider/Settings(  754):  from settings cache , name = selected_spell_checker , value = com.android.inputmethod.latin/.spellcheck.AndroidSpellCheckerService
V/Provider/Settings(  754): get setting for user 0 by user 0 so skipping cache
V/Provider/Settings(  754):  from settings cache , name = selected_input_method_subtype , value = -1
V/Provider/Settings(  754): get setting for user 0 by user 0 so skipping cache
V/Provider/Settings(  754):  from settings cache , name = spell_checker_enabled , value = null
V/Provider/Settings(  754): get setting for user 0 by user 0 so skipping cache
D/jiayh2  (18273): FontThemeManager createThemeFont typefacetype=1, curfontpath=/system/fonts/FangZhengLTH.ttf
V/Provider/Settings(  754):  from settings cache , name = selected_spell_checker_subtype , value = 0
V/Provider/Settings(  754): get setting for user 0 by user 0 so skipping cache
V/Provider/Settings(  754):  from settings cache , name = selected_spell_checker , value = com.android.inputmethod.latin/.spellcheck.AndroidSpellCheckerService
D/jiayh2  (18273): FontThemeManager createThemeFont typefacetype=2, curfontpath=/system/fonts/FangZhengLTH.ttf
V/Provider/Settings(  754): get setting for user 0 by user 0 so skipping cache
V/Provider/Settings(  754):  from settings cache , name = selected_input_method_subtype , value = -1
D/ListView(18273): measureHeightOfChildren adapter=android.widget.HeaderViewListAdapter@42d28f20, startPosition=0, endPosition=0, maxHeight=536870911, this=com.mpr.mprepubreader.widgets.nomal.ListViewForScrollView{4414a7a8 VFED.VC. ......I. 0,0-0,0 #7f0d03ca app:id/commend_scroll}
I/BufferQueue(  164): [unnamed-164-856](this:0xb8d09578,id:856,api:0,p:-1,c:-1) BufferQueue
I/GLConsumer(  164): [void android::RingBuffer<TYPE>::resize(uint32_t, bool) [with TYPE = android::sp<android::BackupBuffer>; uint32_t = unsigned int]] 0xb8cd8a7c resize to 10 (force=true)
I/GLConsumer(  164): [void android::RingBuffer<TYPE>::resize(uint32_t, bool) [with TYPE = android::sp<android::BackupBuffer>; uint32_t = unsigned int]] 0xb8cd8a7c resize to 0 (force=false)
I/BufferQueue(  164): [unnamed-164-856](this:0xb8d09578,id:856,api:0,p:-1,c:164) consumerConnect consumer=(164:/system/bin/surfaceflinger) controlledByApp=false
I/BufferQueue(  164): [unnamed-164-855](this:0xb8d09578,id:856,api:0,p:-1,c:164) setConsumerName: unnamed-164-855
I/GLConsumer(  164): [unnamed-164-855](this:0xb8cf09e8,api:0) GLConsumer
I/BufferQueue(  164): [com.mpr.mprepubreader/com.mpr.mprepubreader.book.bookdetail.BookDetailActivity](this:0xb8d09578,id:856,api:0,p:-1,c:164) setConsumerName: com.mpr.mprepubreader/com.mpr.mprepubreader.book.bookdetail.BookDetailActivity
I/BufferQueue(  164): [com.mpr.mprepubreader/com.mpr.mprepubreader.book.bookdetail.BookDetailActivity](this:0xb8d09578,id:856,api:0,p:-1,c:164) setDefaultBufferSize: w=1, h=1
V/WindowManager(  754): Changing focus from null to Window{439b6178 u0 com.mpr.mprepubreader/com.mpr.mprepubreader.book.bookdetail.BookDetailActivity} Callers=com.android.server.wm.WindowManagerService.relayoutWindow:3505 com.android.server.wm.Session.relayout:191 android.view.IWindowSession$Stub.onTransact:235 com.android.server.wm.Session.onTransact:126 
V/Provider/Settings(  754): get setting for user 0 by user 0 so skipping cache
V/Provider/Settings(  754):  from settings cache , name = full_screen_expand_statusbar , value = 1
V/Provider/Settings(  754): get setting for user 0 by user 0 so skipping cache
V/Provider/Settings(  754):  from settings cache , name = full_screen_expand_statusbar , value = 1
I/BufferQueue(  164): [com.mpr.mprepubreader/com.mpr.mprepubreader.book.bookdetail.BookDetailActivity](this:0xb8d09578,id:856,api:0,p:-1,c:164) setDefaultBufferSize: w=720, h=1280
V/Provider/Settings(  754): get setting for user 0 by user 0 so skipping cache
V/Provider/Settings(  754):  from settings cache , name = full_screen_expand_statusbar , value = 1
I/WindowManager(  754): Gaining focus: Window{439b6178 u0 com.mpr.mprepubreader/com.mpr.mprepubreader.book.bookdetail.BookDetailActivity}
I/BufferQueue(  164): [com.mpr.mprepubreader/com.mpr.mprepubreader.book.bookdetail.BookDetailActivity](this:0xb8d09578,id:856,api:0,p:18273,c:164) connect: api=1 producer=(18273:com.mpr.mprepubreader) producerControlledByApp=true
I/BufferQueue(  164): [com.mpr.mprepubreader/com.mpr.mprepubreader.book.bookdetail.BookDetailActivity](this:0xb8d09578,id:856,api:1,p:18273,c:164) new GraphicBuffer needed
D/BufferQueue(  164):     [OLD] gb:NULL
I/GraphicBuffer(  164): allocate buffer (w:720 h:1280 f:1) handle(0xb8cecfd8) err(0)
D/BufferQueue(  164):     [NEW] gb=0xb8cde010, handle=0xb8cecfd8, w=720, h=1280, s=720, f=0x1, u=0x00000f02
D/GraphicBuffer(18273): create handle(0x6c84d4e0) (w:720, h:1280, f:1)
D/BufferQueue(  164): [com.mpr.mprepubreader/com.mpr.mprepubreader.book.bookdetail.BookDetailActivity](this:0xb8d09578,id:856,api:1,p:18273,c:164) cancelBuffer: slot=0
I/MaliEGL (18273): [Mali]window_type=1, is_framebuffer=0, errnum = 0
I/MaliEGL (18273): [Mali]surface->num_buffers=4, surface->num_frames=3, win_min_undequeued=1
I/MaliEGL (18273): [Mali]max_allowed_dequeued_buffers=3
I/BufferQueue(  164): [com.mpr.mprepubreader/com.mpr.mprepubreader.book.bookdetail.BookDetailActivity](this:0xb8d09578,id:856,api:1,p:18273,c:164) setBufferCount: count=4
I/GraphicBuffer(  164): free buffer (w:720 h:1280 f:1) handle(0xb8cecfd8)
I/BufferQueue(  164): [com.mpr.mprepubreader/com.mpr.mprepubreader.book.bookdetail.BookDetailActivity](this:0xb8d09578,id:856,api:1,p:18273,c:164) getReleasedBuffers: returning mask 0xffffffff
D/GraphicBuffer(18273): close handle(0x6c84d4e0) (w:720 h:1280 f:1)
I/BufferQueue(  164): [com.mpr.mprepubreader/com.mpr.mprepubreader.book.bookdetail.BookDetailActivity](this:0xb8d09578,id:856,api:1,p:18273,c:164) new GraphicBuffer needed
D/BufferQueue(  164):     [OLD] gb:NULL
I/GraphicBuffer(  164): allocate buffer (w:720 h:1280 f:1) handle(0xb8cecfd8) err(0)
D/BufferQueue(  164):     [NEW] gb=0xb8cde010, handle=0xb8cecfd8, w=720, h=1280, s=720, f=0x1, u=0x00000f02
D/GraphicBuffer(18273): create handle(0x68e69550) (w:720, h:1280, f:1)
D/OpenGLRenderer(18273): setViewport 720x1280 <0x6d084668>
D/AbsListView(18273): onSizeChanged w=720, h=133, oldw=0, oldh=0, getChildCount=0, mSyncPosition=0, mNeedSync=false, mSyncMode=0, mAdapterandroid.widget.HeaderViewListAdapter@42d28f20, this=com.mpr.mprepubreader.widgets.nomal.ListViewForScrollView{4414a7a8 VFED.VC. ......I. 0,554-720,687 #7f0d03ca app:id/commend_scroll}, callstack=android.widget.ListView.onSizeChanged:1150 android.view.View.sizeChange:15445 android.view.View.setFrame:15418 android.widget.AbsListView.setFrame:2209 android.view.View.layout:15306 android.view.ViewGroup.layout:4867 android.widget.LinearLayout.setChildFrame:1888 android.widget.LinearLayout.layoutVertical:1742 android.widget.LinearLayout.onLayout:1651 android.view.View.layout:15317 
D/jiayh2  (18273): FontThemeManager createThemeFont typefacetype=2, curfontpath=/system/fonts/FangZhengLTH.ttf
D/ListView(18273): mSelectorRect.setEmpty in layoutChildren this=com.mpr.mprepubreader.widgets.nomal.ListViewForScrollView{4414a7a8 VFED.VC. ......ID 0,554-720,687 #7f0d03ca app:id/commend_scroll}
W/AwContents(18273): onDraw
W/AwContents(18273): onDraw mClearViewActive = false
D/OpenGLRenderer(18273): prepareDirty (0.00, 0.00, 720.00, 1280.00) opaque 1 <0x6d037d90>
D/OpenGLRenderer(18273): finish <0x6d037d90>
I/System.out(18273): [CDS]rx timeout:100
I/System.out(18273): [CDS]rx timeout:100
I/System.out(18273): [CDS]rx timeout:40000
I/System.out(18273): [CDS]rx timeout:40000
I/System.out(18273): [CDS]rx timeout:100
I/System.out(18273): [CDS]rx timeout:100
I/System.out(18273): [CDS]rx timeout:40000
I/System.out(18273): [CDS]rx timeout:40000
D/OpenGLRenderer(18273): prepareDirty (0.00, 0.00, 720.00, 1280.00) opaque 1 <0x6d084668>
D/OpenGLRenderer(18273): finish <0x6d084668>
V/Provider/Settings(  754): get setting for user 0 by user 0 so skipping cache
V/Provider/Settings(  754):  from settings cache , name = full_screen_expand_statusbar , value = 1
D/AbsListView(18273): onWindowFocusChanged: hasWindowFocus=true, this=com.mpr.mprepubreader.widgets.nomal.ListViewForScrollView{4414a7a8 VFED.VC. ......I. 0,554-720,687 #7f0d03ca app:id/commend_scroll}
V/InputMethodManager(18273): onWindowFocus: com.handmark.pulltorefresh.library.PullToRefreshScrollView{4392a340 VFE..... .F....I. 0,0-720,1034 #7f0d03b0 app:id/detail_scrollview} softInputMode=272 first=true flags=#1810100
E/CubicBezierInterpolator(  754): ####:PointF(0.1, 0.8)
E/CubicBezierInterpolator(  754): ####:PointF(0.5, 1.0)
V/InputMethodManager(18273): START INPUT: com.handmark.pulltorefresh.library.PullToRefreshScrollView{4392a340 VFE..... .F....I. 0,0-720,1034 #7f0d03b0 app:id/detail_scrollview} ic=null tba=android.view.inputmethod.EditorInfo@43a26d38 controlFlags=#105
V/InputMethodManagerService(  754): windowGainedFocus: android.os.BinderProxy@437490f0 controlFlags=#105 softInputMode=#110 windowFlags=#1810100
E/CubicBezierInterpolator(  754): ####:PointF(0.1, 0.8)
E/CubicBezierInterpolator(  754): ####:PointF(0.5, 1.0)
E/CubicBezierInterpolator(  754): ####:PointF(0.1, 0.8)
E/CubicBezierInterpolator(  754): ####:PointF(0.5, 1.0)
V/Provider/Settings(  754): get setting for user 0 by user 0 so skipping cache
V/Provider/Settings(  754):  from settings cache , name = full_screen_expand_statusbar , value = 1
I/ActivityManager(  754): [AppLaunch] Displayed Displayed com.mpr.mprepubreader/.book.bookdetail.BookDetailActivity: +339ms
D/ActivityManager(  754): AP_PROF:AppLaunch_LaunchTime:com.mpr.mprepubreader/.book.bookdetail.BookDetailActivity:339:160074927
D/WebViewCallback(18273): onConsoleMessage
W/AwContents(18273): onDraw
W/AwContents(18273): onDraw mClearViewActive = false
D/OpenGLRenderer(18273): prepareDirty (0.00, 0.00, 720.00, 1280.00) opaque 1 <0x6d037d90>
I/GLConsumer(  164): [com.mpr.mprepubreader/com.mpr.mprepubreader.book.bookdetail.BookDetailActivity](this:0xb8cf09e8,api:1) [void* android::GLConsumer::createImage(EGLDisplay, const android::sp<android::GraphicBuffer>&, const android::Rect&)]
D/GLConsumer(  164):     GraphicBuffer: gb=0xb8cde010 handle=0xb8cecfd8 fmt=1
D/GLConsumer(  164):     EGLImage: dpy=0x1, img=0x1000000a
V/Provider/Settings(  754): get setting for user 0 by user 0 so skipping cache
V/Provider/Settings(  754):  from settings cache , name = full_screen_expand_statusbar , value = 1
D/OpenGLRenderer(18273): finish <0x6d037d90>
D/ListView(18273): measureHeightOfChildren adapter=android.widget.HeaderViewListAdapter@42d28f20, startPosition=0, endPosition=0, maxHeight=536870911, this=com.mpr.mprepubreader.widgets.nomal.ListViewForScrollView{4414a7a8 VFED.VC. ......I. 0,554-720,687 #7f0d03ca app:id/commend_scroll}
D/ListView(18273): mSelectorRect.setEmpty in layoutChildren this=com.mpr.mprepubreader.widgets.nomal.ListViewForScrollView{4414a7a8 VFED.VC. ......ID 0,554-720,687 #7f0d03ca app:id/commend_scroll}
I/BufferQueue(  164): [com.mpr.mprepubreader/com.mpr.mprepubreader.book.bookdetail.BookDetailActivity](this:0xb8d09578,id:856,api:1,p:18273,c:164) new GraphicBuffer needed
D/BufferQueue(  164):     [OLD] gb:NULL
I/GraphicBuffer(  164): allocate buffer (w:720 h:1280 f:1) handle(0xb8cec3d0) err(0)
D/BufferQueue(  164):     [NEW] gb=0xb8ce5478, handle=0xb8cec3d0, w=720, h=1280, s=720, f=0x1, u=0x00000f02
D/GraphicBuffer(18273): create handle(0x6cddace0) (w:720, h:1280, f:1)
D/OpenGLRenderer(18273): prepareDirty (0.00, 0.00, 720.00, 1280.00) opaque 1 <0x6d084668>
D/OpenGLRenderer(18273): drawRect multiDraw LinearLayout @42e1f758 paint 0x6cb39a68 id 5 style 0 AA 0 color 0xffefeff4
D/OpenGLRenderer(18273): finish <0x6d084668>
D/AwContents(18273): setPageScaleFactor 1.0
D/OpenGLRenderer(18273): Flushing caches (mode 0)
D/BufferQueue(  164): [com.mpr.mprepubreader/com.mpr.mprepubreader.activity.MainActivity](this:0xb8ce5990,id:855,api:1,p:18273,c:164) cancelBuffer: slot=3
D/GraphicBuffer(18273): close handle(0x69dcc970) (w:720 h:1280 f:1)
D/GraphicBuffer(18273): close handle(0x69da1fe0) (w:720 h:1280 f:1)
D/GraphicBuffer(18273): close handle(0x68f17d60) (w:720 h:1280 f:1)
D/GraphicBuffer(18273): close handle(0x6b5ad088) (w:720 h:1280 f:1)
I/BufferQueue(  164): [com.mpr.mprepubreader/com.mpr.mprepubreader.activity.MainActivity](this:0xb8ce5990,id:855,api:1,p:-1,c:164) disconnect: api=1
I/BufferQueue(  164): [com.mpr.mprepubreader/com.mpr.mprepubreader.activity.MainActivity](this:0xb8ce5990,id:855,api:0,p:-1,c:164) getReleasedBuffers: returning mask 0xffffffff
I/GLConsumer(  164): [com.mpr.mprepubreader/com.mpr.mprepubreader.activity.MainActivity](this:0xb8d0a5c8,api:0) destroying EGLImage dpy=0x1 img=0x10000008
I/GraphicBuffer(  164): free buffer (w:720 h:1280 f:1) handle(0xb8cea080)
I/GLConsumer(  164): [com.mpr.mprepubreader/com.mpr.mprepubreader.activity.MainActivity](this:0xb8d0a5c8,api:0) destroying EGLImage dpy=0x1 img=0x10000003
I/GraphicBuffer(  164): free buffer (w:720 h:1280 f:1) handle(0xb8cd92e8)
I/GLConsumer(  164): [com.mpr.mprepubreader/com.mpr.mprepubreader.activity.MainActivity](this:0xb8d0a5c8,api:0) destroying EGLImage dpy=0x1 img=0x10000004
I/GLConsumer(  164): [com.mpr.mprepubreader/com.mpr.mprepubreader.activity.MainActivity](this:0xb8d0a5c8,api:0) destroying EGLImage dpy=0x1 img=0x10000009
I/GraphicBuffer(  164): free buffer (w:720 h:1280 f:1) handle(0xb8cf0590)
I/GLConsumer(  164): [com.mpr.mprepubreader/com.mpr.mprepubreader.book.bookdetail.BookDetailActivity](this:0xb8cf09e8,api:1) [void* android::GLConsumer::createImage(EGLDisplay, const android::sp<android::GraphicBuffer>&, const android::Rect&)]
D/GLConsumer(  164):     GraphicBuffer: gb=0xb8ce5478 handle=0xb8cec3d0 fmt=1
D/GLConsumer(  164):     EGLImage: dpy=0x1, img=0x10000003
V/Provider/Settings(  754): get setting for user 0 by user 0 so skipping cache
V/Provider/Settings(  754):  from settings cache , name = full_screen_expand_statusbar , value = 1
D/ActivityManager(  754): ACT-windowsGone(): ActivityRecord{4252c3b8 u0 com.mpr.mprepubreader/.activity.MainActivity t111}
D/dalvikvm(18273): create interp thread : stack size=128KB
D/dalvikvm(18273): create new thread
D/dalvikvm(18273): new thread created
D/dalvikvm(18273): update thread list
D/dalvikvm(18273): threadid=67: interp stack at 0x6f38d000
D/dalvikvm(18273): threadid=67: created from interp
D/dalvikvm(18273): start new thread
D/dalvikvm(18273): threadid=67: notify debugger
D/dalvikvm(18273): threadid=67 (pool-58-thread-1): calling run()
V/Provider/Settings(  894): get setting for user 0 by user 0 so skipping cache
V/Provider/Settings(  894):  from settings cache , name = full_screen_expand_statusbar , value = 1
V/Provider/Settings(  894): get setting for user 0 by user 0 so skipping cache
V/Provider/Settings(  894):  from settings cache , name = full_screen_expand_statusbar , value = 1
D/ListView(18273): measureHeightOfChildren adapter=android.widget.HeaderViewListAdapter@42d28f20, startPosition=0, endPosition=3, maxHeight=536870911, this=com.mpr.mprepubreader.widgets.nomal.ListViewForScrollView{4414a7a8 VFED.VC. ......ID 0,554-720,687 #7f0d03ca app:id/commend_scroll}
D/dalvikvm(18273): create interp thread : stack size=128KB
D/dalvikvm(18273): create new thread
D/dalvikvm(18273): new thread created
D/dalvikvm(18273): update thread list
D/dalvikvm(18273): threadid=68: interp stack at 0x6f3ad000
D/dalvikvm(18273): threadid=68: created from interp
D/dalvikvm(18273): start new thread
D/dalvikvm(18273): threadid=68: notify debugger
D/dalvikvm(18273): threadid=68 (pool-57-thread-1): calling run()
D/AbsListView(18273): onSizeChanged w=720, h=643, oldw=720, oldh=133, getChildCount=1, mSyncPosition=0, mNeedSync=true, mSyncMode=1, mAdapterandroid.widget.HeaderViewListAdapter@42d28f20, this=com.mpr.mprepubreader.widgets.nomal.ListViewForScrollView{4414a7a8 VFED.VC. ......ID 0,673-720,1316 #7f0d03ca app:id/commend_scroll}, callstack=android.widget.ListView.onSizeChanged:1150 android.view.View.sizeChange:15445 android.view.View.setFrame:15418 android.widget.AbsListView.setFrame:2209 android.view.View.layout:15306 android.view.ViewGroup.layout:4867 android.widget.LinearLayout.setChildFrame:1888 android.widget.LinearLayout.layoutVertical:1742 android.widget.LinearLayout.onLayout:1651 android.view.View.layout:15317 
D/jiayh2  (18273): FontThemeManager createThemeFont typefacetype=2, curfontpath=/system/fonts/FangZhengLTH.ttf
D/jiayh2  (18273): FontThemeManager createThemeFont typefacetype=2, curfontpath=/system/fonts/FangZhengLTH.ttf
D/jiayh2  (18273): FontThemeManager createThemeFont typefacetype=2, curfontpath=/system/fonts/FangZhengLTH.ttf
D/jiayh2  (18273): FontThemeManager createThemeFont typefacetype=2, curfontpath=/system/fonts/FangZhengLTH.ttf
D/jiayh2  (18273): FontThemeManager createThemeFont typefacetype=2, curfontpath=/system/fonts/FangZhengLTH.ttf
D/jiayh2  (18273): FontThemeManager createThemeFont typefacetype=2, curfontpath=/system/fonts/FangZhengLTH.ttf
D/jiayh2  (18273): FontThemeManager createThemeFont typefacetype=2, curfontpath=/system/fonts/FangZhengLTH.ttf
D/jiayh2  (18273): FontThemeManager createThemeFont typefacetype=2, curfontpath=/system/fonts/FangZhengLTH.ttf
D/jiayh2  (18273): FontThemeManager createThemeFont typefacetype=2, curfontpath=/system/fonts/FangZhengLTH.ttf
D/jiayh2  (18273): FontThemeManager createThemeFont typefacetype=2, curfontpath=/system/fonts/FangZhengLTH.ttf
D/jiayh2  (18273): FontThemeManager createThemeFont typefacetype=2, curfontpath=/system/fonts/FangZhengLTH.ttf
D/jiayh2  (18273): FontThemeManager createThemeFont typefacetype=2, curfontpath=/system/fonts/FangZhengLTH.ttf
D/jiayh2  (18273): FontThemeManager createThemeFont typefacetype=2, curfontpath=/system/fonts/FangZhengLTH.ttf
D/jiayh2  (18273): FontThemeManager createThemeFont typefacetype=2, curfontpath=/system/fonts/FangZhengLTH.ttf
D/jiayh2  (18273): FontThemeManager createThemeFont typefacetype=2, curfontpath=/system/fonts/FangZhengLTH.ttf
D/ListView(18273): mSelectorRect.setEmpty in layoutChildren this=com.mpr.mprepubreader.widgets.nomal.ListViewForScrollView{4414a7a8 VFED.VC. ......ID 0,673-720,1316 #7f0d03ca app:id/commend_scroll}
D/CameraStorage(13706): External storage state=mounted, mount point = /storage/sdcard0
D/ListView(18273): measureHeightOfChildren adapter=android.widget.HeaderViewListAdapter@42d28f20, startPosition=0, endPosition=3, maxHeight=536870911, this=com.mpr.mprepubreader.widgets.nomal.ListViewForScrollView{4414a7a8 VFED.VC. ......ID 0,673-720,1316 #7f0d03ca app:id/commend_scroll}
D/ListView(18273): mSelectorRect.setEmpty in layoutChildren this=com.mpr.mprepubreader.widgets.nomal.ListViewForScrollView{4414a7a8 VFED.VC. ......ID 0,673-720,1316 #7f0d03ca app:id/commend_scroll}
V/ActivityManager(  754): ACT-Activity idle: Token{42eb3fe0 ActivityRecord{42ee3af8 u0 com.mpr.mprepubreader/.book.bookdetail.BookDetailActivity t111}}
D/PowerManagerService(  754): releaseWakeLockInternal: lock=1113532800 [ActivityManager-Launch], flags=0x0, total_time=574ms
D/PowerManagerNotifier(  754): onWakeLockReleased: flags=1, tag="ActivityManager-Launch", packageName=android, ownerUid=1000, ownerPid=754, workSource=null
D/PowerManagerService(  754): updateWakeLockSummaryLocked: mWakefulness=Awake, mWakeLockSummary=0x1
D/PowerManagerService(  754): newScreenState = 2
D/PowerManagerDisplayController(  754): requestPowerState: screenState=2, useProximitySensor=false, forceProximitySensorEnable=false, forceWakeUpEnable=false, screenBrightness=45, screenAutoBrightnessAdjustment=0.0, useAutoBrightness=false, useEcoBrightness=false, blockScreenOn=false, waitForNegativeProximity=false
I/PowerManagerService(  754): setBrightness mButtonLight 0.
D/PowerManagerService(  754): updateScreenStateLocked: mDisplayReady=true, newScreenState=2, mWakefulness=1, mWakeLockSummary=0x1, mUserActivitySummary=0x1, mBootCompleted=true
V/ActivityManager(  754): ensureActivitiesVisibleLocked: consider front
V/ActivityManager(  754): ensureActivitiesVisibleLocked: consider back
D/PowerManagerService(  754): handleSandman: canDream=false, mWakefulness=Awake
D/WifiStateMachine(  754): ConnectedState{ when=-4ms what=131155 arg1=62 target=com.android.internal.util.StateMachine$SmHandler target=Handler (com.android.internal.util.StateMachine$SmHandler) {42a8ab88} }
D/WifiStateMachine(  754): L2ConnectedState{ when=-4ms what=131155 arg1=62 target=com.android.internal.util.StateMachine$SmHandler target=Handler (com.android.internal.util.StateMachine$SmHandler) {42a8ab88} }
D/WifiHW  (  754): enter -->wifi_send_command cmd=IFNAME=wlan0 SIGNAL_POLL
D/wpa_supplicant(12216): RX ctrl_iface - hexdump(len=11): 53 49 47 4e 41 4c 5f 50 4f 4c 4c
D/wpa_supplicant(12216): wlan0: Control interface command 'SIGNAL_POLL'
D/wpa_supplicant(12216): nl80211: survey data missing!
D/WifiHW  (  754): leave --> reply=RSSI=-30
D/WifiHW  (  754): LINKSPEED=135
D/WifiHW  (  754): NOISE=9999
D/WifiHW  (  754): FREQUENCY=2462
D/WifiHW  (  754): 
D/wifi    (  754): doStringCommand, buf IFNAME=wlan0 SIGNAL_POLL
I/WifiStateMachine(  754): fetchRssiAndLinkSpeedNative, newRssi:-30, newLinkSpeed:135, SSID:"MPR-test"
D/WifiStateMachine(  754): mLastSignalLevel:4, newSignalLevel:4
D/ActivityManager(  754): ACT-windowsVisible(): ActivityRecord{42ee3af8 u0 com.mpr.mprepubreader/.book.bookdetail.BookDetailActivity t111}
D/ActivityManager(  754): ACT-IDLE_NOW_MSG from windowsVisible() for idle: ActivityRecord{42ee3af8 u0 com.mpr.mprepubreader/.book.bookdetail.BookDetailActivity t111}
V/ActivityManager(  754): ACT-Activity idle: null
V/ActivityManager(  754): ensureActivitiesVisibleLocked: consider front
V/ActivityManager(  754): ensureActivitiesVisibleLocked: consider back
V/PhoneWindow(18273): DecorView setVisiblity: visibility = 4 ,Parent =ViewRoot{42afaeb8 com.mpr.mprepubreader/com.mpr.mprepubreader.activity.MainActivity,ident = 13}, this =com.android.internal.policy.impl.PhoneWindow$DecorView{43667a48 I.E..... R......D 0,0-720,1280}
D/ActivityThread(18273): ACT-STOP_ACTIVITY_HIDE handled : 0 / android.os.BinderProxy@42beb250
V/Provider/Settings(  754): get setting for user 0 by user 0 so skipping cache
V/Provider/Settings(  754):  from settings cache , name = full_screen_expand_statusbar , value = 1
V/Provider/Settings(  754): get setting for user 0 by user 0 so skipping cache
V/Provider/Settings(  754):  from settings cache , name = full_screen_expand_statusbar , value = 1
I/BufferQueue(  164): [com.mpr.mprepubreader/com.mpr.mprepubreader.activity.MainActivity](this:0xb8ce5990,id:855,api:0,p:-1,c:-1) consumerDisconnect
I/GraphicBuffer(  164): free buffer (w:720 h:1280 f:1) handle(0xb8cda738)
I/BufferQueue(  164): [com.mpr.mprepubreader/com.mpr.mprepubreader.activity.MainActivity](this:0xb8ce5990,id:855,api:0,p:-1,c:-1) ~BufferQueue
V/Provider/Settings(  754): get setting for user 0 by user 0 so skipping cache
V/Provider/Settings(  754):  from settings cache , name = full_screen_expand_statusbar , value = 1
I/BufferQueue(  164): [com.mpr.mprepubreader/com.mpr.mprepubreader.book.bookdetail.BookDetailActivity](this:0xb8d09578,id:856,api:1,p:18273,c:164) new GraphicBuffer needed
D/BufferQueue(  164):     [OLD] gb:NULL
I/GraphicBuffer(  164): allocate buffer (w:720 h:1280 f:1) handle(0xb8cd3ed0) err(0)
D/BufferQueue(  164):     [NEW] gb=0xb8cf06a0, handle=0xb8cd3ed0, w=720, h=1280, s=720, f=0x1, u=0x00000f02
D/GraphicBuffer(18273): create handle(0x65dafad0) (w:720, h:1280, f:1)
D/OpenGLRenderer(18273): prepareDirty (0.00, 0.00, 720.00, 1280.00) opaque 1 <0x6d084668>
D/OpenGLRenderer(18273): drawRect multiDraw LinearLayout @42e1f758 paint 0x6ca0d0c0 id 5 style 0 AA 0 color 0xffefeff4
D/OpenGLRenderer(18273): drawRect multiDraw View @42bff370 paint 0x6cdfe1c8 id 5 style 0 AA 0 color 0xffdee0e2
D/OpenGLRenderer(18273): finish <0x6d084668>
I/GLConsumer(  164): [com.mpr.mprepubreader/com.mpr.mprepubreader.book.bookdetail.BookDetailActivity](this:0xb8cf09e8,api:1) [void* android::GLConsumer::createImage(EGLDisplay, const android::sp<android::GraphicBuffer>&, const android::Rect&)]
D/GLConsumer(  164):     GraphicBuffer: gb=0xb8cf06a0 handle=0xb8cd3ed0 fmt=1
D/GLConsumer(  164):     EGLImage: dpy=0x1, img=0x10000004
I/BufferQueue(  164): [com.mpr.mprepubreader/com.mpr.mprepubreader.book.bookdetail.BookDetailActivity](this:0xb8d09578,id:856,api:1,p:18273,c:164) new GraphicBuffer needed
D/BufferQueue(  164):     [OLD] gb:NULL
I/GraphicBuffer(  164): allocate buffer (w:720 h:1280 f:1) handle(0xb8cf0590) err(0)
D/BufferQueue(  164):     [NEW] gb=0xb8cd7f28, handle=0xb8cf0590, w=720, h=1280, s=720, f=0x1, u=0x00000f02
D/GraphicBuffer(18273): create handle(0x70c741c0) (w:720, h:1280, f:1)
D/OpenGLRenderer(18273): prepareDirty (0.00, 0.00, 720.00, 1280.00) opaque 1 <0x6d084668>
D/OpenGLRenderer(18273): drawRect multiDraw LinearLayout @42e1f758 paint 0x6ca0d0c0 id 5 style 0 AA 0 color 0xffefeff4
D/OpenGLRenderer(18273): drawRect multiDraw View @42bff370 paint 0x6cdfe1c8 id 5 style 0 AA 0 color 0xffdee0e2
D/OpenGLRenderer(18273): finish <0x6d084668>
I/System.out( 1447): [CDS]EAGAIN in Recvfrom
I/System.out( 1447): [CDS]read byte is 0
I/GLConsumer(  164): [com.mpr.mprepubreader/com.mpr.mprepubreader.book.bookdetail.BookDetailActivity](this:0xb8cf09e8,api:1) [void* android::GLConsumer::createImage(EGLDisplay, const android::sp<android::GraphicBuffer>&, const android::Rect&)]
D/GLConsumer(  164):     GraphicBuffer: gb=0xb8cd7f28 handle=0xb8cf0590 fmt=1
D/GLConsumer(  164):     EGLImage: dpy=0x1, img=0x10000008
D/ScreenOnInterceptProxy( 1404): Connection refused
D/ScreenOnInterceptProxy( 1404): guestModeClient safecenter.system16, on_off: 1, uid size: 3|false
D/ScreenOnInterceptProxy( 1404):  uid = 1001
D/ScreenOnInterceptProxy( 1404):  uid = 10048
D/ScreenOnInterceptProxy( 1404):  uid = 10055
D/ScreenOnInterceptProxy( 1404): Connection refused
D/ScreenOnInterceptProxy( 1404): guestModeClient safecenter.system16, on_off: 1, uid size: 3|false
D/ScreenOnInterceptProxy( 1404):  uid = 1001
D/ScreenOnInterceptProxy( 1404):  uid = 10048
D/ScreenOnInterceptProxy( 1404):  uid = 10055
D/ScreenOnInterceptProxy( 1404): Connection refused
D/ScreenOnInterceptProxy( 1404): guestModeClient safecenter.system16, on_off: 1, uid size: 3|false
D/ScreenOnInterceptProxy( 1404):  uid = 1001
D/ScreenOnInterceptProxy( 1404):  uid = 10048
D/ScreenOnInterceptProxy( 1404):  uid = 10055
D/ComSignalClusterView(  894): setMobileDataIndicators: sim =0, flag =1000100000000, temp =1000100000000
D/ComSignalClusterView(  894): mNoSimSlotId =com.android.systemui:drawable/stat_sys_no_sim
D/ComSignalClusterView(  894): mMobileDataStrengthId =com.android.systemui:drawable/lenovo_stat_sys_signal_five_bar_0
D/ComSignalClusterView(  894): mMobileTypeId =com.android.systemui:drawable/stat_sys_signal_null
D/ComSignalClusterView(  894): mNetworkTypeId =(null)
D/ComSignalClusterView(  894): mMobileDataActivityId =(null)
D/ComSignalClusterView(  894): mobile data: sim =0, mMobileGroupVisible= true, showMult =false
D/ComSignalClusterView(  894):  sim : 0 mNoSimSlot, visible =true, iconId =2130838617
D/ComSignalClusterView(  894):  sim : 0 mMobileStrength, visible =false, iconId =2130837915
D/ComSignalClusterView(  894): ComSignalClusterView ~ sim : 0 mMobileType, visible =false, iconId =2130838651
D/ComSignalClusterView(  894): ComSignalClusterView ~ sim : 0 mNetworkType, visible =false, iconId =0
D/ComSignalClusterView(  894): ComSignalClusterView ~ sim : 0 mMobileActivity, visible =false, iconId =0
D/ComSignalClusterView(  894): ComSignalClusterView ~ mIsAirplaneMode : false
D/ComSignalClusterView(  894): mobile data: sim =0, mMobileGroupVisible= true, showMult =false
D/ComSignalClusterView(  894):  sim : 0 mNoSimSlot, visible =true, iconId =2130838617
D/ComSignalClusterView(  894):  sim : 0 mMobileStrength, visible =false, iconId =2130837915
D/ComSignalClusterView(  894): ComSignalClusterView ~ sim : 0 mMobileType, visible =false, iconId =2130838651
D/ComSignalClusterView(  894): ComSignalClusterView ~ sim : 0 mNetworkType, visible =false, iconId =0
D/ComSignalClusterView(  894): ComSignalClusterView ~ sim : 0 mMobileActivity, visible =false, iconId =0
D/ComSignalClusterView(  894): ComSignalClusterView ~ mIsAirplaneMode : false
D/WifiSignalClusterView(  894): WifiSignalClusterView ~ wifi : VISIBLE, sig = 2130838688, act = 2130838670
D/OpenGLRenderer(  894): prepareDirty (0.00, 0.00, 720.00, 50.00) opaque 0 <0x64d91c58>
D/OpenGLRenderer(  894): clear (0.00, 50 - 50.00 = 0.00, 720.00 - 0.00 = 720.00, 50.00 - 0.00 = 50.00) opaque 0 <0x64d91c58>
D/OpenGLRenderer(  894): finish <0x64d91c58>
I/SurfaceFlinger(  164): [Built-in Screen (type:0)] fps:39.316734,dur:1119.12,max:178.21,min:11.45
V/Provider/Settings(  894): get setting for user 0 by user 0 so skipping cache
V/Provider/Settings(  894):  from settings cache , name = full_screen_expand_statusbar , value = 1
V/Provider/Settings(  894): get setting for user 0 by user 0 so skipping cache
V/Provider/Settings(  894):  from settings cache , name = full_screen_expand_statusbar , value = 1
V/Provider/Settings(  894): get setting for user 0 by user 0 so skipping cache
V/Provider/Settings(  894):  from settings cache , name = full_screen_expand_statusbar , value = 1
V/Provider/Settings(  894): get setting for user 0 by user 0 so skipping cache
V/Provider/Settings(  894):  from settings cache , name = full_screen_expand_statusbar , value = 1
D/OpenGLRenderer(18273): prepareDirty (0.00, 0.00, 720.00, 1280.00) opaque 1 <0x6d084668>
D/OpenGLRenderer(18273): drawRect multiDraw LinearLayout @42e1f758 paint 0x6ca0d0c0 id 5 style 0 AA 0 color 0xffefeff4
D/OpenGLRenderer(18273): drawRect multiDraw View @42bff370 paint 0x6cdfe1c8 id 5 style 0 AA 0 color 0xffdee0e2
D/OpenGLRenderer(18273): finish <0x6d084668>
I/BufferQueue(  164): [com.mpr.mprepubreader/com.mpr.mprepubreader.book.bookdetail.BookDetailActivity](this:0xb8d09578,id:856,api:1,p:18273,c:164) [queue] fps:3.47, dur:1151.88, max:710.06, min:10.69
I/BufferQueue(  164): [com.mpr.mprepubreader/com.mpr.mprepubreader.book.bookdetail.BookDetailActivity](this:0xb8d09578,id:856,api:1,p:18273,c:164) [release] fps:2.68, dur:1117.83, max:713.59, min:16.07
D/OpenGLRenderer(18273): prepareDirty (0.00, 0.00, 720.00, 1280.00) opaque 1 <0x6d084668>
D/OpenGLRenderer(18273): drawRect multiDraw LinearLayout @42e1f758 paint 0x6ca0d0c0 id 5 style 0 AA 0 color 0xffefeff4
D/OpenGLRenderer(18273): drawRect multiDraw View @42bff370 paint 0x6cdfe1c8 id 5 style 0 AA 0 color 0xffdee0e2
D/OpenGLRenderer(18273): finish <0x6d084668>
D/OpenGLRenderer(18273): prepareDirty (0.00, 0.00, 720.00, 1280.00) opaque 1 <0x6d084668>
D/OpenGLRenderer(18273): drawRect multiDraw LinearLayout @42e1f758 paint 0x6ca0d0c0 id 5 style 0 AA 0 color 0xffefeff4
D/OpenGLRenderer(18273): drawRect multiDraw View @42bff370 paint 0x6cdfe1c8 id 5 style 0 AA 0 color 0xffdee0e2
D/OpenGLRenderer(18273): finish <0x6d084668>
D/OpenGLRenderer(18273): prepareDirty (0.00, 0.00, 720.00, 1280.00) opaque 1 <0x6d084668>
D/OpenGLRenderer(18273): drawRect multiDraw LinearLayout @42e1f758 paint 0x6ca0d0c0 id 5 style 0 AA 0 color 0xffefeff4
D/OpenGLRenderer(18273): drawRect multiDraw View @42bff370 paint 0x6cdfe1c8 id 5 style 0 AA 0 color 0xffdee0e2
D/OpenGLRenderer(18273): finish <0x6d084668>
D/OpenGLRenderer(18273): prepareDirty (0.00, 0.00, 720.00, 1280.00) opaque 1 <0x6d084668>
D/OpenGLRenderer(18273): drawRect multiDraw LinearLayout @42e1f758 paint 0x6ca0d0c0 id 5 style 0 AA 0 color 0xffefeff4
D/OpenGLRenderer(18273): drawRect multiDraw View @42bff370 paint 0x6cdfe1c8 id 5 style 0 AA 0 color 0xffdee0e2
D/OpenGLRenderer(18273): finish <0x6d084668>
D/OpenGLRenderer(18273): prepareDirty (0.00, 0.00, 720.00, 1280.00) opaque 1 <0x6d084668>
D/OpenGLRenderer(18273): drawRect multiDraw LinearLayout @42e1f758 paint 0x6ca0d0c0 id 5 style 0 AA 0 color 0xffefeff4
D/OpenGLRenderer(18273): drawRect multiDraw View @42bff370 paint 0x6cdfe1c8 id 5 style 0 AA 0 color 0xffdee0e2
D/OpenGLRenderer(18273): finish <0x6d084668>
D/OpenGLRenderer(18273): prepareDirty (0.00, 0.00, 720.00, 1280.00) opaque 1 <0x6d084668>
D/OpenGLRenderer(18273): drawRect multiDraw LinearLayout @42e1f758 paint 0x6ca0d0c0 id 5 style 0 AA 0 color 0xffefeff4
D/OpenGLRenderer(18273): drawRect multiDraw View @42bff370 paint 0x6cdfe1c8 id 5 style 0 AA 0 color 0xffdee0e2
D/OpenGLRenderer(18273): finish <0x6d084668>
D/OpenGLRenderer(18273): prepareDirty (0.00, 0.00, 720.00, 1280.00) opaque 1 <0x6d084668>
D/OpenGLRenderer(18273): drawRect multiDraw LinearLayout @42e1f758 paint 0x6ca0d0c0 id 5 style 0 AA 0 color 0xffefeff4
D/OpenGLRenderer(18273): drawRect multiDraw View @42bff370 paint 0x6cdfe1c8 id 5 style 0 AA 0 color 0xffdee0e2
D/OpenGLRenderer(18273): finish <0x6d084668>
D/OpenGLRenderer(18273): prepareDirty (0.00, 0.00, 720.00, 1280.00) opaque 1 <0x6d084668>
D/OpenGLRenderer(18273): drawRect multiDraw LinearLayout @42e1f758 paint 0x6ca0d0c0 id 5 style 0 AA 0 color 0xffefeff4
D/OpenGLRenderer(18273): drawRect multiDraw View @42bff370 paint 0x6cdfe1c8 id 5 style 0 AA 0 color 0xffdee0e2
D/OpenGLRenderer(18273): finish <0x6d084668>
D/OpenGLRenderer(18273): prepareDirty (0.00, 0.00, 720.00, 1280.00) opaque 1 <0x6d084668>
D/OpenGLRenderer(18273): drawRect multiDraw LinearLayout @42e1f758 paint 0x6ca0d0c0 id 5 style 0 AA 0 color 0xffefeff4
D/OpenGLRenderer(18273): drawRect multiDraw View @42bff370 paint 0x6cdfe1c8 id 5 style 0 AA 0 color 0xffdee0e2
D/OpenGLRenderer(18273): finish <0x6d084668>
D/OpenGLRenderer(18273): prepareDirty (0.00, 0.00, 720.00, 1280.00) opaque 1 <0x6d084668>
D/OpenGLRenderer(18273): drawRect multiDraw LinearLayout @42e1f758 paint 0x6ca0d0c0 id 5 style 0 AA 0 color 0xffefeff4
D/OpenGLRenderer(18273): drawRect multiDraw View @42bff370 paint 0x6cdfe1c8 id 5 style 0 AA 0 color 0xffdee0e2
D/OpenGLRenderer(18273): finish <0x6d084668>
D/OpenGLRenderer(18273): prepareDirty (0.00, 0.00, 720.00, 1280.00) opaque 1 <0x6d084668>
D/OpenGLRenderer(18273): drawRect multiDraw LinearLayout @42e1f758 paint 0x6ca0d0c0 id 5 style 0 AA 0 color 0xffefeff4
D/OpenGLRenderer(18273): drawRect multiDraw View @42bff370 paint 0x6cdfe1c8 id 5 style 0 AA 0 color 0xffdee0e2
D/OpenGLRenderer(18273): finish <0x6d084668>
D/OpenGLRenderer(18273): prepareDirty (0.00, 0.00, 720.00, 1280.00) opaque 1 <0x6d084668>
D/OpenGLRenderer(18273): drawRect multiDraw LinearLayout @42e1f758 paint 0x6ca0d0c0 id 5 style 0 AA 0 color 0xffefeff4
D/OpenGLRenderer(18273): drawRect multiDraw View @42bff370 paint 0x6cdfe1c8 id 5 style 0 AA 0 color 0xffdee0e2
D/OpenGLRenderer(18273): finish <0x6d084668>
D/OpenGLRenderer(18273): prepareDirty (0.00, 0.00, 720.00, 1280.00) opaque 1 <0x6d084668>
D/OpenGLRenderer(18273): drawRect multiDraw LinearLayout @42e1f758 paint 0x6ca0d0c0 id 5 style 0 AA 0 color 0xffefeff4
D/OpenGLRenderer(18273): drawRect multiDraw View @42bff370 paint 0x6cdfe1c8 id 5 style 0 AA 0 color 0xffdee0e2
D/OpenGLRenderer(18273): finish <0x6d084668>
D/OpenGLRenderer(18273): prepareDirty (0.00, 0.00, 720.00, 1280.00) opaque 1 <0x6d084668>
D/OpenGLRenderer(18273): drawRect multiDraw LinearLayout @42e1f758 paint 0x6ca0d0c0 id 5 style 0 AA 0 color 0xffefeff4
D/OpenGLRenderer(18273): drawRect multiDraw View @42bff370 paint 0x6cdfe1c8 id 5 style 0 AA 0 color 0xffdee0e2
D/OpenGLRenderer(18273): finish <0x6d084668>
D/OpenGLRenderer(18273): prepareDirty (0.00, 0.00, 720.00, 1280.00) opaque 1 <0x6d084668>
D/OpenGLRenderer(18273): drawRect multiDraw LinearLayout @42e1f758 paint 0x6ca0d0c0 id 5 style 0 AA 0 color 0xffefeff4
D/OpenGLRenderer(18273): drawRect multiDraw View @42bff370 paint 0x6cdfe1c8 id 5 style 0 AA 0 color 0xffdee0e2
D/OpenGLRenderer(18273): finish <0x6d084668>
D/OpenGLRenderer(18273): prepareDirty (0.00, 0.00, 720.00, 1280.00) opaque 1 <0x6d084668>
