V/ActivityManager(  754): Broadcast sticky: Intent { act=android.intent.action.SIG_STR flg=0x20000010 (has extras) } ordered=false userid=-1 callerApp=ProcessRecord{424ffa30 754:system/1000}
D/NetworkControllerMTK(  894): updateTelephonySignalStrength slotId : 0 isSimInserted : false , hasService : false , simIndicatorState : 3
D/NetworkControllerMTK(  894): updateTelephonySignalStrength(0), is null signal.
D/NetworkControllerMTK(  894): PhoneStateListener:onSignalStrengthsChanged, sim0 after.
D/AndroidRuntime(20959): 
D/AndroidRuntime(20959): >>>>>> AndroidRuntime START com.android.internal.os.RuntimeInit <<<<<<
D/AndroidRuntime(20959): CheckJNI is OFF
D/AndroidRuntime(20959): language=-Duser.language=zh region=-Duser.region=CN
D/dalvikvm(20959): boot class : 
D/dalvikvm(20959):   (0) core.jar
D/dalvikvm(20959):   (1) conscrypt.jar
D/dalvikvm(20959):   (2) okhttp.jar
D/dalvikvm(20959):   (3) core-junit.jar
D/dalvikvm(20959):   (4) bouncycastle.jar
D/dalvikvm(20959):   (5) ext.jar
D/dalvikvm(20959):   (6) framework.jar
D/dalvikvm(20959):   (7) framework2.jar
D/dalvikvm(20959):   (8) telephony-common.jar
D/dalvikvm(20959):   (9) voip-common.jar
D/dalvikvm(20959):   (10) mms-common.jar
D/dalvikvm(20959):   (11) android.policy.jar
D/dalvikvm(20959):   (12) services.jar
D/dalvikvm(20959):   (13) apache-xml.jar
D/dalvikvm(20959):   (14) webviewchromium.jar
D/dalvikvm(20959):   (15) mediatek-common.jar
D/dalvikvm(20959):   (16) mediatek-framework.jar
D/dalvikvm(20959):   (17) CustomProperties.jar
D/dalvikvm(20959):   (18) mediatek-telephony-common.jar
D/dalvikvm(20959):   (19) mediatek-tablet.jar
D/dalvikvm(20959):   (20) am.jar
D/dalvikvm(20959): threadid=1: interp stack at 0x579cd000
D/dalvikvm(20959): process bootclasspath ex!!
D/dalvikvm(20959): Trying to load lib libjavacore.so 0x0
D/ScreenOnInterceptProxy( 1404): Connection refused
D/dalvikvm(20959): Added shared lib libjavacore.so 0x0
D/ScreenOnInterceptProxy( 1404): guestModeClient safecenter.system16, on_off: 1, uid size: 3|false
D/ScreenOnInterceptProxy( 1404):  uid = 1001
D/ScreenOnInterceptProxy( 1404):  uid = 10048
D/ScreenOnInterceptProxy( 1404):  uid = 10055
D/dalvikvm(20959): Trying to load lib libnativehelper.so 0x0
D/dalvikvm(20959): Added shared lib libnativehelper.so 0x0
D/dalvikvm(20959): No JNI_OnLoad found in libnativehelper.so 0x0, skipping init
D/dalvikvm(20959): +++ finishing prep on main VM thread
D/dalvikvm(20959): create interp thread : stack size=128KB
D/dalvikvm(20959): create new thread
D/dalvikvm(20959): new thread created
D/dalvikvm(20959): update thread list
D/dalvikvm(20959): threadid=2: interp stack at 0x606e2000
D/dalvikvm(20959): threadid=2: created from interp
D/dalvikvm(20959): start new thread
D/dalvikvm(20959): threadid=2: notify debugger
D/dalvikvm(20959): threadid=2 (ReferenceQueueDaemon): calling run()
D/dalvikvm(20959): create interp thread : stack size=128KB
D/dalvikvm(20959): create new thread
D/dalvikvm(20959): new thread created
D/dalvikvm(20959): update thread list
D/dalvikvm(20959): threadid=3: interp stack at 0x60802000
D/dalvikvm(20959): threadid=3: created from interp
D/dalvikvm(20959): start new thread
D/dalvikvm(20959): threadid=3: notify debugger
D/dalvikvm(20959): threadid=3 (FinalizerDaemon): calling run()
D/dalvikvm(20959): create interp thread : stack size=128KB
D/dalvikvm(20959): create new thread
D/dalvikvm(20959): new thread created
D/dalvikvm(20959): update thread list
D/dalvikvm(20959): threadid=4: interp stack at 0x60923000
D/dalvikvm(20959): threadid=4: created from interp
D/dalvikvm(20959): start new thread
D/dalvikvm(20959): threadid=4: notify debugger
D/dalvikvm(20959): threadid=4 (FinalizerWatchdogDaemon): calling run()
D/dalvikvm(20959): threadid=5: interp stack at 0x60b44000
D/dalvikvm(20959): threadid=6: interp stack at 0x60c65000
D/dalvikvm(20959): Elevating priority from 0 to -8
D/jdwp    (20959): prepping for JDWP over ADB
D/dalvikvm(20959): threadid=7: interp stack at 0x60d89000
D/jdwp    (20959): JDWP: thread running
D/dalvikvm(20959): threadid=8: interp stack at 0x60eaa000
D/jdwp    (20959): trying to receive file descriptor from ADB
D/ADB_SERVICES(  206): Adding socket 19 pid 20959 to jdwp process list
E/cutils-trace(20959): Error opening trace file: No such file or directory (2)
D/dalvikvm(20959): Note: class Landroid/app/ActivityManagerNative; has 195 unimplemented (abstract) methods
E/memtrack(20959): Couldn't load memtrack module (No such file or directory)
E/android.os.Debug(20959): failed to load memtrack module: -2
D/AndroidRuntime(20959): Calling main entry com.android.commands.wm.Wm
D/dalvikvm(20959): threadid=9: interp stack at 0x6137f000
D/dalvikvm(20959): threadid=10: interp stack at 0x6149f000
D/AndroidRuntime(20959): Shutting down VM
D/dalvikvm(20959): threadid=1: bye!
D/dalvikvm(20959): threadid=9: bye!
D/dalvikvm(20959): DestroyJavaVM waiting for non-daemon threads to exit
D/dalvikvm(20959): threadid=10: bye!
D/dalvikvm(20959): threadid=1: interp stack at 0x6137f000
D/dalvikvm(20959): DestroyJavaVM shutting VM down
D/dalvikvm(20959): VM shutting down
D/dalvikvm(20959): GC_CONCURRENT freed 95K (992), 15% free 594K/692K (before 690K/692K), paused 0ms+0ms, total 3ms
D/dalvikvm(20959): threadid=5: bye!
D/jdwp    (20959): JDWP shutting down net...
D/jdwp    (20959): +++ writing to wakePipe
E/jdwp    (20959): jdwp::setsockopt(SO_SNDTIMEO)
E/jdwp    (20959): jdwp::setsockopt(SO_RCVTIMEO)
D/jdwp    (20959): JDWP: thread exiting
W/ADB_SERVICES(  206): terminating JDWP 20959 connection: Try again
D/dalvikvm(20959): threadid=7: bye!
D/ADB_SERVICES(  206): remove pid 20959 to jdwp process list
D/jdwp    (20959): JDWP freeing netstate...
I/dalvikvm(20959): threadid=6: ignore signal 3
D/dalvikvm(20959): threadid=6: bye!
D/dalvikvm(20959): 0 compilations using 4096 + 0 bytes
D/dalvikvm(20959): Compiler arena uses 1 blocks (8100 bytes each)
D/dalvikvm(20959): Compiler work queue length is 0/0
D/dalvikvm(20959): JIT: table size is 4096, entries used is 0
D/dalvikvm(20959): JIT: 0 traces, 4096 slots, 0 chains, 40 thresh, Non-blocking
D/dalvikvm(20959): JIT: 0 Translation chains, 0 interp stubs
D/dalvikvm(20959): Code size stats: 0/0 (compiled/total Dalvik), 0 (native)
D/dalvikvm(20959): Compiler thread shutting down
D/dalvikvm(20959): threadid=8: bye!
D/dalvikvm(20959): Compiler thread has shut down
D/dalvikvm(20959): threadid=1: suspending daemon id=4 name='FinalizerWatchdogDaemon'
D/dalvikvm(20959): threadid=1: suspending daemon id=3 name='FinalizerDaemon'
D/dalvikvm(20959): threadid=1: suspending daemon id=2 name='ReferenceQueueDaemon'
V/Provider/Settings(  894): get setting for user 0 by user 0 so skipping cache
V/Provider/Settings(  894):  from settings cache , name = full_screen_expand_statusbar , value = 1
V/Provider/Settings(  894): get setting for user 0 by user 0 so skipping cache
V/Provider/Settings(  894):  from settings cache , name = full_screen_expand_statusbar , value = 1
D/dalvikvm(20959): threadid=1: all daemons have suspended
D/dalvikvm(20959): VM cleaning up
D/dalvikvm(20959): LinearAlloc 0x0 used 1931964 of 33554432 (5%)
D/ADB_SERVICES(  206):  closing because is_eof=1 r=-1 s->fde.force_eof=0
W/ADB_SERVICES(  206): entered. LS(2431) fd=18
W/ADB_SERVICES(  206): create_local_service_socket() name=shell:cat /proc/meminfo
W/ADB_SERVICES(  206): service_to_fd() name=shell:cat /proc/meminfo
W/ADB_SERVICES(  206): read_meminfo() mem_free=958072
W/ADB_SERVICES(  206): create_subprocess() ret_fd=18 pid=20977
W/ADB_SERVICES(  206): LS(2432): bound to 'shell:cat /proc/meminfo' via 18
W/ADB_SERVICES(20977): adb: unable to open /proc/20977/oom_adj
D/ADB_SERVICES(  206):  closing because is_eof=1 r=1 s->fde.force_eof=0
W/ADB_SERVICES(  206): entered. LS(2432) fd=18
W/ADB_SERVICES(  206): create_local_service_socket() name=shell:cat /system/build.prop
W/ADB_SERVICES(  206): service_to_fd() name=shell:cat /system/build.prop
W/ADB_SERVICES(  206): read_meminfo() mem_free=957808
W/ADB_SERVICES(  206): create_subprocess() ret_fd=18 pid=20978
W/ADB_SERVICES(  206): LS(2433): bound to 'shell:cat /system/build.prop' via 18
W/ADB_SERVICES(20978): adb: unable to open /proc/20978/oom_adj
D/ADB_SERVICES(  206):  closing because is_eof=1 r=1 s->fde.force_eof=0
W/ADB_SERVICES(  206): entered. LS(2433) fd=18
W/ADB_SERVICES(  206): create_local_service_socket() name=shell:cat /proc/cpuinfo
W/ADB_SERVICES(  206): service_to_fd() name=shell:cat /proc/cpuinfo
W/ADB_SERVICES(  206): read_meminfo() mem_free=957864
W/ADB_SERVICES(  206): create_subprocess() ret_fd=18 pid=20979
W/ADB_SERVICES(  206): LS(2434): bound to 'shell:cat /proc/cpuinfo' via 18
W/ADB_SERVICES(20979): adb: unable to open /proc/20979/oom_adj
D/ADB_SERVICES(  206):  closing because is_eof=1 r=-1 s->fde.force_eof=0
W/ADB_SERVICES(  206): entered. LS(2434) fd=18
W/ADB_SERVICES(  206): create_local_service_socket() name=shell:monkey -p com.mpr.mprepubreader --pct-touch 50 -s 1 --throttle 1000 --ignore-timeouts --ignore-crashes --monitor-native-crashes -v -v -v 3
W/ADB_SERVICES(  206): service_to_fd() name=shell:monkey -p com.mpr.mprepubreader --pct-touch 50 -s 1 --throttle 1000 --ignore-timeouts --ignore-crashes --monitor-native-crashes -v -v -v 3
W/ADB_SERVICES(  206): read_meminfo() mem_free=957684
W/ADB_SERVICES(  206): create_subprocess() ret_fd=18 pid=20980
W/ADB_SERVICES(  206): LS(2435): bound to 'shell:monkey -p com.mpr.mprepubreader --pct-touch 50 -s 1 --throttle 1000 --ignore-timeouts --ignore-crashes --monitor-native-crashes -v -v -v 3' via 18
W/ADB_SERVICES(20980): adb: unable to open /proc/20980/oom_adj
W/ADB_SERVICES(  206): create_local_service_socket() name=shell:export ANDROID_LOG_TAGS="" ; exec logcat -d
W/ADB_SERVICES(  206): service_to_fd() name=shell:export ANDROID_LOG_TAGS="" ; exec logcat -d
W/ADB_SERVICES(  206): read_meminfo() mem_free=957684
W/ADB_SERVICES(  206): create_subprocess() ret_fd=19 pid=20981
W/ADB_SERVICES(  206): LS(2436): bound to 'shell:export ANDROID_LOG_TAGS="" ; exec logcat -d' via 19
W/ADB_SERVICES(20981): adb: unable to open /proc/20981/oom_adj
W/ADB_SERVICES(  206): create_local_service_socket() name=shell:cat /data/anr/traces.txt
W/ADB_SERVICES(  206): service_to_fd() name=shell:cat /data/anr/traces.txt
W/ADB_SERVICES(  206): read_meminfo() mem_free=957256
W/ADB_SERVICES(  206): create_subprocess() ret_fd=20 pid=20982
W/ADB_SERVICES(  206): LS(2437): bound to 'shell:cat /data/anr/traces.txt' via 20
W/ADB_SERVICES(20982): adb: unable to open /proc/20982/oom_adj
D/ADB_SERVICES(  206):  closing because is_eof=1 r=-1 s->fde.force_eof=0
W/ADB_SERVICES(  206): entered. LS(2437) fd=20
I/System.out( 1447): [CDS]EAGAIN in Recvfrom
I/System.out( 1447): [CDS]read byte is 0
V/Provider/Settings(  894): get setting for user 0 by user 0 so skipping cache
V/Provider/Settings(  894):  from settings cache , name = full_screen_expand_statusbar , value = 1
V/Provider/Settings(  894): get setting for user 0 by user 0 so skipping cache
V/Provider/Settings(  894):  from settings cache , name = full_screen_expand_statusbar , value = 1
D/AndroidRuntime(20980): 
D/AndroidRuntime(20980): >>>>>> AndroidRuntime START com.android.internal.os.RuntimeInit <<<<<<
D/AndroidRuntime(20980): CheckJNI is OFF
D/AndroidRuntime(20980): language=-Duser.language=zh region=-Duser.region=CN
D/dalvikvm(20980): boot class : 
D/dalvikvm(20980):   (0) core.jar
D/dalvikvm(20980):   (1) conscrypt.jar
D/dalvikvm(20980):   (2) okhttp.jar
D/dalvikvm(20980):   (3) core-junit.jar
D/dalvikvm(20980):   (4) bouncycastle.jar
D/dalvikvm(20980):   (5) ext.jar
D/dalvikvm(20980):   (6) framework.jar
D/dalvikvm(20980):   (7) framework2.jar
D/dalvikvm(20980):   (8) telephony-common.jar
D/dalvikvm(20980):   (9) voip-common.jar
D/dalvikvm(20980):   (10) mms-common.jar
D/dalvikvm(20980):   (11) android.policy.jar
D/dalvikvm(20980):   (12) services.jar
D/dalvikvm(20980):   (13) apache-xml.jar
D/dalvikvm(20980):   (14) webviewchromium.jar
D/dalvikvm(20980):   (15) mediatek-common.jar
D/dalvikvm(20980):   (16) mediatek-framework.jar
D/dalvikvm(20980):   (17) CustomProperties.jar
D/dalvikvm(20980):   (18) mediatek-telephony-common.jar
D/dalvikvm(20980):   (19) mediatek-tablet.jar
D/dalvikvm(20980):   (20) am.jar
D/dalvikvm(20980): threadid=1: interp stack at 0x57ab6000
D/dalvikvm(20980): process bootclasspath ex!!
D/dalvikvm(20980): Trying to load lib libjavacore.so 0x0
D/dalvikvm(20980): Added shared lib libjavacore.so 0x0
D/dalvikvm(20980): Trying to load lib libnativehelper.so 0x0
D/dalvikvm(20980): Added shared lib libnativehelper.so 0x0
D/dalvikvm(20980): No JNI_OnLoad found in libnativehelper.so 0x0, skipping init
D/dalvikvm(20980): +++ finishing prep on main VM thread
D/dalvikvm(20980): create interp thread : stack size=128KB
D/dalvikvm(20980): create new thread
D/dalvikvm(20980): new thread created
D/dalvikvm(20980): update thread list
D/dalvikvm(20980): threadid=2: interp stack at 0x607f2000
D/dalvikvm(20980): threadid=2: created from interp
D/dalvikvm(20980): start new thread
D/dalvikvm(20980): create interp thread : stack size=128KB
D/dalvikvm(20980): create new thread
D/dalvikvm(20980): new thread created
D/dalvikvm(20980): threadid=2: notify debugger
D/dalvikvm(20980): update thread list
D/dalvikvm(20980): threadid=2 (ReferenceQueueDaemon): calling run()
D/dalvikvm(20980): threadid=3: interp stack at 0x60912000
D/dalvikvm(20980): threadid=3: created from interp
D/dalvikvm(20980): start new thread
D/dalvikvm(20980): create interp thread : stack size=128KB
D/dalvikvm(20980): create new thread
D/dalvikvm(20980): new thread created
D/dalvikvm(20980): update thread list
D/dalvikvm(20980): threadid=3: notify debugger
D/dalvikvm(20980): threadid=4: interp stack at 0x60a32000
D/dalvikvm(20980): threadid=3 (FinalizerDaemon): calling run()
D/dalvikvm(20980): threadid=4: created from interp
D/dalvikvm(20980): start new thread
D/dalvikvm(20980): threadid=4: notify debugger
D/dalvikvm(20980): threadid=4 (FinalizerWatchdogDaemon): calling run()
D/dalvikvm(20980): threadid=5: interp stack at 0x60c52000
D/dalvikvm(20980): threadid=6: interp stack at 0x60d72000
D/dalvikvm(20980): Elevating priority from 0 to -8
D/jdwp    (20980): prepping for JDWP over ADB
D/dalvikvm(20980): threadid=7: interp stack at 0x60e92000
D/jdwp    (20980): JDWP: thread running
D/dalvikvm(20980): threadid=8: interp stack at 0x60fb2000
D/ADB_SERVICES(  206): Adding socket 20 pid 20980 to jdwp process list
D/jdwp    (20980): trying to receive file descriptor from ADB
E/cutils-trace(20980): Error opening trace file: No such file or directory (2)
D/dalvikvm(20980): Note: class Landroid/app/ActivityManagerNative; has 195 unimplemented (abstract) methods
D/ScreenOnInterceptProxy( 1404): Connection refused
D/ScreenOnInterceptProxy( 1404): guestModeClient safecenter.system16, on_off: 1, uid size: 3|false
D/ScreenOnInterceptProxy( 1404):  uid = 1001
D/ScreenOnInterceptProxy( 1404):  uid = 10048
D/ScreenOnInterceptProxy( 1404):  uid = 10055
E/memtrack(20980): Couldn't load memtrack module (No such file or directory)
E/android.os.Debug(20980): failed to load memtrack module: -2
D/AndroidRuntime(20980): Calling main entry com.android.commands.monkey.Monkey
D/dalvikvm(20980): threadid=9: interp stack at 0x61486000
D/dalvikvm(20980): threadid=10: interp stack at 0x615a6000
W/BroadcastQueue(  754): Skipping deliver [background] BroadcastRecord{42dc5310 u-1 android.net.conn.CONNECTIVITY_CHANGE} to ReceiverList{42d99168 20980 (unknown name)/2000/u-1 remote:42d990a0}: process crashing
D/InputReader(  754): K_lock
D/InputReader(  754): SK_Lock_r
D/InputReader(  754): K_lock
D/InputReader(  754): SK_Lock_r
D/InputReader(  754): K_lock
D/InputReader(  754): SK_Lock_r
D/InputReader(  754): K_lock
D/InputReader(  754): SK_Lock_r
D/InputReader(  754): K_lock
D/InputReader(  754): SK_Lock_r
D/InputReader(  754): K_lock
D/InputReader(  754): SK_Lock_r
D/InputReader(  754): K_lock
D/InputReader(  754): SK_Lock_r
D/InputReader(  754): K_lock
D/InputReader(  754): SK_Lock_r
D/zzz     (  754): called startActivity
V/ActivityManager(  754): notify app switch for new activity com.mpr.mprepubreader Where 1
D/dalvikvm(  754): create interp thread : stack size=128KB
D/dalvikvm(  754): create new thread
D/dalvikvm(  754): new thread created
D/dalvikvm(  754): update thread list
D/dalvikvm(  754): threadid=78: interp stack at 0x689f8000
D/dalvikvm(  754): threadid=78: created from interp
D/dalvikvm(  754): start new thread
D/dalvikvm(  754): threadid=78: notify debugger
D/dalvikvm(  754): threadid=78 (Thread-2601): calling run()
D/ActivityManager(  754): notifyAppSwitch resumed: true; pkg:com.mpr.mprepubreader
I/ActivityManager(  754): START u0 {act=android.intent.action.MAIN cat=[android.intent.category.LAUNCHER] flg=0x10200000 cmp=com.mpr.mprepubreader/.activity.SplashActivity} from pid 20980
D/ActivityManager(  754): com.mpr.mprepubreader: resumed, notify app
D/dalvikvm(  754): threadid=78: exiting
D/dalvikvm(  754): threadid=78: bye!
D/ActivityManager(  754): ACT-moveHomeTask toFront : false homeInFront = false
D/ActivityManager(  754): launchFlags = 10200000, launchMode = 0, realActivity = ComponentInfo{com.mpr.mprepubreader/com.mpr.mprepubreader.activity.SplashActivity}, task.realActivity = ComponentInfo{com.mpr.mprepubreader/com.mpr.mprepubreader.activity.SplashActivity}
