D/ActivityManager(  754): ACT-BMW, insertTaskAtTop fromHome = true lastStack = ActivityStack{4292a198 stackId=0, 1 tasks} this = ActivityStack{425fa770 stackId=3, 8 tasks} topTask() = TaskRecord{42cc33d0 #109 A=com.android.settings U=0 sz=3}
D/PowerManagerService(  754): acquireWakeLockInternal: lock=1113532800, flags=0x1, tag="ActivityManager-Launch", ws=null, uid=1000, pid=754
D/PowerManagerNotifier(  754): onWakeLockAcquired: flags=1, tag="ActivityManager-Launch", packageName=android, ownerUid=1000, ownerPid=754, workSource=null
D/PowerManagerService(  754): updateWakeLockSummaryLocked: mWakefulness=Awake, mWakeLockSummary=0x1
D/PowerManagerService(  754): newScreenState = 2
D/PowerManagerDisplayController(  754): requestPowerState: screenState=2, useProximitySensor=false, forceProximitySensorEnable=false, forceWakeUpEnable=false, screenBrightness=45, screenAutoBrightnessAdjustment=0.0, useAutoBrightness=false, useEcoBrightness=false, blockScreenOn=false, waitForNegativeProximity=false
I/PowerManagerService(  754): setBrightness mButtonLight, screenBrightness=45
D/PowerManagerService(  754): updateScreenStateLocked: mDisplayReady=true, newScreenState=2, mWakefulness=1, mWakeLockSummary=0x1, mUserActivitySummary=0x5, mBootCompleted=true
D/PowerManagerService(  754): handleSandman: canDream=false, mWakefulness=Awake
D/ActivityManager(  754): launchFlags = 34000000, launchMode = 2, realActivity = ComponentInfo{com.lenovo.browser/com.lenovo.browser.BrowserActivity}, task.realActivity = ComponentInfo{com.lenovo.browser/com.lenovo.browser.BrowserActivity}
D/ActivityManager(  754): ACT-moveHomeTask toFront : false homeInFront = false
V/WindowManager(  754): Changing focus from Window{42ce3be0 u0 com.lenovo.launcher/com.lenovo.launcher.Launcher} to null Callers=com.android.server.wm.WindowManagerService.setFocusedApp:4470 com.android.server.am.ActivityManagerService.setFocusedActivityLocked:2499 com.android.server.am.ActivityStackSupervisor.startActivityUncheckedLocked:2360 com.android.server.am.ActivityManagerService.doPendingActivityLaunchesLocked:3468 
I/WindowManager(  754): Losing focus: Window{42ce3be0 u0 com.lenovo.launcher/com.lenovo.launcher.Launcher}
D/ActivityManager(  754): ACT-moveHomeTask toFront : false homeInFront = false
D/ActivityManager(  754): ACT-moveHomeTask toFront : false homeInFront = false
W/ActivityManager(  754): insertTaskAtTop: set mOnTopOfHome to true: TaskRecord{42cc33d0 #109 A=com.android.settings U=0 sz=3}
D/ActivityManager(  754): ACT-BMW, insertTaskAtTop fromHome = true lastStack = ActivityStack{4292a198 stackId=0, 1 tasks} this = ActivityStack{425fa770 stackId=3, 8 tasks} topTask() = TaskRecord{42ba1000 #6 A=com.lenovo.browser U=0 sz=2}
D/ActivityManager(  754): launchFlags = 10200000, launchMode = 0, realActivity = ComponentInfo{com.mpr.mprepubreader/com.mpr.mprepubreader.activity.SplashActivity}, task.realActivity = ComponentInfo{com.mpr.mprepubreader/com.mpr.mprepubreader.activity.SplashActivity}
V/ActivityManager(  754): Broadcast: Intent { act=com.lenovo.launcher.action.LAUNCH flg=0x10 (has extras) } ordered=false userid=0 callerApp=ProcessRecord{42be8c58 1261:android.process.acore/u0a13}
D/ActivityThread( 1261): ACT-AM_ON_PAUSE_CALLED ActivityRecord{424e0bc0 token=android.os.BinderProxy@424e01f8 {com.lenovo.launcher/com.lenovo.launcher.Launcher}}
W/ContextImpl(  754): Calling a method in the system process without a qualified user: android.app.ContextImpl.sendBroadcast:1257 com.android.server.wm.WindowManagerService.updateOrientationFromAppTokens:4231 com.android.server.am.ActivityStack.resumeTopActivityLocked:1746 com.android.server.am.ActivityStackSupervisor.resumeTopActivitiesLocked:2683 com.android.server.am.ActivityStack.completePauseLocked:1000 
V/ActivityManager(  754): Broadcast: Intent { act=android.intent.action.WINDOW_MANAGER_SERVICE_FORCED_APP_ORIENTATION flg=0x10 (has extras) } ordered=false userid=0 callerApp=ProcessRecord{424ffa30 754:system/1000}
V/ActivityManager(  754): ensureActivitiesVisibleLocked: consider front
V/ActivityManager(  754): ensureActivitiesVisibleLocked: consider back
V/ActivityManager(  754): Broadcast: Intent { act=action.boardcast.resume.activity.info flg=0x10 (has extras) } ordered=false userid=-2 callerApp=ProcessRecord{424ffa30 754:system/1000}
V/ActivityManager(  754): ensureActivitiesVisibleLocked: consider front
V/ActivityManager(  754): ensureActivitiesVisibleLocked: consider back
D/ActivityThread(18273): ACT-AM_ON_RESUME_CALLED ActivityRecord{42e12ae8 token=android.os.BinderProxy@43a8fea8 {com.mpr.mprepubreader/com.mpr.mprepubreader.activity.NetworkBookSearchActivity}}
D/ActivityThread( 1261): ACT-PAUSE_ACTIVITY handled : 1 / android.os.BinderProxy@424e01f8
V/ActivityManager(  754): ACT-Activity idle: null
D/ActivityThread(18273): ACT-RESUME_ACTIVITY handled : 1 / android.os.BinderProxy@43a8fea8
V/ActivityManager(  754): Broadcast: Intent { act=com.lenovo.launcher.broadcast.exit flg=0x10 } ordered=false userid=0 callerApp=ProcessRecord{42be8c58 1261:android.process.acore/u0a13}
V/NetworkStats(  754): setKernelCounterSet uid=10265 set=1
D/ConnectivityService(  754): onUidRulesChanged(uid=10265, uidRules=0)
V/ActivityManager(  754): ACT-Activity idle: null
V/ActivityManager(  754): ACT-Activity idle: null
V/WindowManager(  754): Changing focus from null to Window{439958e8 u0 com.mpr.mprepubreader/com.mpr.mprepubreader.activity.NetworkBookSearchActivity} Callers=com.android.server.wm.WindowManagerService.relayoutWindow:3505 com.android.server.wm.Session.relayout:191 android.view.IWindowSession$Stub.onTransact:235 com.android.server.wm.Session.onTransact:126 
I/WindowManager(  754): Gaining focus: Window{439958e8 u0 com.mpr.mprepubreader/com.mpr.mprepubreader.activity.NetworkBookSearchActivity}
V/SettingsProvider(  754): call(system:safeinputmethod_on) for 0
V/InputMethodManagerService(  754): windowGainedFocus: android.os.BinderProxy@437490f0 controlFlags=#107 softInputMode=#120 windowFlags=#1810100
V/ActivityManager(  754): ACT-Activity idle: Token{42e32640 ActivityRecord{42e324d0 u0 com.mpr.mprepubreader/.activity.NetworkBookSearchActivity t111}}
D/PowerManagerService(  754): releaseWakeLockInternal: lock=1113532800 [ActivityManager-Launch], flags=0x0, total_time=66ms
D/PowerManagerNotifier(  754): onWakeLockReleased: flags=1, tag="ActivityManager-Launch", packageName=android, ownerUid=1000, ownerPid=754, workSource=null
D/PowerManagerService(  754): updateWakeLockSummaryLocked: mWakefulness=Awake, mWakeLockSummary=0x1
D/PowerManagerService(  754): newScreenState = 2
D/PowerManagerDisplayController(  754): requestPowerState: screenState=2, useProximitySensor=false, forceProximitySensorEnable=false, forceWakeUpEnable=false, screenBrightness=45, screenAutoBrightnessAdjustment=0.0, useAutoBrightness=false, useEcoBrightness=false, blockScreenOn=false, waitForNegativeProximity=false
I/PowerManagerService(  754): setBrightness mButtonLight, screenBrightness=45
D/PowerManagerService(  754): updateScreenStateLocked: mDisplayReady=true, newScreenState=2, mWakefulness=1, mWakeLockSummary=0x1, mUserActivitySummary=0x5, mBootCompleted=true
V/ActivityManager(  754): ensureActivitiesVisibleLocked: consider front
V/ActivityManager(  754): ensureActivitiesVisibleLocked: consider back
D/PowerManagerService(  754): handleSandman: canDream=false, mWakefulness=Awake
V/ActivityManager(  754): Broadcast sticky: Intent { act=android.intent.action.SIG_STR flg=0x20000010 (has extras) } ordered=false userid=-1 callerApp=ProcessRecord{424ffa30 754:system/1000}
D/ActivityManager(  754): ACT-windowsGone(): ActivityRecord{425214f0 u0 com.lenovo.launcher/.Launcher t1}
D/PowerManagerService(  754): handleUserActivityTimeout
D/PowerManagerService(  754): updateUserActivitySummaryLocked: mWakefulness=Awake, mUserActivitySummary=0x1, nextTimeout=159882923 (in 290540 ms)
D/PowerManagerService(  754): newScreenState = 2
D/PowerManagerDisplayController(  754): requestPowerState: screenState=2, useProximitySensor=false, forceProximitySensorEnable=false, forceWakeUpEnable=false, screenBrightness=45, screenAutoBrightnessAdjustment=0.0, useAutoBrightness=false, useEcoBrightness=false, blockScreenOn=false, waitForNegativeProximity=false
I/PowerManagerService(  754): setBrightness mButtonLight 0.
D/PowerManagerService(  754): updateScreenStateLocked: mDisplayReady=true, newScreenState=2, mWakefulness=1, mWakeLockSummary=0x1, mUserActivitySummary=0x1, mBootCompleted=true
D/PowerManagerService(  754): handleSandman: canDream=false, mWakefulness=Awake
V/ActivityManager(  754): Broadcast: Intent { act=com.lenovo.safecenter.activityswitch flg=0x10 (has extras) } ordered=false userid=0 callerApp=ProcessRecord{42cc0670 1519:com.lenovo.safecenter/u0a17}
V/SettingsProvider(  754): call_put(system:safe_input_method=com.android.inputmethod.latin/.LatinIME) for 0
V/SettingsProvider(  754): insert(content://settings/system) for user 0 by 0
D/ActivityThread( 1519): BDC-Calling onReceive: intent=Intent { act=com.lenovo.safecenter.activityswitch flg=0x10 cmp=com.lenovo.safecenter/.Laboratory.SafeHomePageBroadcast (has extras) }, ordered=true, receiver=com.lenovo.safecenter.Laboratory.SafeHomePageBroadcast@42876c40
V/ActivityManager(  754): Broadcast: Intent { act=com.lenovo.safecenter.activityswitch2 flg=0x10 (has extras) } ordered=false userid=0 callerApp=ProcessRecord{42cc0670 1519:com.lenovo.safecenter/u0a17}
D/ActivityThread( 1519): BDC-RECEIVER handled : 0 / ReceiverData{intent=Intent { act=com.lenovo.safecenter.activityswitch flg=0x10 cmp=com.lenovo.safecenter/.Laboratory.SafeHomePageBroadcast (has extras) } packageName=com.lenovo.safecenter resultCode=-1 resultData=null resultExtras=null}
V/SettingsProvider(  754): call_put(system:safe_input_method=com.android.inputmethod.latin/.LatinIME) for 0
V/SettingsProvider(  754): insert(content://settings/system) for user 0 by 0
D/ActivityThread( 1519): BDC-Calling onReceive: intent=Intent { act=com.lenovo.safecenter.activityswitch flg=0x10 cmp=com.lenovo.safecenter/com.lenovo.performance.receiver.LeemCenterReceiver (has extras) }, ordered=true, receiver=com.lenovo.performance.receiver.LeemCenterReceiver@4270e320
D/ActivityThread( 1519): BDC-RECEIVER handled : 0 / ReceiverData{intent=Intent { act=com.lenovo.safecenter.activityswitch flg=0x10 cmp=com.lenovo.safecenter/com.lenovo.performance.receiver.LeemCenterReceiver (has extras) } packageName=com.lenovo.safecenter resultCode=0 resultData=null resultExtras=null}
D/ActivityManager(  754): ACT-windowsVisible(): ActivityRecord{42e324d0 u0 com.mpr.mprepubreader/.activity.NetworkBookSearchActivity t111}
D/ActivityManager(  754): ACT-IDLE_NOW_MSG from windowsVisible() for idle: ActivityRecord{42e324d0 u0 com.mpr.mprepubreader/.activity.NetworkBookSearchActivity t111}
V/ActivityManager(  754): ACT-Activity idle: null
V/ActivityManager(  754): ensureActivitiesVisibleLocked: consider front
V/ActivityManager(  754): ensureActivitiesVisibleLocked: consider back
D/ActivityThread( 1261): ACT-STOP_ACTIVITY_HIDE handled : 0 / android.os.BinderProxy@424e01f8
V/NetworkStats(  754): setKernelCounterSet uid=10013 set=0
D/ConnectivityService(  754): onUidRulesChanged(uid=10013, uidRules=0)
D/PowerManagerService(  754): userActivityFromNative
D/PowerManagerService(  754): userActivityNoUpdateLocked: eventTime=159593616, event=2, flags=0x0, uid=1000
D/PowerManagerNotifier(  754): onUserActivity: event=2, uid=1000
D/PowerManagerService(  754): updateUserActivitySummaryLocked: mWakefulness=Awake, mUserActivitySummary=0x1, nextTimeout=159884416 (in 290799 ms)
D/PowerManagerService(  754): newScreenState = 2
D/PowerManagerDisplayController(  754): requestPowerState: screenState=2, useProximitySensor=false, forceProximitySensorEnable=false, forceWakeUpEnable=false, screenBrightness=45, screenAutoBrightnessAdjustment=0.0, useAutoBrightness=false, useEcoBrightness=false, blockScreenOn=false, waitForNegativeProximity=false
I/PowerManagerService(  754): setBrightness mButtonLight 0.
D/PowerManagerService(  754): updateScreenStateLocked: mDisplayReady=true, newScreenState=2, mWakefulness=1, mWakeLockSummary=0x1, mUserActivitySummary=0x1, mBootCompleted=true
D/PowerManagerService(  754): handleSandman: canDream=false, mWakefulness=Awake
V/SettingsProvider(  754): call(system:sound_effects_enabled) for 0
I/ActivityManager(  754): startPausingLocked.updateThumbnail is run here
I/ActivityManager(  754): screenshotActivities.screenshotApplications() is run here 
D/PowerManagerService(  754): acquireWakeLockInternal: lock=1113532800, flags=0x1, tag="ActivityManager-Launch", ws=null, uid=1000, pid=754
D/PowerManagerNotifier(  754): onWakeLockAcquired: flags=1, tag="ActivityManager-Launch", packageName=android, ownerUid=1000, ownerPid=754, workSource=null
D/PowerManagerService(  754): updateWakeLockSummaryLocked: mWakefulness=Awake, mWakeLockSummary=0x1
D/PowerManagerService(  754): newScreenState = 2
D/PowerManagerDisplayController(  754): requestPowerState: screenState=2, useProximitySensor=false, forceProximitySensorEnable=false, forceWakeUpEnable=false, screenBrightness=45, screenAutoBrightnessAdjustment=0.0, useAutoBrightness=false, useEcoBrightness=false, blockScreenOn=false, waitForNegativeProximity=false
I/PowerManagerService(  754): setBrightness mButtonLight 0.
D/PowerManagerService(  754): updateScreenStateLocked: mDisplayReady=true, newScreenState=2, mWakefulness=1, mWakeLockSummary=0x1, mUserActivitySummary=0x1, mBootCompleted=true
D/PowerManagerService(  754): handleSandman: canDream=false, mWakefulness=Awake
D/ActivityThread(18273): ACT-AM_ON_PAUSE_CALLED ActivityRecord{42e12ae8 token=android.os.BinderProxy@43a8fea8 {com.mpr.mprepubreader/com.mpr.mprepubreader.activity.NetworkBookSearchActivity}}
W/ContextImpl(  754): Calling a method in the system process without a qualified user: android.app.ContextImpl.sendBroadcast:1257 com.android.server.wm.WindowManagerService.updateOrientationFromAppTokens:4231 com.android.server.am.ActivityStack.resumeTopActivityLocked:1746 com.android.server.am.ActivityStackSupervisor.resumeTopActivitiesLocked:2683 com.android.server.am.ActivityStack.completePauseLocked:1000 
V/ActivityManager(  754): Broadcast: Intent { act=android.intent.action.WINDOW_MANAGER_SERVICE_FORCED_APP_ORIENTATION flg=0x10 (has extras) } ordered=false userid=0 callerApp=ProcessRecord{424ffa30 754:system/1000}
V/ActivityManager(  754): ensureActivitiesVisibleLocked: consider front
V/ActivityManager(  754): ensureActivitiesVisibleLocked: consider back
V/ActivityManager(  754): ensureActivitiesVisibleLocked: consider front
V/ActivityManager(  754): ensureActivitiesVisibleLocked: consider back
D/ActivityThread(18273): ACT-PAUSE_ACTIVITY_FINISHING handled : 0 / android.os.BinderProxy@43a8fea8
D/ActivityThread(18273): ACT-AM_ON_RESUME_CALLED ActivityRecord{43a71bf8 token=android.os.BinderProxy@42beb250 {com.mpr.mprepubreader/com.mpr.mprepubreader.activity.MainActivity}}
D/ConnectivityService(  754): getActiveNetworkInfo:NetworkInfo: type: WIFI[], state: CONNECTED/CONNECTED, reason: (unspecified), extra: "MPR-test", roaming: false, failover: false, isAvailable: true, isConnectedToProvisioningNetwork: false, simId: 0/10265
D/ActivityThread(18273): ACT-RESUME_ACTIVITY handled : 0 / android.os.BinderProxy@42beb250
V/WindowManager(  754): Changing focus from Window{439958e8 u0 com.mpr.mprepubreader/com.mpr.mprepubreader.activity.NetworkBookSearchActivity} to Window{42d11070 u0 com.mpr.mprepubreader/com.mpr.mprepubreader.activity.MainActivity} Callers=com.android.server.wm.WindowManagerService.relayoutWindow:3505 com.android.server.wm.Session.relayout:191 android.view.IWindowSession$Stub.onTransact:235 com.android.server.wm.Session.onTransact:126 
I/WindowManager(  754): Gaining focus: Window{42d11070 u0 com.mpr.mprepubreader/com.mpr.mprepubreader.activity.MainActivity}
D/ConnectivityService(  754): getActiveNetworkInfo:NetworkInfo: type: WIFI[], state: CONNECTED/CONNECTED, reason: (unspecified), extra: "MPR-test", roaming: false, failover: false, isAvailable: true, isConnectedToProvisioningNetwork: false, simId: 0/10265
D/ConnectivityService(  754): getActiveNetworkInfo:NetworkInfo: type: WIFI[], state: CONNECTED/CONNECTED, reason: (unspecified), extra: "MPR-test", roaming: false, failover: false, isAvailable: true, isConnectedToProvisioningNetwork: false, simId: 0/10265
I/FrameworkListener(  160): onDataAvailable get 42 bytes 
V/InputMethodManagerService(  754): windowGainedFocus: android.os.BinderProxy@437490f0 controlFlags=#105 softInputMode=#10 windowFlags=#1810100
V/ActivityManager(  754): ACT-Activity idle: Token{426c8680 ActivityRecord{4252c3b8 u0 com.mpr.mprepubreader/.activity.MainActivity t111}}
D/PowerManagerService(  754): releaseWakeLockInternal: lock=1113532800 [ActivityManager-Launch], flags=0x0, total_time=64ms
D/PowerManagerNotifier(  754): onWakeLockReleased: flags=1, tag="ActivityManager-Launch", packageName=android, ownerUid=1000, ownerPid=754, workSource=null
D/PowerManagerService(  754): updateWakeLockSummaryLocked: mWakefulness=Awake, mWakeLockSummary=0x1
D/PowerManagerService(  754): newScreenState = 2
D/PowerManagerDisplayController(  754): requestPowerState: screenState=2, useProximitySensor=false, forceProximitySensorEnable=false, forceWakeUpEnable=false, screenBrightness=45, screenAutoBrightnessAdjustment=0.0, useAutoBrightness=false, useEcoBrightness=false, blockScreenOn=false, waitForNegativeProximity=false
I/PowerManagerService(  754): setBrightness mButtonLight 0.
D/PowerManagerService(  754): updateScreenStateLocked: mDisplayReady=true, newScreenState=2, mWakefulness=1, mWakeLockSummary=0x1, mUserActivitySummary=0x1, mBootCompleted=true
V/ActivityManager(  754): ensureActivitiesVisibleLocked: consider front
V/ActivityManager(  754): ensureActivitiesVisibleLocked: consider back
D/PowerManagerService(  754): handleSandman: canDream=false, mWakefulness=Awake
D/ActivityManager(  754): ACT-windowsGone(): ActivityRecord{42e324d0 u0 com.mpr.mprepubreader/.activity.NetworkBookSearchActivity t111 f}
D/SocketClient(  160): SocketClient sendDatalocked done: 222
D/SocketClient(  160): SocketClient sendDatalocked done: 
D/SocketClient(  160): SocketClient sendDatalocked done: 
D/SocketClient(  160): SocketClient sendDatalocked done: 
D/SocketClient(  160): SocketClient sendDatalocked done: 
D/SocketClient(  160): SocketClient sendDatalocked done: 
D/SocketClient(  160): SocketClient sendDatalocked done: 
D/SocketClient(  160): SocketClient sendDatalocked done: 
D/SocketClient(  160): SocketClient sendDatalocked done: 
D/SocketClient(  160): SocketClient sendDatalocked done: 
D/SocketClient(  160): SocketClient sendDatalocked done: 
D/SocketClient(  160): SocketClient sendDatalocked done: 
D/SocketClient(  160): SocketClient sendDatalocked done: 
D/SocketClient(  160): SocketClient sendDatalocked done: 
D/SocketClient(  160): SocketClient sendDatalocked done: 
D/SocketClient(  160): SocketClient sendDatalocked done: 
D/SocketClient(  160): SocketClient sendDatalocked done: 
D/SocketClient(  160): SocketClient sendDatalocked done: 
D/SocketClient(  160): SocketClient sendDatalocked done: 
D/SocketClient(  160): SocketClient sendDatalocked done: 
D/SocketClient(  160): SocketClient sendDatalocked done: 
D/SocketClient(  160): SocketClient sendDatalocked done: 
D/SocketClient(  160): SocketClient sendDatalocked done: 
D/SocketClient(  160): SocketClient sendDatalocked done: 
D/SocketClient(  160): SocketClient sendDatalocked done: 
D/SocketClient(  160): SocketClient sendDatalocked done: 
D/SocketClient(  160): SocketClient sendDatalocked done: 
D/ConnectivityService(  754): getActiveNetworkInfo:NetworkInfo: type: WIFI[], state: CONNECTED/CONNECTED, reason: (unspecified), extra: "MPR-test", roaming: false, failover: false, isAvailable: true, isConnectedToProvisioningNetwork: false, simId: 0/10265
I/FrameworkListener(  160): onDataAvailable get 41 bytes 
D/SocketClient(  160): SocketClient sendDatalocked done: 401
D/SocketClient(  160): SocketClient sendDatalocked done: 
D/ActivityManager(  754): ACT-windowsVisible(): ActivityRecord{4252c3b8 u0 com.mpr.mprepubreader/.activity.MainActivity t111}
D/ActivityManager(  754): ACT-IDLE_NOW_MSG from windowsVisible() for idle: ActivityRecord{4252c3b8 u0 com.mpr.mprepubreader/.activity.MainActivity t111}
V/ActivityManager(  754): ACT-Activity idle: null
V/ActivityManager(  754): ensureActivitiesVisibleLocked: consider front
V/ActivityManager(  754): ensureActivitiesVisibleLocked: consider back
W/ActivityManager(  754): Duplicate finish request for ActivityRecord{42e324d0 u0 com.mpr.mprepubreader/.activity.NetworkBookSearchActivity t111 f}
D/ActivityThread(18273): ACT-DESTROY_ACTIVITY handled : 1 / android.os.BinderProxy@43a8fea8
V/AlarmManagerService(  754): Checking for alarms... rtc=1503991560000, elapsed=709645456
I/AlarmManagerService(  754): mAlarmBatches.size() = 17
I/AlarmManagerService(  754): triggerAlarmsLocked: head of list: 709645456 nowELAPSED: 709645456
I/AlarmManagerService(  754): batch.size() = 1
I/AlarmManagerService(  754): triggerAlarmsLocked: head of list: 709856164 nowELAPSED: 709645456
W/AlarmManagerService(  754): triggerAlarmsLocked: head of list: 709856164 nowELAPSED: 709645456 => not fire alarm in the future
I/AlarmManagerService(  754): sending alarm Alarm{42e9c818 type 3 android}
V/ActivityManager(  754): Broadcast: Intent { act=android.intent.action.TIME_TICK flg=0x50000014 (has extras) } ordered=true userid=-1 callerApp=null
D/PowerManagerService(  754): acquireWakeLockInternal: lock=1116691856, flags=0x1, tag="AlarmManagerService", ws=WorkSource{1000}, uid=1000, pid=754
D/PowerManagerNotifier(  754): onWakeLockAcquired: flags=1, tag="AlarmManagerService", packageName=android, ownerUid=1000, ownerPid=754, workSource=WorkSource{1000}
D/PowerManagerService(  754): updateWakeLockSummaryLocked: mWakefulness=Awake, mWakeLockSummary=0x1
D/ActivityThread(  754): BDC-Calling onReceive: intent=Intent { act=android.intent.action.TIME_TICK flg=0x50000014 (has extras) }, ordered=true, receiver=com.android.server.AlarmManagerService$ClockReceiver@428e19e8, IIntentReceiver=428f9900
V/AlarmManagerService(  754): Received TIME_TICK alarm; rescheduling
I/AlarmManagerService(  754): jincai- android set alarm
D/PowerManagerService(  754): newScreenState = 2
D/PowerManagerDisplayController(  754): requestPowerState: screenState=2, useProximitySensor=false, forceProximitySensorEnable=false, forceWakeUpEnable=false, screenBrightness=45, screenAutoBrightnessAdjustment=0.0, useAutoBrightness=false, useEcoBrightness=false, blockScreenOn=false, waitForNegativeProximity=false
I/PowerManagerService(  754): setBrightness mButtonLight 0.
D/PowerManagerService(  754): updateScreenStateLocked: mDisplayReady=true, newScreenState=2, mWakefulness=1, mWakeLockSummary=0x1, mUserActivitySummary=0x1, mBootCompleted=true
D/PowerManagerService(  754): handleSandman: canDream=false, mWakefulness=Awake
V/AlarmManagerService(  754): set(PendingIntent{4285a0a0: PendingIntentRecord{4278e338 android broadcastIntent}}) : type=3 triggerAtTime=709705455 win=0 tElapsed=709705455 maxElapsed=709705455 interval=0 standalone=true
D/ActivityThread(  754): BDC-Calling finishReceiver: IIntentReceiver=428f9900
D/ActivityThread(  838): BDC-Calling onReceive: intent=Intent { act=android.intent.action.TIME_TICK flg=0x50000014 (has extras) }, ordered=true, receiver=com.lenovo.adapter.LenovoAdapterMtk$1@42585b70, IIntentReceiver=425a8858
D/ActivityThread(  838): BDC-Calling finishReceiver: IIntentReceiver=425a8858
D/ActivityThread(  838): BDC-Calling onReceive: intent=Intent { act=android.intent.action.TIME_TICK flg=0x50000014 (has extras) }, ordered=true, receiver=com.lenovo.keyguard.app.model.PackageRecordModel$1@427856e8, IIntentReceiver=42785af8
D/ActivityThread(  838): BDC-Calling finishReceiver: IIntentReceiver=42785af8
D/ActivityThread(  894): BDC-Calling onReceive: intent=Intent { act=android.intent.action.TIME_TICK flg=0x50000014 (has extras) }, ordered=true, receiver=com.android.systemui.statusbar.policy.Clock$1@4255f5f8, IIntentReceiver=42861b60
V/SettingsProvider(  754):    access setting for user 0
V/SettingsProvider(  754): call(system:time_12_24) for 0
V/SettingsProvider(  754):    access setting for user 0
V/SettingsProvider(  754): call(system:time_12_24) for 0
D/ActivityThread(  894): BDC-Calling finishReceiver: IIntentReceiver=42861b60
D/ActivityThread( 1194): BDC-Calling onReceive: intent=Intent { act=android.intent.action.TIME_TICK flg=0x50000014 (has extras) }, ordered=true, receiver=com.lenovo.weatherserver.TimeTickService$1@424ee1f8, IIntentReceiver=424eefd8
V/ActivityManager(  754): Broadcast: Intent { act=com.lenovo.weather.action.TIME_TICK flg=0x30 } ordered=false userid=0 callerApp=ProcessRecord{42bff250 1194:com.lenovo.weatherserver/u0a69}
D/ActivityThread( 1194): BDC-Calling finishReceiver: IIntentReceiver=424eefd8
D/ActivityThread( 2285): BDC-Calling onReceive: intent=Intent { act=com.lenovo.weather.action.TIME_TICK flg=0x30 cmp=com.lenovo.lewea/com.lenovo.weather.receiver.CommonReceiver }, ordered=true, receiver=com.lenovo.weather.receiver.CommonReceiver@4250c660
D/ActivityThread( 2285): BDC-RECEIVER handled : 0 / ReceiverData{intent=Intent { act=com.lenovo.weather.action.TIME_TICK flg=0x30 cmp=com.lenovo.lewea/com.lenovo.weather.receiver.CommonReceiver } packageName=com.lenovo.lewea resultCode=-1 resultData=null resultExtras=null}
D/ActivityThread(  894): BDC-Calling onReceive: intent=Intent { act=android.intent.action.TIME_TICK flg=0x50000014 (has extras) }, ordered=true, receiver=com.android.systemui.statusbar.policy.Clock$1@426604c8, IIntentReceiver=42867be8
V/SettingsProvider(  754):    access setting for user 0
V/SettingsProvider(  754): call(system:time_12_24) for 0
D/ActivityThread( 2285): BDC-Calling onReceive: intent=Intent { act=com.lenovo.weather.action.TIME_TICK flg=0x30 cmp=com.lenovo.lewea/.widget.WeatherWidget }, ordered=true, receiver=com.lenovo.lewea.widget.WeatherWidget@4264b668
V/SettingsProvider(  754):    access setting for user 0
V/SettingsProvider(  754): call(system:time_12_24) for 0
D/ActivityThread(  894): BDC-Calling finishReceiver: IIntentReceiver=42867be8
D/ActivityThread( 2285): BDC-RECEIVER handled : 0 / ReceiverData{intent=Intent { act=com.lenovo.weather.action.TIME_TICK flg=0x30 cmp=com.lenovo.lewea/.widget.WeatherWidget } packageName=com.lenovo.lewea resultCode=0 resultData=null resultExtras=null}
D/ActivityThread( 2285): SVC-Creating service: CreateServiceData{token=android.os.BinderProxy@4264c1f8 className=com.lenovo.weather.service.UpdateAppWidgetService packageName=com.lenovo.lewea intent=null}
D/ActivityThread( 2285): SVC-CREATE_SERVICE handled : 0 / CreateServiceData{token=android.os.BinderProxy@4264c1f8 className=com.lenovo.weather.service.UpdateAppWidgetService packageName=com.lenovo.lewea intent=null}
D/ActivityThread( 2285): SVC-SERVICE_ARGS handled : 0 / ServiceArgsData{token=android.os.BinderProxy@4264c1f8 startId=1 args=Intent { cmp=com.lenovo.lewea/com.lenovo.weather.service.UpdateAppWidgetService }}
D/ActivityThread( 2285): SVC-Destroying service: com.lenovo.weather.service.UpdateAppWidgetService@4264d520
D/ActivityThread( 2285): SVC-STOP_SERVICE handled : 0 / android.os.BinderProxy@4264c1f8
D/ActivityThread(  894): BDC-Calling onReceive: intent=Intent { act=android.intent.action.TIME_TICK flg=0x50000014 (has extras) }, ordered=true, receiver=com.android.systemui.statusbar.policy.Clock$1@426659b8, IIntentReceiver=42876b18
V/SettingsProvider(  754):    access setting for user 0
V/SettingsProvider(  754): call(system:time_12_24) for 0
V/SettingsProvider(  754):    access setting for user 0
V/SettingsProvider(  754): call(system:time_12_24) for 0
D/ActivityThread(  894): BDC-Calling finishReceiver: IIntentReceiver=42876b18
D/ActivityThread(  894): BDC-Calling onReceive: intent=Intent { act=android.intent.action.TIME_TICK flg=0x50000014 (has extras) }, ordered=true, receiver=android.widget.DateTimeView$1@42a93210, IIntentReceiver=42694fb8
D/ActivityThread(  894): BDC-Calling finishReceiver: IIntentReceiver=42694fb8
D/ActivityThread(  894): BDC-Calling onReceive: intent=Intent { act=android.intent.action.TIME_TICK flg=0x50000014 (has extras) }, ordered=true, receiver=android.widget.DateTimeView$1@426466d8, IIntentReceiver=4282ce58
D/ActivityThread(  894): BDC-Calling finishReceiver: IIntentReceiver=4282ce58
D/ActivityThread(  894): BDC-Calling onReceive: intent=Intent { act=android.intent.action.TIME_TICK flg=0x50000014 (has extras) }, ordered=true, receiver=android.widget.DateTimeView$1@424fd948, IIntentReceiver=4253f348
D/ActivityThread(  894): BDC-Calling finishReceiver: IIntentReceiver=4253f348
D/PowerManagerService(  754): releaseWakeLockInternal: lock=1116691856 [AlarmManagerService], flags=0x0, total_time=55ms
D/PowerManagerNotifier(  754): onWakeLockReleased: flags=1, tag="AlarmManagerService", packageName=android, ownerUid=1000, ownerPid=754, workSource=WorkSource{1000}
D/PowerManagerService(  754): updateWakeLockSummaryLocked: mWakefulness=Awake, mWakeLockSummary=0x1
D/PowerManagerService(  754): newScreenState = 2
D/PowerManagerDisplayController(  754): requestPowerState: screenState=2, useProximitySensor=false, forceProximitySensorEnable=false, forceWakeUpEnable=false, screenBrightness=45, screenAutoBrightnessAdjustment=0.0, useAutoBrightness=false, useEcoBrightness=false, blockScreenOn=false, waitForNegativeProximity=false
I/PowerManagerService(  754): setBrightness mButtonLight 0.
D/PowerManagerService(  754): updateScreenStateLocked: mDisplayReady=true, newScreenState=2, mWakefulness=1, mWakeLockSummary=0x1, mUserActivitySummary=0x1, mBootCompleted=true
D/PowerManagerService(  754): handleSandman: canDream=false, mWakefulness=Awake
I/thermal_repeater(  197): oh, queryMdThermalInfo (0)Success
I/thermal_repeater(  197): [recvMdThermalInfo] ret=5, strLen=127, ERROR
V/ActivityManager(  754): Broadcast sticky: Intent { act=android.intent.action.SIG_STR flg=0x20000010 (has extras) } ordered=false userid=-1 callerApp=ProcessRecord{424ffa30 754:system/1000}
I/ANRManager(  754): updateProcessStats
I/thermal_repeater(  197): oh, queryMdThermalInfo (0)Success
I/thermal_repeater(  197): [recvMdThermalInfo] ret=5, strLen=127, ERROR
V/ActivityManager(  754): Broadcast sticky: Intent { act=android.intent.action.SIG_STR flg=0x20000010 (has extras) } ordered=false userid=-1 callerApp=ProcessRecord{424ffa30 754:system/1000}
I/thermal_repeater(  197): oh, queryMdThermalInfo (0)Success
I/thermal_repeater(  197): [recvMdThermalInfo] ret=5, strLen=127, ERROR
V/ActivityManager(  754): Broadcast sticky: Intent { act=android.intent.action.SIG_STR flg=0x20000010 (has extras) } ordered=false userid=-1 callerApp=ProcessRecord{424ffa30 754:system/1000}
I/ANRManager(  754): updateProcessStats
I/ANRManager(  754): CPU update time < 2.5sec
I/thermal_repeater(  197): oh, queryMdThermalInfo (0)Success
I/thermal_repeater(  197): [recvMdThermalInfo] ret=5, strLen=127, ERROR
V/ActivityManager(  754): Broadcast sticky: Intent { act=android.intent.action.SIG_STR flg=0x20000010 (has extras) } ordered=false userid=-1 callerApp=ProcessRecord{424ffa30 754:system/1000}
I/thermal_repeater(  197): oh, queryMdThermalInfo (0)Success
I/thermal_repeater(  197): [recvMdThermalInfo] ret=5, strLen=127, ERROR
I/thermal_repeater(  197): oh, queryMdThermalInfo (0)Success
I/thermal_repeater(  197): [recvMdThermalInfo] ret=5, strLen=127, ERROR
V/ActivityManager(  754): Broadcast sticky: Intent { act=android.intent.action.SIG_STR flg=0x20000010 (has extras) } ordered=false userid=-1 callerApp=ProcessRecord{424ffa30 754:system/1000}
I/ANRManager(  754): updateProcessStats
I/thermal_repeater(  197): oh, queryMdThermalInfo (0)Success
I/thermal_repeater(  197): [recvMdThermalInfo] ret=5, strLen=127, ERROR
V/ActivityManager(  754): Broadcast sticky: Intent { act=android.intent.action.SIG_STR flg=0x20000010 (has extras) } ordered=false userid=-1 callerApp=ProcessRecord{424ffa30 754:system/1000}
I/thermal_repeater(  197): oh, queryMdThermalInfo (0)Success
I/thermal_repeater(  197): [recvMdThermalInfo] ret=5, strLen=127, ERROR
V/ActivityManager(  754): Broadcast sticky: Intent { act=android.intent.action.SIG_STR flg=0x20000010 (has extras) } ordered=false userid=-1 callerApp=ProcessRecord{424ffa30 754:system/1000}
I/thermal_repeater(  197): oh, queryMdThermalInfo (0)Success
I/thermal_repeater(  197): [recvMdThermalInfo] ret=5, strLen=127, ERROR
V/ActivityManager(  754): Broadcast sticky: Intent { act=android.intent.action.SIG_STR flg=0x20000010 (has extras) } ordered=false userid=-1 callerApp=ProcessRecord{424ffa30 754:system/1000}
I/thermal_repeater(  197): oh, queryMdThermalInfo (0)Success
I/thermal_repeater(  197): [recvMdThermalInfo] ret=5, strLen=127, ERROR
I/thermal_repeater(  197): oh, queryMdThermalInfo (0)Success
I/thermal_repeater(  197): [recvMdThermalInfo] ret=5, strLen=127, ERROR
V/ActivityManager(  754): Broadcast sticky: Intent { act=android.intent.action.SIG_STR flg=0x20000010 (has extras) } ordered=false userid=-1 callerApp=ProcessRecord{424ffa30 754:system/1000}
I/thermal_repeater(  197): oh, queryMdThermalInfo (0)Success
I/thermal_repeater(  197): [recvMdThermalInfo] ret=5, strLen=127, ERROR
V/ActivityManager(  754): Broadcast sticky: Intent { act=android.intent.action.SIG_STR flg=0x20000010 (has extras) } ordered=false userid=-1 callerApp=ProcessRecord{424ffa30 754:system/1000}
V/AlarmManagerService(  754): Checking for alarms... rtc=1503991620001, elapsed=709705456
I/AlarmManagerService(  754): mAlarmBatches.size() = 17
I/AlarmManagerService(  754): triggerAlarmsLocked: head of list: 709705455 nowELAPSED: 709705456
I/AlarmManagerService(  754): batch.size() = 1
I/AlarmManagerService(  754): triggerAlarmsLocked: head of list: 709856164 nowELAPSED: 709705456
W/AlarmManagerService(  754): triggerAlarmsLocked: head of list: 709856164 nowELAPSED: 709705456 => not fire alarm in the future
I/AlarmManagerService(  754): sending alarm Alarm{42ce3f10 type 3 android}
V/ActivityManager(  754): Broadcast: Intent { act=android.intent.action.TIME_TICK flg=0x50000014 (has extras) } ordered=true userid=-1 callerApp=null
D/PowerManagerService(  754): acquireWakeLockInternal: lock=1116691856, flags=0x1, tag="AlarmManagerService", ws=WorkSource{1000}, uid=1000, pid=754
D/PowerManagerNotifier(  754): onWakeLockAcquired: flags=1, tag="AlarmManagerService", packageName=android, ownerUid=1000, ownerPid=754, workSource=WorkSource{1000}
D/ActivityThread(  754): BDC-Calling onReceive: intent=Intent { act=android.intent.action.TIME_TICK flg=0x50000014 (has extras) }, ordered=true, receiver=com.android.server.AlarmManagerService$ClockReceiver@428e19e8, IIntentReceiver=428f9900
V/AlarmManagerService(  754): Received TIME_TICK alarm; rescheduling
I/AlarmManagerService(  754): jincai- android set alarm
D/PowerManagerService(  754): updateWakeLockSummaryLocked: mWakefulness=Awake, mWakeLockSummary=0x1
D/PowerManagerService(  754): newScreenState = 2
D/PowerManagerDisplayController(  754): requestPowerState: screenState=2, useProximitySensor=false, forceProximitySensorEnable=false, forceWakeUpEnable=false, screenBrightness=45, screenAutoBrightnessAdjustment=0.0, useAutoBrightness=false, useEcoBrightness=false, blockScreenOn=false, waitForNegativeProximity=false
I/PowerManagerService(  754): setBrightness mButtonLight 0.
D/PowerManagerService(  754): updateScreenStateLocked: mDisplayReady=true, newScreenState=2, mWakefulness=1, mWakeLockSummary=0x1, mUserActivitySummary=0x1, mBootCompleted=true
D/PowerManagerService(  754): handleSandman: canDream=false, mWakefulness=Awake
V/AlarmManagerService(  754): set(PendingIntent{4285a0a0: PendingIntentRecord{4278e338 android broadcastIntent}}) : type=3 triggerAtTime=709765455 win=0 tElapsed=709765455 maxElapsed=709765455 interval=0 standalone=true
D/ActivityThread(  754): BDC-Calling finishReceiver: IIntentReceiver=428f9900
D/ActivityThread(  838): BDC-Calling onReceive: intent=Intent { act=android.intent.action.TIME_TICK flg=0x50000014 (has extras) }, ordered=true, receiver=com.lenovo.adapter.LenovoAdapterMtk$1@42585b70, IIntentReceiver=425a8858
D/ActivityThread(  838): BDC-Calling finishReceiver: IIntentReceiver=425a8858
D/ActivityThread(  838): BDC-Calling onReceive: intent=Intent { act=android.intent.action.TIME_TICK flg=0x50000014 (has extras) }, ordered=true, receiver=com.lenovo.keyguard.app.model.PackageRecordModel$1@427856e8, IIntentReceiver=42785af8
D/ActivityThread(  838): BDC-Calling finishReceiver: IIntentReceiver=42785af8
D/ActivityThread(  894): BDC-Calling onReceive: intent=Intent { act=android.intent.action.TIME_TICK flg=0x50000014 (has extras) }, ordered=true, receiver=com.android.systemui.statusbar.policy.Clock$1@4255f5f8, IIntentReceiver=42861b60
V/SettingsProvider(  754):    access setting for user 0
V/SettingsProvider(  754): call(system:time_12_24) for 0
V/SettingsProvider(  754):    access setting for user 0
V/SettingsProvider(  754): call(system:time_12_24) for 0
D/ActivityThread(  894): BDC-Calling finishReceiver: IIntentReceiver=42861b60
D/ActivityThread( 1194): BDC-Calling onReceive: intent=Intent { act=android.intent.action.TIME_TICK flg=0x50000014 (has extras) }, ordered=true, receiver=com.lenovo.weatherserver.TimeTickService$1@424ee1f8, IIntentReceiver=424eefd8
V/ActivityManager(  754): Broadcast: Intent { act=com.lenovo.weather.action.TIME_TICK flg=0x30 } ordered=false userid=0 callerApp=ProcessRecord{42bff250 1194:com.lenovo.weatherserver/u0a69}
D/ActivityThread( 1194): BDC-Calling finishReceiver: IIntentReceiver=424eefd8
D/ActivityThread(  894): BDC-Calling onReceive: intent=Intent { act=android.intent.action.TIME_TICK flg=0x50000014 (has extras) }, ordered=true, receiver=com.android.systemui.statusbar.policy.Clock$1@426604c8, IIntentReceiver=42867be8
V/SettingsProvider(  754):    access setting for user 0
V/SettingsProvider(  754): call(system:time_12_24) for 0
V/SettingsProvider(  754):    access setting for user 0
V/SettingsProvider(  754): call(system:time_12_24) for 0
D/ActivityThread(  894): BDC-Calling finishReceiver: IIntentReceiver=42867be8
D/ActivityThread(  894): BDC-Calling onReceive: intent=Intent { act=android.intent.action.TIME_TICK flg=0x50000014 (has extras) }, ordered=true, receiver=com.android.systemui.statusbar.policy.Clock$1@426659b8, IIntentReceiver=42876b18
V/SettingsProvider(  754):    access setting for user 0
V/SettingsProvider(  754): call(system:time_12_24) for 0
V/SettingsProvider(  754):    access setting for user 0
V/SettingsProvider(  754): call(system:time_12_24) for 0
D/ActivityThread(  894): BDC-Calling finishReceiver: IIntentReceiver=42876b18
D/ActivityThread(  894): BDC-Calling onReceive: intent=Intent { act=android.intent.action.TIME_TICK flg=0x50000014 (has extras) }, ordered=true, receiver=android.widget.DateTimeView$1@42a93210, IIntentReceiver=42694fb8
D/ActivityThread(  894): BDC-Calling finishReceiver: IIntentReceiver=42694fb8
D/ActivityThread(  894): BDC-Calling onReceive: intent=Intent { act=android.intent.action.TIME_TICK flg=0x50000014 (has extras) }, ordered=true, receiver=android.widget.DateTimeView$1@426466d8, IIntentReceiver=4282ce58
D/ActivityThread(  894): BDC-Calling finishReceiver: IIntentReceiver=4282ce58
D/ActivityThread(  894): BDC-Calling onReceive: intent=Intent { act=android.intent.action.TIME_TICK flg=0x50000014 (has extras) }, ordered=true, receiver=android.widget.DateTimeView$1@424fd948, IIntentReceiver=4253f348
D/ActivityThread(  894): BDC-Calling finishReceiver: IIntentReceiver=4253f348
D/PowerManagerService(  754): releaseWakeLockInternal: lock=1116691856 [AlarmManagerService], flags=0x0, total_time=119ms
D/PowerManagerNotifier(  754): onWakeLockReleased: flags=1, tag="AlarmManagerService", packageName=android, ownerUid=1000, ownerPid=754, workSource=WorkSource{1000}
D/PowerManagerService(  754): updateWakeLockSummaryLocked: mWakefulness=Awake, mWakeLockSummary=0x1
D/PowerManagerService(  754): newScreenState = 2
D/PowerManagerDisplayController(  754): requestPowerState: screenState=2, useProximitySensor=false, forceProximitySensorEnable=false, forceWakeUpEnable=false, screenBrightness=45, screenAutoBrightnessAdjustment=0.0, useAutoBrightness=false, useEcoBrightness=false, blockScreenOn=false, waitForNegativeProximity=false
I/PowerManagerService(  754): setBrightness mButtonLight 0.
D/PowerManagerService(  754): updateScreenStateLocked: mDisplayReady=true, newScreenState=2, mWakefulness=1, mWakeLockSummary=0x1, mUserActivitySummary=0x1, mBootCompleted=true
D/PowerManagerService(  754): handleSandman: canDream=false, mWakefulness=Awake
D/ActivityThread( 2285): BDC-Calling onReceive: intent=Intent { act=com.lenovo.weather.action.TIME_TICK flg=0x30 cmp=com.lenovo.lewea/com.lenovo.weather.receiver.CommonReceiver }, ordered=true, receiver=com.lenovo.weather.receiver.CommonReceiver@4268ece8
D/ActivityThread( 2285): BDC-RECEIVER handled : 0 / ReceiverData{intent=Intent { act=com.lenovo.weather.action.TIME_TICK flg=0x30 cmp=com.lenovo.lewea/com.lenovo.weather.receiver.CommonReceiver } packageName=com.lenovo.lewea resultCode=-1 resultData=null resultExtras=null}
D/ActivityThread( 2285): BDC-Calling onReceive: intent=Intent { act=com.lenovo.weather.action.TIME_TICK flg=0x30 cmp=com.lenovo.lewea/.widget.WeatherWidget }, ordered=true, receiver=com.lenovo.lewea.widget.WeatherWidget@426b0130
D/ActivityThread( 2285): BDC-RECEIVER handled : 0 / ReceiverData{intent=Intent { act=com.lenovo.weather.action.TIME_TICK flg=0x30 cmp=com.lenovo.lewea/.widget.WeatherWidget } packageName=com.lenovo.lewea resultCode=0 resultData=null resultExtras=null}
D/ActivityThread( 2285): SVC-Creating service: CreateServiceData{token=android.os.BinderProxy@426b0cc0 className=com.lenovo.weather.service.UpdateAppWidgetService packageName=com.lenovo.lewea intent=null}
D/ActivityThread( 2285): SVC-CREATE_SERVICE handled : 0 / CreateServiceData{token=android.os.BinderProxy@426b0cc0 className=com.lenovo.weather.service.UpdateAppWidgetService packageName=com.lenovo.lewea intent=null}
D/ActivityThread( 2285): SVC-SERVICE_ARGS handled : 0 / ServiceArgsData{token=android.os.BinderProxy@426b0cc0 startId=1 args=Intent { cmp=com.lenovo.lewea/com.lenovo.weather.service.UpdateAppWidgetService }}
D/ActivityThread( 2285): SVC-Destroying service: com.lenovo.weather.service.UpdateAppWidgetService@426e7200
D/ActivityThread( 2285): SVC-STOP_SERVICE handled : 0 / android.os.BinderProxy@426b0cc0
I/thermal_repeater(  197): oh, queryMdThermalInfo (0)Success
I/thermal_repeater(  197): [recvMdThermalInfo] ret=5, strLen=127, ERROR
V/ActivityManager(  754): Broadcast sticky: Intent { act=android.intent.action.SIG_STR flg=0x20000010 (has extras) } ordered=false userid=-1 callerApp=ProcessRecord{424ffa30 754:system/1000}
I/ANRManager(  754): updateProcessStats
I/thermal_repeater(  197): oh, queryMdThermalInfo (0)Success
I/thermal_repeater(  197): [recvMdThermalInfo] ret=5, strLen=127, ERROR
V/ActivityManager(  754): Broadcast sticky: Intent { act=android.intent.action.SIG_STR flg=0x20000010 (has extras) } ordered=false userid=-1 callerApp=ProcessRecord{424ffa30 754:system/1000}
D/BatteryService(  754): setBatteryCalistatus ,BatteryCalistatus : 0
V/SettingsProvider(  754): call(system:BatteryCalistatus) for 0
V/ActivityManager(  754): Broadcast sticky: Intent { act=android.intent.action.BATTERY_CHANGED flg=0x60000010 (has extras) } ordered=false userid=-1 callerApp=null
D/PowerManagerService(  754): updateIsPoweredLocked: wasPowered=true, mIsPowered=true, oldPlugType=2, mPlugType=2, mBatteryLevel=100
D/PowerManagerService(  754): handleSandman: canDream=false, mWakefulness=Awake
D/WifiService(  754): onReceive, action:android.intent.action.BATTERY_CHANGED
D/UsbDeviceManager(  754): onReceive - BATTERY_CHANGED - mPlugType: 2, mSettingUsbCharging: false, mConnected: true, mSettingUsbBicr: false
D/WifiController(  754): DeviceActiveState{ when=0 what=155652 arg1=2 target=com.android.internal.util.StateMachine$SmHandler target=Handler (com.android.internal.util.StateMachine$SmHandler) {42a27df0} }
D/WifiController(  754): StaEnabledState{ when=-1ms what=155652 arg1=2 target=com.android.internal.util.StateMachine$SmHandler target=Handler (com.android.internal.util.StateMachine$SmHandler) {42a27df0} }
D/WifiController(  754): DefaultState{ when=-1ms what=155652 arg1=2 target=com.android.internal.util.StateMachine$SmHandler target=Handler (com.android.internal.util.StateMachine$SmHandler) {42a27df0} }
D/WifiController(  754): battery changed pluggedType: 2
I/thermal_repeater(  197): oh, queryMdThermalInfo (0)Success
I/thermal_repeater(  197): [recvMdThermalInfo] ret=5, strLen=127, ERROR
I/ANRManager(  754): updateProcessStats
I/ANRManager(  754): CPU update time < 2.5sec
I/thermal_repeater(  197): oh, queryMdThermalInfo (0)Success
I/thermal_repeater(  197): [recvMdThermalInfo] ret=5, strLen=127, ERROR
V/ActivityManager(  754): Broadcast sticky: Intent { act=android.intent.action.SIG_STR flg=0x20000010 (has extras) } ordered=false userid=-1 callerApp=ProcessRecord{424ffa30 754:system/1000}
I/thermal_repeater(  197): oh, queryMdThermalInfo (0)Success
I/thermal_repeater(  197): [recvMdThermalInfo] ret=5, strLen=127, ERROR
V/ActivityManager(  754): Broadcast sticky: Intent { act=android.intent.action.SIG_STR flg=0x20000010 (has extras) } ordered=false userid=-1 callerApp=ProcessRecord{424ffa30 754:system/1000}
I/thermal_repeater(  197): oh, queryMdThermalInfo (0)Success
I/thermal_repeater(  197): [recvMdThermalInfo] ret=5, strLen=127, ERROR
V/ActivityManager(  754): Broadcast sticky: Intent { act=android.intent.action.SIG_STR flg=0x20000010 (has extras) } ordered=false userid=-1 callerApp=ProcessRecord{424ffa30 754:system/1000}
I/ANRManager(  754): updateProcessStats
I/thermal_repeater(  197): oh, queryMdThermalInfo (0)Success
I/thermal_repeater(  197): [recvMdThermalInfo] ret=5, strLen=127, ERROR
V/ActivityManager(  754): Broadcast sticky: Intent { act=android.intent.action.SIG_STR flg=0x20000010 (has extras) } ordered=false userid=-1 callerApp=ProcessRecord{424ffa30 754:system/1000}
I/thermal_repeater(  197): oh, queryMdThermalInfo (0)Success
I/thermal_repeater(  197): [recvMdThermalInfo] ret=5, strLen=127, ERROR
V/ActivityManager(  754): Broadcast sticky: Intent { act=android.intent.action.SIG_STR flg=0x20000010 (has extras) } ordered=false userid=-1 callerApp=ProcessRecord{424ffa30 754:system/1000}
I/thermal_repeater(  197): oh, queryMdThermalInfo (0)Success
I/thermal_repeater(  197): [recvMdThermalInfo] ret=5, strLen=127, ERROR
V/ActivityManager(  754): Broadcast sticky: Intent { act=android.intent.action.SIG_STR flg=0x20000010 (has extras) } ordered=false userid=-1 callerApp=ProcessRecord{424ffa30 754:system/1000}
I/thermal_repeater(  197): oh, queryMdThermalInfo (0)Success
I/thermal_repeater(  197): [recvMdThermalInfo] ret=5, strLen=127, ERROR
V/ActivityManager(  754): Broadcast sticky: Intent { act=android.intent.action.SIG_STR flg=0x20000010 (has extras) } ordered=false userid=-1 callerApp=ProcessRecord{424ffa30 754:system/1000}
I/thermal_repeater(  197): oh, queryMdThermalInfo (0)Success
I/thermal_repeater(  197): [recvMdThermalInfo] ret=5, strLen=127, ERROR
V/ActivityManager(  754): Broadcast: Intent { act=com.android.providers.media.ACTIVATE_MEDIAPROCESS flg=0x10 } ordered=false userid=0 callerApp=ProcessRecord{42cd6308 4453:android.process.media/u0a4}
D/ActivityThread( 4453): BDC-Calling onReceive: intent=Intent { act=com.android.providers.media.ACTIVATE_MEDIAPROCESS flg=0x10 cmp=com.android.providers.media/.MtpReceiver }, ordered=true, receiver=com.android.providers.media.MtpReceiver@42702ca0
D/ActivityThread( 4453): BDC-RECEIVER handled : 0 / ReceiverData{intent=Intent { act=com.android.providers.media.ACTIVATE_MEDIAPROCESS flg=0x10 cmp=com.android.providers.media/.MtpReceiver } packageName=com.android.providers.media resultCode=-1 resultData=null resultExtras=null}
V/ActivityManager(  754): Broadcast sticky: Intent { act=android.intent.action.SIG_STR flg=0x20000010 (has extras) } ordered=false userid=-1 callerApp=ProcessRecord{424ffa30 754:system/1000}
I/thermal_repeater(  197): oh, queryMdThermalInfo (0)Success
I/thermal_repeater(  197): [recvMdThermalInfo] ret=5, strLen=127, ERROR
V/AlarmManagerService(  754): Checking for alarms... rtc=1503991679999, elapsed=709765455
I/AlarmManagerService(  754): mAlarmBatches.size() = 17
I/AlarmManagerService(  754): triggerAlarmsLocked: head of list: 709765455 nowELAPSED: 709765455
I/AlarmManagerService(  754): batch.size() = 1
I/AlarmManagerService(  754): triggerAlarmsLocked: head of list: 709856164 nowELAPSED: 709765455
W/AlarmManagerService(  754): triggerAlarmsLocked: head of list: 709856164 nowELAPSED: 709765455 => not fire alarm in the future
I/AlarmManagerService(  754): sending alarm Alarm{4433fe88 type 3 android}
V/ActivityManager(  754): Broadcast: Intent { act=android.intent.action.TIME_TICK flg=0x50000014 (has extras) } ordered=true userid=-1 callerApp=null
D/PowerManagerService(  754): acquireWakeLockInternal: lock=1116691856, flags=0x1, tag="AlarmManagerService", ws=WorkSource{1000}, uid=1000, pid=754
D/PowerManagerNotifier(  754): onWakeLockAcquired: flags=1, tag="AlarmManagerService", packageName=android, ownerUid=1000, ownerPid=754, workSource=WorkSource{1000}
D/PowerManagerService(  754): updateWakeLockSummaryLocked: mWakefulness=Awake, mWakeLockSummary=0x1
D/PowerManagerService(  754): newScreenState = 2
