D/ScreenOnInterceptProxy( 1404): guestModeClient safecenter.system16, on_off: 1, uid size: 3|false
D/ScreenOnInterceptProxy( 1404):  uid = 1001
D/ScreenOnInterceptProxy( 1404):  uid = 10048
D/ScreenOnInterceptProxy( 1404):  uid = 10055
D/ScreenOnInterceptProxy( 1404): Connection refused
D/ScreenOnInterceptProxy( 1404): guestModeClient safecenter.system16, on_off: 1, uid size: 3|false
D/ScreenOnInterceptProxy( 1404):  uid = 1001
D/ScreenOnInterceptProxy( 1404):  uid = 10048
D/ScreenOnInterceptProxy( 1404):  uid = 10055
D/ScreenOnInterceptProxy( 1404): Connection refused
D/ScreenOnInterceptProxy( 1404): guestModeClient safecenter.system16, on_off: 1, uid size: 3|false
D/ScreenOnInterceptProxy( 1404):  uid = 1001
D/ScreenOnInterceptProxy( 1404):  uid = 10048
D/ScreenOnInterceptProxy( 1404):  uid = 10055
D/ScreenOnInterceptProxy( 1404): Connection refused
D/ScreenOnInterceptProxy( 1404): guestModeClient safecenter.system16, on_off: 1, uid size: 3|false
D/ScreenOnInterceptProxy( 1404):  uid = 1001
D/ScreenOnInterceptProxy( 1404):  uid = 10048
D/ScreenOnInterceptProxy( 1404):  uid = 10055
I/System.out( 1447): [CDS]EAGAIN in Recvfrom
I/System.out( 1447): [CDS]read byte is 0
V/Provider/Settings(  894): get setting for user 0 by user 0 so skipping cache
V/Provider/Settings(  894):  from settings cache , name = full_screen_expand_statusbar , value = 1
V/Provider/Settings(  894): get setting for user 0 by user 0 so skipping cache
V/Provider/Settings(  894):  from settings cache , name = full_screen_expand_statusbar , value = 1
D/CameraStorage(13706): External storage state=mounted, mount point = /storage/sdcard0
D/ComSignalClusterView(  894): setMobileDataIndicators: sim =0, flag =1000100000000, temp =1000100000000
D/ComSignalClusterView(  894): mNoSimSlotId =com.android.systemui:drawable/stat_sys_no_sim
D/ComSignalClusterView(  894): mMobileDataStrengthId =com.android.systemui:drawable/lenovo_stat_sys_signal_five_bar_0
D/ComSignalClusterView(  894): mMobileTypeId =com.android.systemui:drawable/stat_sys_signal_null
D/ComSignalClusterView(  894): mNetworkTypeId =(null)
D/ComSignalClusterView(  894): mMobileDataActivityId =(null)
D/ComSignalClusterView(  894): mobile data: sim =0, mMobileGroupVisible= true, showMult =false
D/ComSignalClusterView(  894):  sim : 0 mNoSimSlot, visible =true, iconId =2130838617
D/ComSignalClusterView(  894):  sim : 0 mMobileStrength, visible =false, iconId =2130837915
D/ComSignalClusterView(  894): ComSignalClusterView ~ sim : 0 mMobileType, visible =false, iconId =2130838651
D/ComSignalClusterView(  894): ComSignalClusterView ~ sim : 0 mNetworkType, visible =false, iconId =0
D/ComSignalClusterView(  894): ComSignalClusterView ~ sim : 0 mMobileActivity, visible =false, iconId =0
D/ComSignalClusterView(  894): ComSignalClusterView ~ mIsAirplaneMode : false
D/ComSignalClusterView(  894): mobile data: sim =0, mMobileGroupVisible= true, showMult =false
D/ComSignalClusterView(  894):  sim : 0 mNoSimSlot, visible =true, iconId =2130838617
D/ComSignalClusterView(  894):  sim : 0 mMobileStrength, visible =false, iconId =2130837915
D/ComSignalClusterView(  894): ComSignalClusterView ~ sim : 0 mMobileType, visible =false, iconId =2130838651
D/ComSignalClusterView(  894): ComSignalClusterView ~ sim : 0 mNetworkType, visible =false, iconId =0
D/ComSignalClusterView(  894): ComSignalClusterView ~ sim : 0 mMobileActivity, visible =false, iconId =0
D/ComSignalClusterView(  894): ComSignalClusterView ~ mIsAirplaneMode : false
D/WifiSignalClusterView(  894): WifiSignalClusterView ~ wifi : VISIBLE, sig = 2130838688, act = 0
D/OpenGLRenderer(  894): prepareDirty (0.00, 0.00, 720.00, 50.00) opaque 0 <0x64d91c58>
D/OpenGLRenderer(  894): clear (0.00, 50 - 50.00 = 0.00, 720.00 - 0.00 = 720.00, 50.00 - 0.00 = 50.00) opaque 0 <0x64d91c58>
D/OpenGLRenderer(  894): finish <0x64d91c58>
I/BufferQueue(  164): [StatusBar](this:0xb8ced988,id:6,api:1,p:894,c:164) [queue] fps:0.33, dur:2999.95, max:2999.95, min:2999.95
I/BufferQueue(  164): [StatusBar](this:0xb8ced988,id:6,api:1,p:894,c:164) [release] fps:0.33, dur:3001.36, max:3001.36, min:3001.36
I/SurfaceFlinger(  164): [Built-in Screen (type:0)] fps:0.333183,dur:3001.35,max:3001.35,min:3001.35
V/Provider/Settings(  894): get setting for user 0 by user 0 so skipping cache
V/Provider/Settings(  894):  from settings cache , name = full_screen_expand_statusbar , value = 1
V/Provider/Settings(  894): get setting for user 0 by user 0 so skipping cache
V/Provider/Settings(  894):  from settings cache , name = full_screen_expand_statusbar , value = 1
D/WifiStateMachine(  754): ConnectedState{ when=-3ms what=131155 arg1=62 target=com.android.internal.util.StateMachine$SmHandler target=Handler (com.android.internal.util.StateMachine$SmHandler) {42a8ab88} }
D/WifiStateMachine(  754): L2ConnectedState{ when=-4ms what=131155 arg1=62 target=com.android.internal.util.StateMachine$SmHandler target=Handler (com.android.internal.util.StateMachine$SmHandler) {42a8ab88} }
D/WifiHW  (  754): enter -->wifi_send_command cmd=IFNAME=wlan0 SIGNAL_POLL
D/wpa_supplicant(12216): RX ctrl_iface - hexdump(len=11): 53 49 47 4e 41 4c 5f 50 4f 4c 4c
D/wpa_supplicant(12216): wlan0: Control interface command 'SIGNAL_POLL'
D/wpa_supplicant(12216): nl80211: survey data missing!
D/WifiHW  (  754): leave --> reply=RSSI=-42
D/WifiHW  (  754): LINKSPEED=135
D/WifiHW  (  754): NOISE=9999
D/WifiHW  (  754): FREQUENCY=2462
D/WifiHW  (  754): 
D/wifi    (  754): doStringCommand, buf IFNAME=wlan0 SIGNAL_POLL
I/WifiStateMachine(  754): fetchRssiAndLinkSpeedNative, newRssi:-42, newLinkSpeed:135, SSID:"MPR-test"
D/WifiStateMachine(  754): mLastSignalLevel:4, newSignalLevel:4
I/System.out( 1447): [CDS]EAGAIN in Recvfrom
I/System.out( 1447): [CDS]read byte is 0
V/Provider/Settings(  894): get setting for user 0 by user 0 so skipping cache
V/Provider/Settings(  894):  from settings cache , name = full_screen_expand_statusbar , value = 1
V/Provider/Settings(  894): get setting for user 0 by user 0 so skipping cache
V/Provider/Settings(  894):  from settings cache , name = full_screen_expand_statusbar , value = 1
D/ScreenOnInterceptProxy( 1404): Connection refused
D/ScreenOnInterceptProxy( 1404): guestModeClient safecenter.system16, on_off: 1, uid size: 3|false
D/ScreenOnInterceptProxy( 1404):  uid = 1001
D/ScreenOnInterceptProxy( 1404):  uid = 10048
D/ScreenOnInterceptProxy( 1404):  uid = 10055
D/ScreenOnInterceptProxy( 1404): Connection refused
D/ScreenOnInterceptProxy( 1404): guestModeClient safecenter.system16, on_off: 1, uid size: 3|false
D/ScreenOnInterceptProxy( 1404):  uid = 1001
D/ScreenOnInterceptProxy( 1404):  uid = 10048
D/ScreenOnInterceptProxy( 1404):  uid = 10055
D/ScreenOnInterceptProxy( 1404): Connection refused
D/ScreenOnInterceptProxy( 1404): guestModeClient safecenter.system16, on_off: 1, uid size: 3|false
D/ScreenOnInterceptProxy( 1404):  uid = 1001
D/ScreenOnInterceptProxy( 1404):  uid = 10048
D/ScreenOnInterceptProxy( 1404):  uid = 10055
I/thermal_repeater(  197): oh, queryMdThermalInfo (0)Success
I/thermal_repeater(  197): [recvMdThermalInfo] ret=5, strLen=127, ERROR
V/Provider/Settings(  894): get setting for user 0 by user 0 so skipping cache
V/Provider/Settings(  894):  from settings cache , name = full_screen_expand_statusbar , value = 1
V/Provider/Settings(  894): get setting for user 0 by user 0 so skipping cache
V/Provider/Settings(  894):  from settings cache , name = full_screen_expand_statusbar , value = 1
D/CameraStorage(13706): External storage state=mounted, mount point = /storage/sdcard0
I/System.out( 1447): [CDS]EAGAIN in Recvfrom
I/System.out( 1447): [CDS]read byte is 0
V/Provider/Settings(  894): get setting for user 0 by user 0 so skipping cache
V/Provider/Settings(  894):  from settings cache , name = full_screen_expand_statusbar , value = 1
V/Provider/Settings(  894): get setting for user 0 by user 0 so skipping cache
V/Provider/Settings(  894):  from settings cache , name = full_screen_expand_statusbar , value = 1
V/Provider/Settings(  894): get setting for user 0 by user 0 so skipping cache
V/Provider/Settings(  894):  from settings cache , name = full_screen_expand_statusbar , value = 1
V/Provider/Settings(  894): get setting for user 0 by user 0 so skipping cache
V/Provider/Settings(  894):  from settings cache , name = full_screen_expand_statusbar , value = 1
I/System.out( 1447): [CDS]EAGAIN in Recvfrom
I/System.out( 1447): [CDS]read byte is 0
D/ScreenOnInterceptProxy( 1404): Connection refused
D/ScreenOnInterceptProxy( 1404): guestModeClient safecenter.system16, on_off: 1, uid size: 3|false
D/ScreenOnInterceptProxy( 1404):  uid = 1001
D/ScreenOnInterceptProxy( 1404):  uid = 10048
D/ScreenOnInterceptProxy( 1404):  uid = 10055
D/ScreenOnInterceptProxy( 1404): Connection refused
D/ScreenOnInterceptProxy( 1404): guestModeClient safecenter.system16, on_off: 1, uid size: 3|false
D/ScreenOnInterceptProxy( 1404):  uid = 1001
D/ScreenOnInterceptProxy( 1404):  uid = 10048
D/ScreenOnInterceptProxy( 1404):  uid = 10055
D/ScreenOnInterceptProxy( 1404): Connection refused
D/ScreenOnInterceptProxy( 1404): guestModeClient safecenter.system16, on_off: 1, uid size: 3|false
D/ScreenOnInterceptProxy( 1404):  uid = 1001
D/ScreenOnInterceptProxy( 1404):  uid = 10048
D/ScreenOnInterceptProxy( 1404):  uid = 10055
V/Provider/Settings(  894): get setting for user 0 by user 0 so skipping cache
V/Provider/Settings(  894):  from settings cache , name = full_screen_expand_statusbar , value = 1
V/Provider/Settings(  894): get setting for user 0 by user 0 so skipping cache
V/Provider/Settings(  894):  from settings cache , name = full_screen_expand_statusbar , value = 1
D/ScreenOnInterceptProxy( 1404): Connection refused
D/ScreenOnInterceptProxy( 1404): guestModeClient safecenter.system16, on_off: 1, uid size: 3|false
D/ScreenOnInterceptProxy( 1404):  uid = 1001
D/ScreenOnInterceptProxy( 1404):  uid = 10048
D/ScreenOnInterceptProxy( 1404):  uid = 10055
D/CameraStorage(13706): External storage state=mounted, mount point = /storage/sdcard0
D/ScreenOnInterceptProxy( 1404): Connection refused
D/ScreenOnInterceptProxy( 1404): guestModeClient safecenter.system16, on_off: 1, uid size: 3|false
D/ScreenOnInterceptProxy( 1404):  uid = 1001
D/ScreenOnInterceptProxy( 1404):  uid = 10048
D/ScreenOnInterceptProxy( 1404):  uid = 10055
V/Provider/Settings(  894): get setting for user 0 by user 0 so skipping cache
V/Provider/Settings(  894):  from settings cache , name = full_screen_expand_statusbar , value = 1
V/Provider/Settings(  894): get setting for user 0 by user 0 so skipping cache
V/Provider/Settings(  894):  from settings cache , name = full_screen_expand_statusbar , value = 1
D/WifiStateMachine(  754): ConnectedState{ when=-3ms what=131155 arg1=62 target=com.android.internal.util.StateMachine$SmHandler target=Handler (com.android.internal.util.StateMachine$SmHandler) {42a8ab88} }
D/WifiStateMachine(  754): L2ConnectedState{ when=-3ms what=131155 arg1=62 target=com.android.internal.util.StateMachine$SmHandler target=Handler (com.android.internal.util.StateMachine$SmHandler) {42a8ab88} }
D/WifiHW  (  754): enter -->wifi_send_command cmd=IFNAME=wlan0 SIGNAL_POLL
D/wpa_supplicant(12216): RX ctrl_iface - hexdump(len=11): 53 49 47 4e 41 4c 5f 50 4f 4c 4c
D/wpa_supplicant(12216): wlan0: Control interface command 'SIGNAL_POLL'
D/wpa_supplicant(12216): nl80211: survey data missing!
D/WifiHW  (  754): leave --> reply=RSSI=-40
D/WifiHW  (  754): LINKSPEED=135
D/WifiHW  (  754): NOISE=9999
D/WifiHW  (  754): FREQUENCY=2462
D/WifiHW  (  754): 
D/wifi    (  754): doStringCommand, buf IFNAME=wlan0 SIGNAL_POLL
I/WifiStateMachine(  754): fetchRssiAndLinkSpeedNative, newRssi:-40, newLinkSpeed:135, SSID:"MPR-test"
D/WifiStateMachine(  754): mLastSignalLevel:4, newSignalLevel:4
I/System.out( 1447): [CDS]EAGAIN in Recvfrom
I/System.out( 1447): [CDS]read byte is 0
V/Provider/Settings(  894): get setting for user 0 by user 0 so skipping cache
V/Provider/Settings(  894):  from settings cache , name = full_screen_expand_statusbar , value = 1
V/Provider/Settings(  894): get setting for user 0 by user 0 so skipping cache
V/Provider/Settings(  894):  from settings cache , name = full_screen_expand_statusbar , value = 1
V/Provider/Settings(  894): get setting for user 0 by user 0 so skipping cache
V/Provider/Settings(  894):  from settings cache , name = full_screen_expand_statusbar , value = 1
V/Provider/Settings(  894): get setting for user 0 by user 0 so skipping cache
V/Provider/Settings(  894):  from settings cache , name = full_screen_expand_statusbar , value = 1
D/CameraStorage(13706): External storage state=mounted, mount point = /storage/sdcard0
I/System.out( 1447): [CDS]EAGAIN in Recvfrom
I/System.out( 1447): [CDS]read byte is 0
V/Provider/Settings(  894): get setting for user 0 by user 0 so skipping cache
V/Provider/Settings(  894):  from settings cache , name = full_screen_expand_statusbar , value = 1
V/Provider/Settings(  894): get setting for user 0 by user 0 so skipping cache
V/Provider/Settings(  894):  from settings cache , name = full_screen_expand_statusbar , value = 1
V/Provider/Settings(  894): get setting for user 0 by user 0 so skipping cache
V/Provider/Settings(  894):  from settings cache , name = full_screen_expand_statusbar , value = 1
V/Provider/Settings(  894): get setting for user 0 by user 0 so skipping cache
V/Provider/Settings(  894):  from settings cache , name = full_screen_expand_statusbar , value = 1
I/System.out( 1447): [CDS]EAGAIN in Recvfrom
I/System.out( 1447): [CDS]read byte is 0
V/Provider/Settings(  894): get setting for user 0 by user 0 so skipping cache
V/Provider/Settings(  894):  from settings cache , name = full_screen_expand_statusbar , value = 1
V/Provider/Settings(  894): get setting for user 0 by user 0 so skipping cache
V/Provider/Settings(  894):  from settings cache , name = full_screen_expand_statusbar , value = 1
D/ScreenOnInterceptProxy( 1404): Connection refused
D/ScreenOnInterceptProxy( 1404): guestModeClient safecenter.system16, on_off: 1, uid size: 3|false
D/ScreenOnInterceptProxy( 1404):  uid = 1001
D/ScreenOnInterceptProxy( 1404):  uid = 10048
D/ScreenOnInterceptProxy( 1404):  uid = 10055
D/ScreenOnInterceptProxy( 1404): Connection refused
D/ScreenOnInterceptProxy( 1404): guestModeClient safecenter.system16, on_off: 1, uid size: 3|false
D/ScreenOnInterceptProxy( 1404):  uid = 1001
D/ScreenOnInterceptProxy( 1404):  uid = 10048
D/ScreenOnInterceptProxy( 1404):  uid = 10055
I/thermal_repeater(  197): oh, queryMdThermalInfo (0)Success
I/thermal_repeater(  197): [recvMdThermalInfo] ret=5, strLen=127, ERROR
D/CameraStorage(13706): External storage state=mounted, mount point = /storage/sdcard0
V/Provider/Settings(  894): get setting for user 0 by user 0 so skipping cache
V/Provider/Settings(  894):  from settings cache , name = full_screen_expand_statusbar , value = 1
V/Provider/Settings(  894): get setting for user 0 by user 0 so skipping cache
V/Provider/Settings(  894):  from settings cache , name = full_screen_expand_statusbar , value = 1
D/WifiStateMachine(  754): ConnectedState{ when=-3ms what=131155 arg1=62 target=com.android.internal.util.StateMachine$SmHandler target=Handler (com.android.internal.util.StateMachine$SmHandler) {42a8ab88} }
D/WifiStateMachine(  754): L2ConnectedState{ when=-4ms what=131155 arg1=62 target=com.android.internal.util.StateMachine$SmHandler target=Handler (com.android.internal.util.StateMachine$SmHandler) {42a8ab88} }
D/WifiHW  (  754): enter -->wifi_send_command cmd=IFNAME=wlan0 SIGNAL_POLL
D/wpa_supplicant(12216): RX ctrl_iface - hexdump(len=11): 53 49 47 4e 41 4c 5f 50 4f 4c 4c
D/wpa_supplicant(12216): wlan0: Control interface command 'SIGNAL_POLL'
D/wpa_supplicant(12216): nl80211: survey data missing!
D/WifiHW  (  754): leave --> reply=RSSI=-40
D/WifiHW  (  754): LINKSPEED=135
D/WifiHW  (  754): NOISE=9999
D/WifiHW  (  754): FREQUENCY=2462
D/WifiHW  (  754): 
D/wifi    (  754): doStringCommand, buf IFNAME=wlan0 SIGNAL_POLL
I/WifiStateMachine(  754): fetchRssiAndLinkSpeedNative, newRssi:-40, newLinkSpeed:135, SSID:"MPR-test"
D/WifiStateMachine(  754): mLastSignalLevel:4, newSignalLevel:4
V/ActivityManager(  754): Broadcast sticky: Intent { act=android.intent.action.SIG_STR flg=0x20000010 (has extras) } ordered=false userid=-1 callerApp=ProcessRecord{424ffa30 754:system/1000}
D/NetworkControllerMTK(  894): PhoneStateListener:onSignalStrengthsChanged, sim0 before.
D/NetworkControllerMTK(  894): PhoneStateListener:onSignalStrengthsChanged, signalStrength=5
D/SIMHelper(  894): isSimInserted(0), SimInserted=false
D/NetworkControllerMTK(  894): updateTelephonySignalStrength slotId : 0 isSimInserted : false , hasService : false , simIndicatorState : 3
D/NetworkControllerMTK(  894): updateTelephonySignalStrength(0), is null signal.
D/NetworkControllerMTK(  894): PhoneStateListener:onSignalStrengthsChanged, sim0 after.
I/System.out( 1447): [CDS]EAGAIN in Recvfrom
I/System.out( 1447): [CDS]read byte is 0
V/Provider/Settings(  894): get setting for user 0 by user 0 so skipping cache
V/Provider/Settings(  894):  from settings cache , name = full_screen_expand_statusbar , value = 1
V/Provider/Settings(  894): get setting for user 0 by user 0 so skipping cache
V/Provider/Settings(  894):  from settings cache , name = full_screen_expand_statusbar , value = 1
D/ScreenOnInterceptProxy( 1404): Connection refused
D/ScreenOnInterceptProxy( 1404): guestModeClient safecenter.system16, on_off: 1, uid size: 3|false
D/ScreenOnInterceptProxy( 1404):  uid = 1001
D/ScreenOnInterceptProxy( 1404):  uid = 10048
D/ScreenOnInterceptProxy( 1404):  uid = 10055
V/Provider/Settings(  894): get setting for user 0 by user 0 so skipping cache
V/Provider/Settings(  894):  from settings cache , name = full_screen_expand_statusbar , value = 1
V/Provider/Settings(  894): get setting for user 0 by user 0 so skipping cache
V/Provider/Settings(  894):  from settings cache , name = full_screen_expand_statusbar , value = 1
D/CameraStorage(13706): External storage state=mounted, mount point = /storage/sdcard0
I/System.out( 1447): [CDS]EAGAIN in Recvfrom
I/System.out( 1447): [CDS]read byte is 0
V/Provider/Settings(  894): get setting for user 0 by user 0 so skipping cache
V/Provider/Settings(  894):  from settings cache , name = full_screen_expand_statusbar , value = 1
V/Provider/Settings(  894): get setting for user 0 by user 0 so skipping cache
V/Provider/Settings(  894):  from settings cache , name = full_screen_expand_statusbar , value = 1
D/ScreenOnInterceptProxy( 1404): Connection refused
D/ScreenOnInterceptProxy( 1404): guestModeClient safecenter.system16, on_off: 1, uid size: 3|false
D/ScreenOnInterceptProxy( 1404):  uid = 1001
D/ScreenOnInterceptProxy( 1404):  uid = 10048
D/ScreenOnInterceptProxy( 1404):  uid = 10055
V/Provider/Settings(  894): get setting for user 0 by user 0 so skipping cache
V/Provider/Settings(  894):  from settings cache , name = full_screen_expand_statusbar , value = 1
V/Provider/Settings(  894): get setting for user 0 by user 0 so skipping cache
V/Provider/Settings(  894):  from settings cache , name = full_screen_expand_statusbar , value = 1
D/WindowManager(  754): interceptKeyTq keycode=4 screenIsOn=true keyguardActive=false policyFlags = #2000100 down =true canceled = false isWakeKey=false mVolumeDownKeyTriggered =false mVolumeUpKeyTriggered =false
V/Provider/Settings(  754): get setting for user -2 by user 0 so skipping cache
V/Provider/Settings(  754): get setting for user -2 by user 0 so skipping cache
V/SettingsProvider(  754):    access setting for user 0
V/SettingsProvider(  754): call(system:haptic_feedback_enabled) for 0
D/SettingsProvider(  754): lookupValue table system cache contains Key haptic_feedback_enabled , value = Bundle[{value=1}]
V/Provider/Settings(  754): from db cache, name = haptic_feedback_enabled , value = 1
I/Provider/Settings(  754): call-query of user -2 by 0 so not updating cache
D/PowerManagerService(  754): acquireWakeLockInternal: lock=1116747920, flags=0x1, tag="*vibrator*", ws=WorkSource{1000}, uid=1000, pid=754
D/PowerManagerNotifier(  754): onWakeLockAcquired: flags=1, tag="*vibrator*", packageName=android, ownerUid=1000, ownerPid=754, workSource=WorkSource{1000}
D/PowerManagerService(  754): updateWakeLockSummaryLocked: mWakefulness=Awake, mWakeLockSummary=0x1
D/PowerManagerService(  754): newScreenState = 2
D/PowerManagerDisplayController(  754): requestPowerState: screenState=2, useProximitySensor=false, forceProximitySensorEnable=false, forceWakeUpEnable=false, screenBrightness=45, screenAutoBrightnessAdjustment=0.0, useAutoBrightness=false, useEcoBrightness=false, blockScreenOn=false, waitForNegativeProximity=false
I/PowerManagerService(  754): setBrightness mButtonLight 0.
D/PowerManagerService(  754): updateScreenStateLocked: mDisplayReady=true, newScreenState=2, mWakefulness=1, mWakeLockSummary=0x1, mUserActivitySummary=0x1, mBootCompleted=true
D/dalvikvm(  754): create interp thread : stack size=128KB
D/dalvikvm(  754): create new thread
D/dalvikvm(  754): new thread created
D/dalvikvm(  754): update thread list
D/PowerManagerService(  754): handleSandman: canDream=false, mWakefulness=Awake
D/dalvikvm(  754): threadid=78: interp stack at 0x689f8000
D/dalvikvm(  754): threadid=78: created from interp
D/dalvikvm(  754): start new thread
D/PowerManagerService(  754): userActivityFromNative
D/PowerManagerService(  754): userActivityNoUpdateLocked: eventTime=159763111, event=1, flags=0x0, uid=1000
D/PowerManagerNotifier(  754): onUserActivity: event=1, uid=1000
D/PowerManagerService(  754): updateUserActivitySummaryLocked: mWakefulness=Awake, mUserActivitySummary=0x5, nextTimeout=159766111 (in 2997 ms)
D/PowerManagerService(  754): newScreenState = 2
D/PowerManagerDisplayController(  754): requestPowerState: screenState=2, useProximitySensor=false, forceProximitySensorEnable=false, forceWakeUpEnable=false, screenBrightness=45, screenAutoBrightnessAdjustment=0.0, useAutoBrightness=false, useEcoBrightness=false, blockScreenOn=false, waitForNegativeProximity=false
D/LightsService(  754): setLight_native: light=2, colorARGB=0xff2d2d2d, flashMode=0, onMS=0, offMS=0, brightnessMode=0
D/lights  (  754): write_int open fd=270
I/PowerManagerService(  754): setBrightness mButtonLight, screenBrightness=45
D/PowerManagerService(  754): updateScreenStateLocked: mDisplayReady=true, newScreenState=2, mWakefulness=1, mWakeLockSummary=0x1, mUserActivitySummary=0x5, mBootCompleted=true
D/PowerManagerService(  754): handleSandman: canDream=false, mWakefulness=Awake
D/WindowManager(  754): interceptKeyTi keyCode=4 down=true repeatCount=0 keyguardOn=false mHomePressed=false canceled=false metaState:0
I/View    (18273): Key down dispatch to com.handmark.pulltorefresh.library.PullToRefreshScrollView{438f4ed8 VFE..... .F...... 0,0-720,1034 #7f0d03b0 app:id/detail_scrollview}, event = KeyEvent { action=ACTION_DOWN, keyCode=KEYCODE_BACK, scanCode=158, metaState=0, flags=0x48, repeatCount=0, eventTime=159763111, downTime=159763111, deviceId=3, source=0x101 }
D/dalvikvm(  754): threadid=78: notify debugger
D/dalvikvm(  754): threadid=78 (Thread-2598): calling run()
D/PowerManagerService(  754): releaseWakeLockInternal: lock=1116747920 [*vibrator*], flags=0x0, total_time=45ms
D/PowerManagerNotifier(  754): onWakeLockReleased: flags=1, tag="*vibrator*", packageName=android, ownerUid=1000, ownerPid=754, workSource=WorkSource{1000}
D/PowerManagerService(  754): updateWakeLockSummaryLocked: mWakefulness=Awake, mWakeLockSummary=0x1
D/PowerManagerService(  754): newScreenState = 2
D/PowerManagerDisplayController(  754): requestPowerState: screenState=2, useProximitySensor=false, forceProximitySensorEnable=false, forceWakeUpEnable=false, screenBrightness=45, screenAutoBrightnessAdjustment=0.0, useAutoBrightness=false, useEcoBrightness=false, blockScreenOn=false, waitForNegativeProximity=false
I/PowerManagerService(  754): setBrightness mButtonLight, screenBrightness=45
D/PowerManagerService(  754): updateScreenStateLocked: mDisplayReady=true, newScreenState=2, mWakefulness=1, mWakeLockSummary=0x1, mUserActivitySummary=0x5, mBootCompleted=true
D/PowerManagerService(  754): handleSandman: canDream=false, mWakefulness=Awake
D/dalvikvm(  754): threadid=78: exiting
D/dalvikvm(  754): threadid=78: bye!
D/WindowManager(  754): interceptKeyTq keycode=4 screenIsOn=true keyguardActive=false policyFlags = #2000100 down =false canceled = false isWakeKey=false mVolumeDownKeyTriggered =false mVolumeUpKeyTriggered =false
V/Provider/Settings(  754): get setting for user -2 by user 0 so skipping cache
V/Provider/Settings(  754): get setting for user -2 by user 0 so skipping cache
V/SettingsProvider(  754):    access setting for user 0
V/SettingsProvider(  754): call(system:haptic_feedback_enabled) for 0
D/SettingsProvider(  754): lookupValue table system cache contains Key haptic_feedback_enabled , value = Bundle[{value=1}]
V/Provider/Settings(  754): from db cache, name = haptic_feedback_enabled , value = 1
I/Provider/Settings(  754): call-query of user -2 by 0 so not updating cache
D/PowerManagerService(  754): acquireWakeLockInternal: lock=1116747920, flags=0x1, tag="*vibrator*", ws=WorkSource{1000}, uid=1000, pid=754
D/PowerManagerNotifier(  754): onWakeLockAcquired: flags=1, tag="*vibrator*", packageName=android, ownerUid=1000, ownerPid=754, workSource=WorkSource{1000}
D/PowerManagerService(  754): updateWakeLockSummaryLocked: mWakefulness=Awake, mWakeLockSummary=0x1
D/PowerManagerService(  754): newScreenState = 2
D/PowerManagerDisplayController(  754): requestPowerState: screenState=2, useProximitySensor=false, forceProximitySensorEnable=false, forceWakeUpEnable=false, screenBrightness=45, screenAutoBrightnessAdjustment=0.0, useAutoBrightness=false, useEcoBrightness=false, blockScreenOn=false, waitForNegativeProximity=false
I/PowerManagerService(  754): setBrightness mButtonLight, screenBrightness=45
D/PowerManagerService(  754): updateScreenStateLocked: mDisplayReady=true, newScreenState=2, mWakefulness=1, mWakeLockSummary=0x1, mUserActivitySummary=0x5, mBootCompleted=true
D/dalvikvm(  754): create interp thread : stack size=128KB
D/dalvikvm(  754): create new thread
D/dalvikvm(  754): new thread created
D/dalvikvm(  754): update thread list
D/PowerManagerService(  754): handleSandman: canDream=false, mWakefulness=Awake
D/dalvikvm(  754): threadid=78: interp stack at 0x689f8000
D/dalvikvm(  754): threadid=78: created from interp
D/dalvikvm(  754): start new thread
D/WindowManager(  754): interceptKeyTi keyCode=4 down=false repeatCount=0 keyguardOn=false mHomePressed=false canceled=false metaState:0
I/ActivityManager(  754): startPausingLocked.updateThumbnail is run here
I/ActivityManager(  754): screenshotActivities.screenshotApplications() is run here 
I/BufferQueue(  754): [unnamed-754-357](this:0x6989adf8,id:357,api:0,p:-1,c:-1) BufferQueue
I/GLConsumer(  754): [void android::RingBuffer<TYPE>::resize(uint32_t, bool) [with TYPE = android::sp<android::BackupBuffer>; uint32_t = unsigned int]] 0x69755ae4 resize to 10 (force=true)
I/GLConsumer(  754): [void android::RingBuffer<TYPE>::resize(uint32_t, bool) [with TYPE = android::sp<android::BackupBuffer>; uint32_t = unsigned int]] 0x69755ae4 resize to 0 (force=false)
I/BufferQueue(  754): [unnamed-754-357](this:0x6989adf8,id:357,api:0,p:-1,c:754) consumerConnect consumer=(754:system_server) controlledByApp=false
I/BufferQueue(  754): [unnamed-754-357](this:0x6989adf8,id:357,api:0,p:-1,c:754) setConsumerName: unnamed-754-357
I/BufferQueue(  754): [ScreenshotClient](this:0x6989adf8,id:357,api:0,p:-1,c:754) setConsumerName: ScreenshotClient
I/BufferQueue(  754): [ScreenshotClient](this:0x6989adf8,id:357,api:0,p:164,c:754) connect: api=1 producer=(164:/system/bin/surfaceflinger) producerControlledByApp=false
I/BufferQueue(  754): [ScreenshotClient](this:0x6989adf8,id:357,api:1,p:164,c:754) new GraphicBuffer needed
D/BufferQueue(  754):     [OLD] gb:NULL
I/GraphicBuffer(  164): allocate buffer (w:352 h:606 f:1) handle(0xb8cd91d0) err(0)
D/GraphicBuffer(  754): create handle(0x6a885878) (w:352, h:606, f:1)
D/BufferQueue(  754):     [NEW] gb=0x6afc79e8, handle=0x6a885878, w=341, h=606, s=352, f=0x1, u=0x00000333
I/GraphicBuffer(  164): free buffer (w:352 h:606 f:1) handle(0xb8cd91d0)
D/GraphicBuffer(  164): create handle(0xb8ced0b0) (w:352, h:606, f:1)
D/dalvikvm(  754): threadid=78: notify debugger
D/dalvikvm(  754): threadid=78 (Thread-2599): calling run()
D/GraphicBuffer(  164): close handle(0xb8ced0b0) (w:352 h:606 f:1)
I/BufferQueue(  754): [ScreenshotClient](this:0x6989adf8,id:357,api:1,p:-1,c:754) disconnect: api=1
I/BufferQueue(  754): [ScreenshotClient](this:0x6989adf8,id:357,api:0,p:-1,c:754) getReleasedBuffers: returning mask 0xffffffff
D/IPCThreadState(  754): [DN #5] BR_CLEAR_DEATH_NOTIFICATION_DONE cookie 0x6a801010
I/BufferQueue(  754): [ScreenshotClient](this:0x6989adf8,id:357,api:0,p:-1,c:-1) consumerDisconnect
D/GraphicBuffer(  754): close handle(0x6a885878) (w:352 h:606 f:1)
I/BufferQueue(  754): [ScreenshotClient](this:0x6989adf8,id:357,api:0,p:-1,c:-1) ~BufferQueue
D/ScreenOnInterceptProxy( 1404): Connection refused
D/ScreenOnInterceptProxy( 1404): guestModeClient safecenter.system16, on_off: 1, uid size: 3|false
D/ScreenOnInterceptProxy( 1404):  uid = 1001
D/ScreenOnInterceptProxy( 1404):  uid = 10048
D/ScreenOnInterceptProxy( 1404):  uid = 10055
D/ScreenOnInterceptProxy( 1404): Connection refused
D/ScreenOnInterceptProxy( 1404): guestModeClient safecenter.system16, on_off: 1, uid size: 3|false
D/ScreenOnInterceptProxy( 1404):  uid = 1001
D/ScreenOnInterceptProxy( 1404):  uid = 10048
D/ScreenOnInterceptProxy( 1404):  uid = 10055
D/ScreenOnInterceptProxy( 1404): Connection refused
D/ScreenOnInterceptProxy( 1404): guestModeClient safecenter.system16, on_off: 1, uid size: 3|false
D/ScreenOnInterceptProxy( 1404):  uid = 1001
D/ScreenOnInterceptProxy( 1404):  uid = 10048
D/ScreenOnInterceptProxy( 1404):  uid = 10055
D/PowerManagerService(  754): acquireWakeLockInternal: lock=1113532800, flags=0x1, tag="ActivityManager-Launch", ws=null, uid=1000, pid=754
D/PowerManagerNotifier(  754): onWakeLockAcquired: flags=1, tag="ActivityManager-Launch", packageName=android, ownerUid=1000, ownerPid=754, workSource=null
D/PowerManagerService(  754): updateWakeLockSummaryLocked: mWakefulness=Awake, mWakeLockSummary=0x1
D/PowerManagerService(  754): newScreenState = 2
D/PowerManagerDisplayController(  754): requestPowerState: screenState=2, useProximitySensor=false, forceProximitySensorEnable=false, forceWakeUpEnable=false, screenBrightness=45, screenAutoBrightnessAdjustment=0.0, useAutoBrightness=false, useEcoBrightness=false, blockScreenOn=false, waitForNegativeProximity=false
I/PowerManagerService(  754): setBrightness mButtonLight, screenBrightness=45
D/PowerManagerService(  754): updateScreenStateLocked: mDisplayReady=true, newScreenState=2, mWakefulness=1, mWakeLockSummary=0x1, mUserActivitySummary=0x5, mBootCompleted=true
D/PowerManagerService(  754): handleSandman: canDream=false, mWakefulness=Awake
D/ActivityThread(18273): ACT-AM_ON_PAUSE_CALLED ActivityRecord{43ae5d10 token=android.os.BinderProxy@436647b8 {com.mpr.mprepubreader/com.mpr.mprepubreader.book.bookdetail.BookDetailActivity}}
I/libPerfService(  754): 1: set: 2
W/ContextImpl(  754): Calling a method in the system process without a qualified user: android.app.ContextImpl.sendBroadcast:1257 com.android.server.wm.WindowManagerService.updateOrientationFromAppTokens:4231 com.android.server.am.ActivityStack.resumeTopActivityLocked:1746 com.android.server.am.ActivityStackSupervisor.resumeTopActivitiesLocked:2683 com.android.server.am.ActivityStack.completePauseLocked:1000 
V/ActivityManager(  754): Broadcast: Intent { act=android.intent.action.WINDOW_MANAGER_SERVICE_FORCED_APP_ORIENTATION flg=0x10 (has extras) } ordered=false userid=0 callerApp=ProcessRecord{424ffa30 754:system/1000}
D/InputReader(  754): InputReader:: getSwitchState lock 
D/InputReader(  754): InputReader::getStateLocked:: return 
V/ActivityManager(  754): ensureActivitiesVisibleLocked: consider front
V/ActivityManager(  754): ensureActivitiesVisibleLocked: consider back
I/ActivityManager(  754): boardcastResumedActivityInfo: start ...packageName:com.mpr.mprepubreader
V/ActivityManager(  754): ensureActivitiesVisibleLocked: consider front
V/ActivityManager(  754): ensureActivitiesVisibleLocked: consider back
V/Provider/Settings(  754): get setting for user 0 by user 0 so skipping cache
V/Provider/Settings(  754):  from settings cache , name = full_screen_expand_statusbar , value = 1
D/dalvikvm(  754): create interp thread : stack size=128KB
D/dalvikvm(  754): create new thread
D/dalvikvm(  754): new thread created
D/dalvikvm(  754): update thread list
D/dalvikvm(  754): threadid=93: interp stack at 0x6915d000
D/dalvikvm(  754): threadid=93: created from interp
D/dalvikvm(  754): start new thread
D/SmartRotationService( 1158): onReceive  action =  android.intent.action.WINDOW_MANAGER_SERVICE_FORCED_APP_ORIENTATION
D/SmartRotationService( 1158): Receive WINDOW_MANAGER_SERVICE_FORCED_APP_ORIENTATION forced_app_orientation_data= 1
D/ActivityThread(18273): ACT-PAUSE_ACTIVITY_FINISHING handled : 0 / android.os.BinderProxy@436647b8
D/ActivityThread(18273): ACT-AM_ON_RESUME_CALLED ActivityRecord{43a71bf8 token=android.os.BinderProxy@42beb250 {com.mpr.mprepubreader/com.mpr.mprepubreader.activity.MainActivity}}
V/PhoneWindow(18273): DecorView setVisiblity: visibility = 0 ,Parent =ViewRoot{42afaeb8 com.mpr.mprepubreader/com.mpr.mprepubreader.activity.MainActivity,ident = 13}, this =com.android.internal.policy.impl.PhoneWindow$DecorView{43667a48 V.E..... R.....ID 0,0-720,1280}
D/ConnectivityService(  754): getActiveNetworkInfo:NetworkInfo: type: WIFI[], state: CONNECTED/CONNECTED, reason: (unspecified), extra: "MPR-test", roaming: false, failover: false, isAvailable: true, isConnectedToProvisioningNetwork: false, simId: 0/10265
D/PhoneInterfaceManagerEx( 1072): [PhoneIntfMgrEx] hasIccCard  simId=0
D/ActivityThread(18273): ACT-RESUME_ACTIVITY handled : 0 / android.os.BinderProxy@42beb250
I/BufferQueue(  164): [unnamed-164-853](this:0xb8ce5990,id:853,api:0,p:-1,c:-1) BufferQueue
I/GLConsumer(  164): [void android::RingBuffer<TYPE>::resize(uint32_t, bool) [with TYPE = android::sp<android::BackupBuffer>; uint32_t = unsigned int]] 0xb8cef94c resize to 10 (force=true)
I/GLConsumer(  164): [void android::RingBuffer<TYPE>::resize(uint32_t, bool) [with TYPE = android::sp<android::BackupBuffer>; uint32_t = unsigned int]] 0xb8cef94c resize to 0 (force=false)
I/BufferQueue(  164): [unnamed-164-853](this:0xb8ce5990,id:853,api:0,p:-1,c:164) consumerConnect consumer=(164:/system/bin/surfaceflinger) controlledByApp=false
I/BufferQueue(  164): [unnamed-164-852](this:0xb8ce5990,id:853,api:0,p:-1,c:164) setConsumerName: unnamed-164-852
I/GLConsumer(  164): [unnamed-164-852](this:0xb8d0a5c8,api:0) GLConsumer
I/BufferQueue(  164): [com.mpr.mprepubreader/com.mpr.mprepubreader.activity.MainActivity](this:0xb8ce5990,id:853,api:0,p:-1,c:164) setConsumerName: com.mpr.mprepubreader/com.mpr.mprepubreader.activity.MainActivity
I/BufferQueue(  164): [com.mpr.mprepubreader/com.mpr.mprepubreader.activity.MainActivity](this:0xb8ce5990,id:853,api:0,p:-1,c:164) setDefaultBufferSize: w=720, h=1280
V/WindowManager(  754): Changing focus from Window{42b66778 u0 com.mpr.mprepubreader/com.mpr.mprepubreader.book.bookdetail.BookDetailActivity} to Window{42d11070 u0 com.mpr.mprepubreader/com.mpr.mprepubreader.activity.MainActivity} Callers=com.android.server.wm.WindowManagerService.relayoutWindow:3505 com.android.server.wm.Session.relayout:191 android.view.IWindowSession$Stub.onTransact:235 com.android.server.wm.Session.onTransact:126 
V/Provider/Settings(  754): get setting for user 0 by user 0 so skipping cache
V/Provider/Settings(  754):  from settings cache , name = full_screen_expand_statusbar , value = 1
V/Provider/Settings(  754): get setting for user 0 by user 0 so skipping cache
V/Provider/Settings(  754):  from settings cache , name = full_screen_expand_statusbar , value = 1
I/WindowManager(  754): Gaining focus: Window{42d11070 u0 com.mpr.mprepubreader/com.mpr.mprepubreader.activity.MainActivity}
I/BufferQueue(  164): [com.mpr.mprepubreader/com.mpr.mprepubreader.activity.MainActivity](this:0xb8ce5990,id:853,api:0,p:18273,c:164) connect: api=1 producer=(18273:com.mpr.mprepubreader) producerControlledByApp=true
I/BufferQueue(  164): [com.mpr.mprepubreader/com.mpr.mprepubreader.activity.MainActivity](this:0xb8ce5990,id:853,api:1,p:18273,c:164) new GraphicBuffer needed
D/BufferQueue(  164):     [OLD] gb:NULL
I/GraphicBuffer(  164): allocate buffer (w:720 h:1280 f:1) handle(0xb8cda738) err(0)
D/BufferQueue(  164):     [NEW] gb=0xb8cdd9e0, handle=0xb8cda738, w=720, h=1280, s=720, f=0x1, u=0x00000f02
D/GraphicBuffer(18273): create handle(0x6c85f6c0) (w:720, h:1280, f:1)
D/BufferQueue(  164): [com.mpr.mprepubreader/com.mpr.mprepubreader.activity.MainActivity](this:0xb8ce5990,id:853,api:1,p:18273,c:164) cancelBuffer: slot=0
I/MaliEGL (18273): [Mali]window_type=1, is_framebuffer=0, errnum = 0
I/MaliEGL (18273): [Mali]surface->num_buffers=4, surface->num_frames=3, win_min_undequeued=1
I/MaliEGL (18273): [Mali]max_allowed_dequeued_buffers=3
I/BufferQueue(  164): [com.mpr.mprepubreader/com.mpr.mprepubreader.activity.MainActivity](this:0xb8ce5990,id:853,api:1,p:18273,c:164) setBufferCount: count=4
I/GraphicBuffer(  164): free buffer (w:720 h:1280 f:1) handle(0xb8cda738)
I/BufferQueue(  164): [com.mpr.mprepubreader/com.mpr.mprepubreader.activity.MainActivity](this:0xb8ce5990,id:853,api:1,p:18273,c:164) getReleasedBuffers: returning mask 0xffffffff
D/GraphicBuffer(18273): close handle(0x6c85f6c0) (w:720 h:1280 f:1)
I/BufferQueue(  164): [com.mpr.mprepubreader/com.mpr.mprepubreader.activity.MainActivity](this:0xb8ce5990,id:853,api:1,p:18273,c:164) new GraphicBuffer needed
D/BufferQueue(  164):     [OLD] gb:NULL
I/GraphicBuffer(  164): allocate buffer (w:720 h:1280 f:1) handle(0xb8cda738) err(0)
D/BufferQueue(  164):     [NEW] gb=0xb8cda510, handle=0xb8cda738, w=720, h=1280, s=720, f=0x1, u=0x00000f02
D/GraphicBuffer(18273): create handle(0x6c85f6c0) (w:720, h:1280, f:1)
D/OpenGLRenderer(18273): setViewport 720x1280 <0x6d037d90>
V/InputMethodManager(18273): onWindowFocus: com.mpr.mprepubreader.widgets.nomal.ProgressWebView{44148130 VFED..C. .F....ID 0,0-720,1128 #7f0d07c7 app:id/webviews} softInputMode=16 first=true flags=#1810100
V/InputMethodManager(18273): START INPUT: com.mpr.mprepubreader.widgets.nomal.ProgressWebView{44148130 VFED..C. .F....ID 0,0-720,1128 #7f0d07c7 app:id/webviews} ic=com.android.org.chromium.content.browser.input.AdapterInputConnection@4255dc90 tba=android.view.inputmethod.EditorInfo@425d0d50 controlFlags=#105
I/SurfaceFlinger(  164): [Built-in Screen (type:0)] fps:0.119646,dur:8358.02,max:8358.02,min:8358.02
V/InputMethodManagerService(  754): windowGainedFocus: android.os.BinderProxy@437490f0 controlFlags=#105 softInputMode=#10 windowFlags=#1810100
D/dalvikvm(  754): threadid=93: notify debugger
D/dalvikvm(  754): threadid=93 (Thread-2600): calling run()
D/PowerManagerService(  754): releaseWakeLockInternal: lock=1116747920 [*vibrator*], flags=0x0, total_time=62ms
D/PowerManagerNotifier(  754): onWakeLockReleased: flags=1, tag="*vibrator*", packageName=android, ownerUid=1000, ownerPid=754, workSource=WorkSource{1000}
D/PowerManagerService(  754): updateWakeLockSummaryLocked: mWakefulness=Awake, mWakeLockSummary=0x1
D/PowerManagerService(  754): newScreenState = 2
D/PowerManagerDisplayController(  754): requestPowerState: screenState=2, useProximitySensor=false, forceProximitySensorEnable=false, forceWakeUpEnable=false, screenBrightness=45, screenAutoBrightnessAdjustment=0.0, useAutoBrightness=false, useEcoBrightness=false, blockScreenOn=false, waitForNegativeProximity=false
I/PowerManagerService(  754): setBrightness mButtonLight, screenBrightness=45
D/PowerManagerService(  754): updateScreenStateLocked: mDisplayReady=true, newScreenState=2, mWakefulness=1, mWakeLockSummary=0x1, mUserActivitySummary=0x5, mBootCompleted=true
D/dalvikvm(  754): threadid=78: exiting
D/dalvikvm(  754): threadid=78: bye!
W/AwContents(18273): onDraw
D/PowerManagerService(  754): handleSandman: canDream=false, mWakefulness=Awake
W/AwContents(18273): onDraw mClearViewActive = false
D/OpenGLRenderer(18273): prepareDirty (0.00, 0.00, 720.00, 1280.00) opaque 1 <0x6d037d90>
D/dalvikvm(  754): threadid=93: exiting
D/dalvikvm(  754): threadid=93: bye!
D/OpenGLRenderer(18273): finish <0x6d037d90>
V/Provider/Settings(  754): get setting for user 0 by user 0 so skipping cache
V/Provider/Settings(  754):  from settings cache , name = full_screen_expand_statusbar , value = 1
D/AwContents(18273): setPageScaleFactor 1.0
E/CubicBezierInterpolator(  754): ####:PointF(0.1, 0.8)
E/CubicBezierInterpolator(  754): ####:PointF(0.5, 1.0)
E/CubicBezierInterpolator(  754): ####:PointF(0.1, 0.8)
E/CubicBezierInterpolator(  754): ####:PointF(0.5, 1.0)
E/CubicBezierInterpolator(  754): ####:PointF(0.1, 0.8)
E/CubicBezierInterpolator(  754): ####:PointF(0.5, 1.0)
V/Provider/Settings(  754): get setting for user 0 by user 0 so skipping cache
V/Provider/Settings(  754):  from settings cache , name = full_screen_expand_statusbar , value = 1
D/ConnectivityService(  754): getActiveNetworkInfo:NetworkInfo: type: WIFI[], state: CONNECTED/CONNECTED, reason: (unspecified), extra: "MPR-test", roaming: false, failover: false, isAvailable: true, isConnectedToProvisioningNetwork: false, simId: 0/10265
I/GLConsumer(  164): [com.mpr.mprepubreader/com.mpr.mprepubreader.activity.MainActivity](this:0xb8d0a5c8,api:1) [void* android::GLConsumer::createImage(EGLDisplay, const android::sp<android::GraphicBuffer>&, const android::Rect&)]
D/GLConsumer(  164):     GraphicBuffer: gb=0xb8cda510 handle=0xb8cda738 fmt=1
D/GLConsumer(  164):     EGLImage: dpy=0x1, img=0x10000008
D/ConnectivityService(  754): getActiveNetworkInfo:NetworkInfo: type: WIFI[], state: CONNECTED/CONNECTED, reason: (unspecified), extra: "MPR-test", roaming: false, failover: false, isAvailable: true, isConnectedToProvisioningNetwork: false, simId: 0/10265
D/AbsListView(18273): onWindowFocusChanged: hasWindowFocus=false, this=com.mpr.mprepubreader.widgets.nomal.ListViewForScrollView{43b258f8 VFED.VC. ........ 0,673-720,1316 #7f0d03ca app:id/commend_scroll}
V/Provider/Settings(  754): get setting for user 0 by user 0 so skipping cache
V/Provider/Settings(  754):  from settings cache , name = full_screen_expand_statusbar , value = 1
I/FrameworkListener(  160): onDataAvailable get 42 bytes 
D/libc    (  160): _resolv_get_pids_associated_interface buff: 
D/libc    (  160): _resolv_get_uids_associated_interface buff: 
D/libc-netbsd(  160): default dns: query_ipv6=0, query_ipv4=1
D/libc-netbsd(  160): res_queryN name = alog.umeng.com, class = 1, type = 1
D/libc    (  160): _get_res_cache: iface = wlan0, cache=0xb7ba21c8
D/libc    (  160): _resolv_cache_lookup: lookup
D/libc    (  160): QUERY: RECURSIVE alog.umeng.com (A)
D/libc    (  160):  NOT IN CACHE (STALE ENTRY 0xb7ba44f0 DISCARDED)
D/libc    (  160): QUERY: RECURSIVE alog.umeng.com (A)
D/libc    (  160): _cache_remove_p: entry 55 removed (count=22)
D/libc    (  160): _resolv_populate_res_for_iface: wlan0
D/libc-netbsd(  160): iface=wlan0, dns0:172.16.3.12
D/libc-netbsd(  160): iface=wlan0, dns1:114.114.114.114
D/libc-netbsd(  160): iface=wlan0, dns2:8.8.8.8
D/OpenGLRenderer(18273): Flushing caches (mode 0)
D/BufferQueue(  164): [com.mpr.mprepubreader/com.mpr.mprepubreader.book.bookdetail.BookDetailActivity](this:0xb8d09578,id:852,api:1,p:18273,c:164) cancelBuffer: slot=2
D/GraphicBuffer(18273): close handle(0x65ce67d8) (w:720 h:1280 f:1)
D/GraphicBuffer(18273): close handle(0x6b582a30) (w:720 h:1280 f:1)
D/GraphicBuffer(18273): close handle(0x6a09d3a8) (w:720 h:1280 f:1)
D/GraphicBuffer(18273): close handle(0x65d84e58) (w:720 h:1280 f:1)
I/BufferQueue(  164): [com.mpr.mprepubreader/com.mpr.mprepubreader.book.bookdetail.BookDetailActivity](this:0xb8d09578,id:852,api:1,p:-1,c:164) disconnect: api=1
I/BufferQueue(  164): [com.mpr.mprepubreader/com.mpr.mprepubreader.book.bookdetail.BookDetailActivity](this:0xb8d09578,id:852,api:0,p:-1,c:164) getReleasedBuffers: returning mask 0xffffffff
I/GLConsumer(  164): [com.mpr.mprepubreader/com.mpr.mprepubreader.book.bookdetail.BookDetailActivity](this:0xb8cf09e8,api:0) destroying EGLImage dpy=0x1 img=0x10000009
I/GraphicBuffer(  164): free buffer (w:720 h:1280 f:1) handle(0xb8cd3ed0)
I/GLConsumer(  164): [com.mpr.mprepubreader/com.mpr.mprepubreader.book.bookdetail.BookDetailActivity](this:0xb8cf09e8,api:0) destroying EGLImage dpy=0x1 img=0x1000000b
I/GLConsumer(  164): [com.mpr.mprepubreader/com.mpr.mprepubreader.book.bookdetail.BookDetailActivity](this:0xb8cf09e8,api:0) destroying EGLImage dpy=0x1 img=0x10000003
I/GraphicBuffer(  164): free buffer (w:720 h:1280 f:1) handle(0xb8d0b160)
I/GLConsumer(  164): [com.mpr.mprepubreader/com.mpr.mprepubreader.book.bookdetail.BookDetailActivity](this:0xb8cf09e8,api:0) destroying EGLImage dpy=0x1 img=0x10000004
I/GraphicBuffer(  164): free buffer (w:720 h:1280 f:1) handle(0xb8ce3d10)
V/Provider/Settings(  754): get setting for user 0 by user 0 so skipping cache
V/Provider/Settings(  754):  from settings cache , name = full_screen_expand_statusbar , value = 1
V/ActivityManager(  754): ACT-Activity idle: Token{426c8680 ActivityRecord{4252c3b8 u0 com.mpr.mprepubreader/.activity.MainActivity t111}}
D/ActivityManager(  754): ACT-windowsGone(): ActivityRecord{43454730 u0 com.mpr.mprepubreader/.book.bookdetail.BookDetailActivity t111 f}
I/libPerfService(  754): 1: set: 1
D/PowerManagerService(  754): releaseWakeLockInternal: lock=1113532800 [ActivityManager-Launch], flags=0x0, total_time=95ms
D/PowerManagerNotifier(  754): onWakeLockReleased: flags=1, tag="ActivityManager-Launch", packageName=android, ownerUid=1000, ownerPid=754, workSource=null
D/PowerManagerService(  754): updateWakeLockSummaryLocked: mWakefulness=Awake, mWakeLockSummary=0x1
D/PowerManagerService(  754): newScreenState = 2
D/PowerManagerDisplayController(  754): requestPowerState: screenState=2, useProximitySensor=false, forceProximitySensorEnable=false, forceWakeUpEnable=false, screenBrightness=45, screenAutoBrightnessAdjustment=0.0, useAutoBrightness=false, useEcoBrightness=false, blockScreenOn=false, waitForNegativeProximity=false
I/PowerManagerService(  754): setBrightness mButtonLight, screenBrightness=45
D/PowerManagerService(  754): updateScreenStateLocked: mDisplayReady=true, newScreenState=2, mWakefulness=1, mWakeLockSummary=0x1, mUserActivitySummary=0x5, mBootCompleted=true
V/ActivityManager(  754): ensureActivitiesVisibleLocked: consider front
D/PowerManagerService(  754): handleSandman: canDream=false, mWakefulness=Awake
V/ActivityManager(  754): ensureActivitiesVisibleLocked: consider back
D/libc    (  160): _resolv_cache_add: query:
D/libc    (  160): QUERY: RECURSIVE alog.umeng.com (A)
D/libc    (  160): ;; ->>HEADER<<- opcode: QUERY, status: NOERROR, id: 57245
D/libc    (  160): ;; flags: qr rd ra; QUERY: 1, ANSWER: 5, AUTHORITY: 0, ADDITIONAL: 0
D/libc    (  160): ;;	alog.umeng.com, type = A, class = IN
D/libc    (  160): alog.umeng.com.		1m26s IN A	140.205.61.26
D/libc    (  160): alog.umeng.com.		1m26s IN A	140.205.218.52
D/libc    (  160): alog.umeng.com.		1m26s IN A	140.205.218.50
D/libc    (  160): alog.umeng.com.		1m26s IN A	140.205.61.49
D/libc    (  160): alog.umeng.com.		1m26s IN A	140.205.218.51
D/libc    (  160): 
D/libc    (  160): answer:
D/libc    (  160): df 9d 81 80 00 01 00 05 00 00 00 00 04 61 6c 6f  .............alo
D/libc    (  160): 67 05 75 6d 65 6e 67 03 63 6f 6d 00 00 01 00 01  g.umeng.com.....
D/libc    (  160): c0 0c 00 01 00 01 00 00 00 56 00 04 8c cd 3d 1a  .........V....=.
D/libc    (  160): c0 0c 00 01 00 01 00 00 00 56 00 04 8c cd da 34  .........V.....4
D/libc    (  160): c0 0c 00 01 00 01 00 00 00 56 00 04 8c cd da 32  .........V.....2
D/libc    (  160): c0 0c 00 01 00 01 00 00 00 56 00 04 8c cd 3d 31  .........V....=1
D/libc    (  160): c0 0c 00 01 00 01 00 00 00 56 00 04 8c cd da 33  .........V.....3
D/libc    (  160): TTL = 86
D/libc    (  160): _cache_add_p: entry 56 added (count=23)
D/libc    (  160): MRU LIST (23):  56 54 53 52 51 43 32 25 26 24 23 21 20 19 15 10 1 11 8 2 5 4 3
D/libc-netbsd(  160): res_queryN name = alog.umeng.com succeed
D/SocketClient(  160): SocketClient sendDatalocked done: 222
D/SocketClient(  160): SocketClient sendDatalocked done: 
D/SocketClient(  160): SocketClient sendDatalocked done: 
D/SocketClient(  160): SocketClient sendDatalocked done: 
D/SocketClient(  160): SocketClient sendDatalocked done: 
D/SocketClient(  160): SocketClient sendDatalocked done: 
D/SocketClient(  160): SocketClient sendDatalocked done: 
D/SocketClient(  160): SocketClient sendDatalocked done: 
D/SocketClient(  160): SocketClient sendDatalocked done: 
D/SocketClient(  160): SocketClient sendDatalocked done: 
D/SocketClient(  160): SocketClient sendDatalocked done: 
D/SocketClient(  160): SocketClient sendDatalocked done: 
D/SocketClient(  160): SocketClient sendDatalocked done: 
D/SocketClient(  160): SocketClient sendDatalocked done: 
D/SocketClient(  160): SocketClient sendDatalocked done: 
D/SocketClient(  160): SocketClient sendDatalocked done: 
