D/PowerManagerDisplayController(  754): requestPowerState: screenState=2, useProximitySensor=false, forceProximitySensorEnable=false, forceWakeUpEnable=false, screenBrightness=45, screenAutoBrightnessAdjustment=0.0, useAutoBrightness=false, useEcoBrightness=false, blockScreenOn=false, waitForNegativeProximity=false
I/PowerManagerService(  754): setBrightness mButtonLight 0.
D/PowerManagerService(  754): updateScreenStateLocked: mDisplayReady=true, newScreenState=2, mWakefulness=1, mWakeLockSummary=0x1, mUserActivitySummary=0x1, mBootCompleted=true
D/PowerManagerService(  754): handleSandman: canDream=false, mWakefulness=Awake
D/ActivityThread(  754): BDC-Calling onReceive: intent=Intent { act=android.intent.action.TIME_TICK flg=0x50000014 (has extras) }, ordered=true, receiver=com.android.server.AlarmManagerService$ClockReceiver@428e19e8, IIntentReceiver=428f9900
V/AlarmManagerService(  754): Received TIME_TICK alarm; rescheduling
I/AlarmManagerService(  754): jincai- android set alarm
V/AlarmManagerService(  754): set(PendingIntent{4285a0a0: PendingIntentRecord{4278e338 android broadcastIntent}}) : type=3 triggerAtTime=709825455 win=0 tElapsed=709825455 maxElapsed=709825455 interval=0 standalone=true
D/ActivityThread(  754): BDC-Calling finishReceiver: IIntentReceiver=428f9900
D/ActivityThread(  838): BDC-Calling onReceive: intent=Intent { act=android.intent.action.TIME_TICK flg=0x50000014 (has extras) }, ordered=true, receiver=com.lenovo.adapter.LenovoAdapterMtk$1@42585b70, IIntentReceiver=425a8858
D/ActivityThread(  838): BDC-Calling finishReceiver: IIntentReceiver=425a8858
D/ActivityThread(  838): BDC-Calling onReceive: intent=Intent { act=android.intent.action.TIME_TICK flg=0x50000014 (has extras) }, ordered=true, receiver=com.lenovo.keyguard.app.model.PackageRecordModel$1@427856e8, IIntentReceiver=42785af8
D/ActivityThread(  838): BDC-Calling finishReceiver: IIntentReceiver=42785af8
D/ActivityThread(  894): BDC-Calling onReceive: intent=Intent { act=android.intent.action.TIME_TICK flg=0x50000014 (has extras) }, ordered=true, receiver=com.android.systemui.statusbar.policy.Clock$1@4255f5f8, IIntentReceiver=42861b60
V/SettingsProvider(  754):    access setting for user 0
V/SettingsProvider(  754): call(system:time_12_24) for 0
V/SettingsProvider(  754):    access setting for user 0
V/SettingsProvider(  754): call(system:time_12_24) for 0
D/ActivityThread(  894): BDC-Calling finishReceiver: IIntentReceiver=42861b60
D/ActivityThread( 1194): BDC-Calling onReceive: intent=Intent { act=android.intent.action.TIME_TICK flg=0x50000014 (has extras) }, ordered=true, receiver=com.lenovo.weatherserver.TimeTickService$1@424ee1f8, IIntentReceiver=424eefd8
V/ActivityManager(  754): Broadcast: Intent { act=com.lenovo.weather.action.TIME_TICK flg=0x30 } ordered=false userid=0 callerApp=ProcessRecord{42bff250 1194:com.lenovo.weatherserver/u0a69}
D/ActivityThread( 1194): BDC-Calling finishReceiver: IIntentReceiver=424eefd8
D/ActivityThread(  894): BDC-Calling onReceive: intent=Intent { act=android.intent.action.TIME_TICK flg=0x50000014 (has extras) }, ordered=true, receiver=com.android.systemui.statusbar.policy.Clock$1@426604c8, IIntentReceiver=42867be8
V/SettingsProvider(  754):    access setting for user 0
V/SettingsProvider(  754): call(system:time_12_24) for 0
V/SettingsProvider(  754):    access setting for user 0
V/SettingsProvider(  754): call(system:time_12_24) for 0
D/ActivityThread( 2285): BDC-Calling onReceive: intent=Intent { act=com.lenovo.weather.action.TIME_TICK flg=0x30 cmp=com.lenovo.lewea/com.lenovo.weather.receiver.CommonReceiver }, ordered=true, receiver=com.lenovo.weather.receiver.CommonReceiver@424dcd68
D/ActivityThread(  894): BDC-Calling finishReceiver: IIntentReceiver=42867be8
D/ActivityThread( 2285): BDC-RECEIVER handled : 0 / ReceiverData{intent=Intent { act=com.lenovo.weather.action.TIME_TICK flg=0x30 cmp=com.lenovo.lewea/com.lenovo.weather.receiver.CommonReceiver } packageName=com.lenovo.lewea resultCode=-1 resultData=null resultExtras=null}
D/ActivityThread( 2285): BDC-Calling onReceive: intent=Intent { act=com.lenovo.weather.action.TIME_TICK flg=0x30 cmp=com.lenovo.lewea/.widget.WeatherWidget }, ordered=true, receiver=com.lenovo.lewea.widget.WeatherWidget@424d6798
D/ActivityThread(  894): BDC-Calling onReceive: intent=Intent { act=android.intent.action.TIME_TICK flg=0x50000014 (has extras) }, ordered=true, receiver=com.android.systemui.statusbar.policy.Clock$1@426659b8, IIntentReceiver=42876b18
V/SettingsProvider(  754):    access setting for user 0
V/SettingsProvider(  754): call(system:time_12_24) for 0
V/SettingsProvider(  754):    access setting for user 0
V/SettingsProvider(  754): call(system:time_12_24) for 0
D/ActivityThread(  894): BDC-Calling finishReceiver: IIntentReceiver=42876b18
D/ActivityThread(  894): BDC-Calling onReceive: intent=Intent { act=android.intent.action.TIME_TICK flg=0x50000014 (has extras) }, ordered=true, receiver=android.widget.DateTimeView$1@42a93210, IIntentReceiver=42694fb8
D/ActivityThread(  894): BDC-Calling finishReceiver: IIntentReceiver=42694fb8
D/ActivityThread(  894): BDC-Calling onReceive: intent=Intent { act=android.intent.action.TIME_TICK flg=0x50000014 (has extras) }, ordered=true, receiver=android.widget.DateTimeView$1@426466d8, IIntentReceiver=4282ce58
D/ActivityThread(  894): BDC-Calling finishReceiver: IIntentReceiver=4282ce58
D/ActivityThread( 2285): BDC-RECEIVER handled : 0 / ReceiverData{intent=Intent { act=com.lenovo.weather.action.TIME_TICK flg=0x30 cmp=com.lenovo.lewea/.widget.WeatherWidget } packageName=com.lenovo.lewea resultCode=0 resultData=null resultExtras=null}
D/ActivityThread( 2285): SVC-Creating service: CreateServiceData{token=android.os.BinderProxy@424d7328 className=com.lenovo.weather.service.UpdateAppWidgetService packageName=com.lenovo.lewea intent=null}
D/ActivityThread(  894): BDC-Calling onReceive: intent=Intent { act=android.intent.action.TIME_TICK flg=0x50000014 (has extras) }, ordered=true, receiver=android.widget.DateTimeView$1@424fd948, IIntentReceiver=4253f348
D/ActivityThread(  894): BDC-Calling finishReceiver: IIntentReceiver=4253f348
D/PowerManagerService(  754): releaseWakeLockInternal: lock=1116691856 [AlarmManagerService], flags=0x0, total_time=53ms
D/PowerManagerNotifier(  754): onWakeLockReleased: flags=1, tag="AlarmManagerService", packageName=android, ownerUid=1000, ownerPid=754, workSource=WorkSource{1000}
D/PowerManagerService(  754): updateWakeLockSummaryLocked: mWakefulness=Awake, mWakeLockSummary=0x1
D/PowerManagerService(  754): newScreenState = 2
D/PowerManagerDisplayController(  754): requestPowerState: screenState=2, useProximitySensor=false, forceProximitySensorEnable=false, forceWakeUpEnable=false, screenBrightness=45, screenAutoBrightnessAdjustment=0.0, useAutoBrightness=false, useEcoBrightness=false, blockScreenOn=false, waitForNegativeProximity=false
I/PowerManagerService(  754): setBrightness mButtonLight 0.
D/PowerManagerService(  754): updateScreenStateLocked: mDisplayReady=true, newScreenState=2, mWakefulness=1, mWakeLockSummary=0x1, mUserActivitySummary=0x1, mBootCompleted=true
D/PowerManagerService(  754): handleSandman: canDream=false, mWakefulness=Awake
D/ActivityThread( 2285): SVC-CREATE_SERVICE handled : 0 / CreateServiceData{token=android.os.BinderProxy@424d7328 className=com.lenovo.weather.service.UpdateAppWidgetService packageName=com.lenovo.lewea intent=null}
D/ActivityThread( 2285): SVC-SERVICE_ARGS handled : 0 / ServiceArgsData{token=android.os.BinderProxy@424d7328 startId=1 args=Intent { cmp=com.lenovo.lewea/com.lenovo.weather.service.UpdateAppWidgetService }}
D/ActivityThread( 2285): SVC-Destroying service: com.lenovo.weather.service.UpdateAppWidgetService@426978a0
D/ActivityThread( 2285): SVC-STOP_SERVICE handled : 0 / android.os.BinderProxy@424d7328
V/ActivityManager(  754): Broadcast sticky: Intent { act=android.intent.action.SIG_STR flg=0x20000010 (has extras) } ordered=false userid=-1 callerApp=ProcessRecord{424ffa30 754:system/1000}
I/thermal_repeater(  197): oh, queryMdThermalInfo (0)Success
I/thermal_repeater(  197): [recvMdThermalInfo] ret=5, strLen=127, ERROR
D/PowerManagerService(  754): userActivityFromNative
D/PowerManagerService(  754): userActivityNoUpdateLocked: eventTime=159716516, event=2, flags=0x0, uid=1000
D/PowerManagerNotifier(  754): onUserActivity: event=2, uid=1000
D/PowerManagerService(  754): updateUserActivitySummaryLocked: mWakefulness=Awake, mUserActivitySummary=0x1, nextTimeout=160007316 (in 290795 ms)
D/PowerManagerService(  754): newScreenState = 2
D/PowerManagerDisplayController(  754): requestPowerState: screenState=2, useProximitySensor=false, forceProximitySensorEnable=false, forceWakeUpEnable=false, screenBrightness=45, screenAutoBrightnessAdjustment=0.0, useAutoBrightness=false, useEcoBrightness=false, blockScreenOn=false, waitForNegativeProximity=false
I/PowerManagerService(  754): setBrightness mButtonLight 0.
D/PowerManagerService(  754): updateScreenStateLocked: mDisplayReady=true, newScreenState=2, mWakefulness=1, mWakeLockSummary=0x1, mUserActivitySummary=0x1, mBootCompleted=true
D/PowerManagerService(  754): handleSandman: canDream=false, mWakefulness=Awake
V/ActivityManager(  754): notify app switch for new activity com.mpr.mprepubreader Where 0
D/ActivityManager(  754): notifyAppSwitch resumed: true; pkg:com.mpr.mprepubreader
I/ActivityManager(  754): START u0 {flg=0x10000000 cmp=com.mpr.mprepubreader/.book.bookdetail.BookDetailActivity (has extras)} from pid 18273
D/ActivityManager(  754): com.mpr.mprepubreader: resumed, notify app
D/ActivityManager(  754): ACT-moveHomeTask toFront : false homeInFront = false
D/ActivityManager(  754): launchFlags = 10000000, launchMode = 2, realActivity = ComponentInfo{com.mpr.mprepubreader/com.mpr.mprepubreader.book.bookdetail.BookDetailActivity}, task.realActivity = ComponentInfo{com.mpr.mprepubreader/com.mpr.mprepubreader.activity.SplashActivity}
D/ActivityManager(  754): ACT-moveHomeTask toFront : false homeInFront = false
I/ActivityManager(  754): startPausingLocked.updateThumbnail is run here
I/ActivityManager(  754): screenshotActivities.screenshotApplications() is run here 
D/PowerManagerService(  754): acquireWakeLockInternal: lock=1113532800, flags=0x1, tag="ActivityManager-Launch", ws=null, uid=1000, pid=754
D/PowerManagerNotifier(  754): onWakeLockAcquired: flags=1, tag="ActivityManager-Launch", packageName=android, ownerUid=1000, ownerPid=754, workSource=null
D/PowerManagerService(  754): updateWakeLockSummaryLocked: mWakefulness=Awake, mWakeLockSummary=0x1
D/PowerManagerService(  754): newScreenState = 2
D/PowerManagerDisplayController(  754): requestPowerState: screenState=2, useProximitySensor=false, forceProximitySensorEnable=false, forceWakeUpEnable=false, screenBrightness=45, screenAutoBrightnessAdjustment=0.0, useAutoBrightness=false, useEcoBrightness=false, blockScreenOn=false, waitForNegativeProximity=false
I/PowerManagerService(  754): setBrightness mButtonLight 0.
D/ActivityThread(18273): ACT-AM_ON_PAUSE_CALLED ActivityRecord{43a71bf8 token=android.os.BinderProxy@42beb250 {com.mpr.mprepubreader/com.mpr.mprepubreader.activity.MainActivity}}
D/PowerManagerService(  754): updateScreenStateLocked: mDisplayReady=true, newScreenState=2, mWakefulness=1, mWakeLockSummary=0x1, mUserActivitySummary=0x1, mBootCompleted=true
D/PowerManagerService(  754): handleSandman: canDream=false, mWakefulness=Awake
V/WindowManager(  754): Changing focus from Window{42d11070 u0 com.mpr.mprepubreader/com.mpr.mprepubreader.activity.MainActivity} to null Callers=com.android.server.wm.WindowManagerService.setFocusedApp:4470 com.android.server.am.ActivityManagerService.setFocusedActivityLocked:2499 com.android.server.am.ActivityStackSupervisor.startActivityUncheckedLocked:2360 com.android.server.am.ActivityStackSupervisor.startActivityLocked:1607 
I/WindowManager(  754): Losing focus: Window{42d11070 u0 com.mpr.mprepubreader/com.mpr.mprepubreader.activity.MainActivity}
W/ContextImpl(  754): Calling a method in the system process without a qualified user: android.app.ContextImpl.sendBroadcast:1257 com.android.server.wm.WindowManagerService.updateOrientationFromAppTokens:4231 com.android.server.am.ActivityStackSupervisor.realStartActivityLocked:1155 com.android.server.am.ActivityStackSupervisor.startSpecificActivityLocked:1341 com.android.server.am.ActivityStack.resumeTopActivityLocked:1894 
V/ActivityManager(  754): Broadcast: Intent { act=android.intent.action.WINDOW_MANAGER_SERVICE_FORCED_APP_ORIENTATION flg=0x10 (has extras) } ordered=false userid=0 callerApp=ProcessRecord{424ffa30 754:system/1000}
V/ActivityManager(  754): ensureActivitiesVisibleLocked: consider front
V/ActivityManager(  754): ensureActivitiesVisibleLocked: consider back
V/ActivityManager(  754): ensureActivitiesVisibleLocked: consider front
V/ActivityManager(  754): ensureActivitiesVisibleLocked: consider back
V/ActivityManager(  754): ACT-Activity idle: null
D/ActivityThread(18273): ACT-PAUSE_ACTIVITY handled : 1 / android.os.BinderProxy@42beb250
D/ConnectivityService(  754): getActiveNetworkInfo:NetworkInfo: type: WIFI[], state: CONNECTED/CONNECTED, reason: (unspecified), extra: "MPR-test", roaming: false, failover: false, isAvailable: true, isConnectedToProvisioningNetwork: false, simId: 0/10265
D/ConnectivityService(  754): getActiveNetworkInfo:NetworkInfo: type: WIFI[], state: CONNECTED/CONNECTED, reason: (unspecified), extra: "MPR-test", roaming: false, failover: false, isAvailable: true, isConnectedToProvisioningNetwork: false, simId: 0/10265
--------- beginning of /dev/log/main
D/NativeCrypto(18273): ssl=0x6cb43b20 info_callback ignored
D/NativeCrypto(18273): doing handshake -- ret=1
D/NativeCrypto(18273): ssl=0x6cb43b20 NativeCrypto_SSL_get_certificate => NULL
D/NativeCrypto(18273): ssl=0x6cb43b20 sslWrite buf=0x42cf4f90 len=435 write_timeout_millis=0
D/NativeCrypto(18273): ssl=0x6cb43b20 sslRead buf=0x42c465c8 len=1500,timeo=40000
D/OpenSSLLib(18273):  User Build
D/NativeCrypto(18273): ssl=0x6ef1bb08 info_callback where=0x1001 ret=1
D/NativeCrypto(18273): ssl=0x6ef1bb08 SSL_connect:3WCKEA SSLv3 write client key exchange A
D/NativeCrypto(18273): ssl=0x6ef1bb08 info_callback ignored
D/NativeCrypto(18273): ssl=0x6ef1bb08 info_callback where=0x1001 ret=1
D/NativeCrypto(18273): ssl=0x6ef1bb08 SSL_connect:3WCCSA SSLv3 write change cipher spec A
D/NativeCrypto(18273): ssl=0x6ef1bb08 info_callback ignored
D/NativeCrypto(18273): ssl=0x6ef1bb08 info_callback where=0x1001 ret=1
D/NativeCrypto(18273): ssl=0x6ef1bb08 SSL_connect:3WFINA SSLv3 write finished A
D/NativeCrypto(18273): ssl=0x6ef1bb08 info_callback ignored
D/NativeCrypto(18273): ssl=0x6ef1bb08 info_callback where=0x1001 ret=1
D/NativeCrypto(18273): ssl=0x6ef1bb08 SSL_connect:3FLUSH SSLv3 flush data
D/NativeCrypto(18273): ssl=0x6ef1bb08 info_callback ignored
D/NativeCrypto(18273): ssl=0x6ef1bb08 info_callback where=0x1002 ret=-1
D/NativeCrypto(18273): ssl=0x6ef1bb08 SSL_connect:error exit in UNKWN  SSLv3 read server session ticket A
D/NativeCrypto(18273): ssl=0x6ef1bb08 info_callback ignored
D/NativeCrypto(18273): ssl=0x6ef1bb08 info_callback where=0x1002 ret=-1
D/NativeCrypto(18273): ssl=0x6ef1bb08 SSL_connect:error exit in UNKWN  SSLv3 read server session ticket A
D/NativeCrypto(18273): ssl=0x6ef1bb08 info_callback ignored
D/NativeCrypto(18273): doing handshake -- ret=-1
D/NativeCrypto(18273): ssl=0x6ef1bb08 NativeCrypto_SSL_do_handshake ret=-1 errno=11 sslError=2 timeout_millis=40000
D/NativeCrypto(18273): doing handshake ++
D/NativeCrypto(18273): ssl=0x6ef1bb08 info_callback where=0x1001 ret=1
D/NativeCrypto(18273): ssl=0x6ef1bb08 SSL_connect:UNKWN  SSLv3 read server session ticket A
D/NativeCrypto(18273): ssl=0x6ef1bb08 info_callback ignored
D/NativeCrypto(18273): ssl=0x6ef1bb08 info_callback where=0x1001 ret=1
D/NativeCrypto(18273): ssl=0x6ef1bb08 SSL_connect:3RFINA SSLv3 read finished A
D/NativeCrypto(18273): ssl=0x6ef1bb08 info_callback ignored
D/NativeCrypto(18273): ssl=0x6ef1bb08 info_callback where=0x20 ret=1
D/NativeCrypto(18273): ssl=0x6ef1bb08 handshake done in SSLOK  SSL negotiation finished successfully
D/NativeCrypto(18273): ssl=0x6ef1bb08 info_callback calling handshakeCompleted
D/NativeCrypto(18273): ssl=0x6ef1bb08 info_callback completed
D/NativeCrypto(18273): ssl=0x6ef1bb08 info_callback where=0x1002 ret=1
D/NativeCrypto(18273): ssl=0x6ef1bb08 SSL_connect:ok exit in SSLOK  SSL negotiation finished successfully
D/NativeCrypto(18273): ssl=0x6ef1bb08 info_callback ignored
D/NativeCrypto(18273): doing handshake -- ret=1
D/NativeCrypto(18273): ssl=0x6ef1bb08 NativeCrypto_SSL_get_certificate => NULL
D/ActivityThread(18273): ACT-AM_ON_RESUME_CALLED ActivityRecord{43ae5d10 token=android.os.BinderProxy@436647b8 {com.mpr.mprepubreader/com.mpr.mprepubreader.book.bookdetail.BookDetailActivity}}
V/Provider/Settings(  894): get setting for user 0 by user 0 so skipping cache
V/Provider/Settings(  894):  from settings cache , name = full_screen_expand_statusbar , value = 1
V/PhoneWindow(18273): DecorView setVisiblity: visibility = 4 ,Parent =null, this =com.android.internal.policy.impl.PhoneWindow$DecorView{426060c8 I.E..... R.....ID 0,0-0,0}
D/ADB_SERVICES(  206):  closing because is_eof=1 r=-1 s->fde.force_eof=0
W/ADB_SERVICES(  206): entered. LS(2430) fd=18
D/NativeCrypto(18273): ssl=0x6ef1bb08 sslWrite buf=0x438b0eb0 len=394 write_timeout_millis=0
D/NativeCrypto(18273): ssl=0x6ef1bb08 sslRead buf=0x438a9e48 len=1500,timeo=40000
V/PhoneWindow(18273): DecorView setVisiblity: visibility = 0 ,Parent =ViewRoot{43899de0 com.mpr.mprepubreader/com.mpr.mprepubreader.book.bookdetail.BookDetailActivity,ident = 18}, this =com.android.internal.policy.impl.PhoneWindow$DecorView{426060c8 V.E..... R.....ID 0,0-0,0}
D/ActivityThread(18273): ACT-LAUNCH_ACTIVITY handled : 0 / ActivityRecord{43ae5d10 token=android.os.BinderProxy@436647b8 {com.mpr.mprepubreader/com.mpr.mprepubreader.book.bookdetail.BookDetailActivity}}
D/WebViewCallback(18273): onConsoleMessage
D/WebViewCallback(18273): onConsoleMessage
D/WebViewCallback(18273): onConsoleMessage
I/System.out(18273): [CDS]rx timeout:100
I/System.out(18273): [CDS]rx timeout:100
I/System.out(18273): [CDS]rx timeout:40000
I/System.out(18273): [CDS]rx timeout:40000
D/jiayh2  (18273): FontThemeManager createThemeFont typefacetype=2, curfontpath=/system/fonts/FangZhengLTH.ttf
D/jiayh2  (18273): FontThemeManager createThemeFont typefacetype=2, curfontpath=/system/fonts/FangZhengLTH.ttf
D/jiayh2  (18273): FontThemeManager createThemeFont typefacetype=2, curfontpath=/system/fonts/FangZhengLTH.ttf
D/jiayh2  (18273): FontThemeManager createThemeFont typefacetype=2, curfontpath=/system/fonts/FangZhengLTH.ttf
D/jiayh2  (18273): FontThemeManager createThemeFont typefacetype=2, curfontpath=/system/fonts/FangZhengLTH.ttf
D/jiayh2  (18273): FontThemeManager createThemeFont typefacetype=2, curfontpath=/system/fonts/FangZhengLTH.ttf
D/jiayh2  (18273): FontThemeManager createThemeFont typefacetype=2, curfontpath=/system/fonts/FangZhengLTH.ttf
D/jiayh2  (18273): FontThemeManager createThemeFont typefacetype=2, curfontpath=/system/fonts/FangZhengLTH.ttf
D/jiayh2  (18273): FontThemeManager createThemeFont typefacetype=2, curfontpath=/system/fonts/FangZhengLTH.ttf
D/jiayh2  (18273): FontThemeManager createThemeFont typefacetype=2, curfontpath=/system/fonts/FangZhengLTH.ttf
D/jiayh2  (18273): FontThemeManager createThemeFont typefacetype=2, curfontpath=/system/fonts/FangZhengLTH.ttf
D/jiayh2  (18273): FontThemeManager createThemeFont typefacetype=2, curfontpath=/system/fonts/FangZhengLTH.ttf
D/jiayh2  (18273): FontThemeManager createThemeFont typefacetype=2, curfontpath=/system/fonts/FangZhengLTH.ttf
D/jiayh2  (18273): FontThemeManager createThemeFont typefacetype=2, curfontpath=/system/fonts/FangZhengLTH.ttf
D/jiayh2  (18273): FontThemeManager createThemeFont typefacetype=2, curfontpath=/system/fonts/FangZhengLTH.ttf
D/jiayh2  (18273): FontThemeManager createThemeFont typefacetype=2, curfontpath=/system/fonts/FangZhengLTH.ttf
D/jiayh2  (18273): FontThemeManager createThemeFont typefacetype=2, curfontpath=/system/fonts/FangZhengLTH.ttf
D/jiayh2  (18273): FontThemeManager createThemeFont typefacetype=2, curfontpath=/system/fonts/FangZhengLTH.ttf
D/jiayh2  (18273): FontThemeManager createThemeFont typefacetype=2, curfontpath=/system/fonts/FangZhengLTH.ttf
D/jiayh2  (18273): FontThemeManager createThemeFont typefacetype=2, curfontpath=/system/fonts/FangZhengLTH.ttf
D/jiayh2  (18273): FontThemeManager createThemeFont typefacetype=2, curfontpath=/system/fonts/FangZhengLTH.ttf
D/jiayh2  (18273): FontThemeManager createThemeFont typefacetype=2, curfontpath=/system/fonts/FangZhengLTH.ttf
D/jiayh2  (18273): FontThemeManager createThemeFont typefacetype=2, curfontpath=/system/fonts/FangZhengLTH.ttf
D/jiayh2  (18273): FontThemeManager createThemeFont typefacetype=2, curfontpath=/system/fonts/FangZhengLTH.ttf
D/jiayh2  (18273): FontThemeManager createThemeFont typefacetype=2, curfontpath=/system/fonts/FangZhengLTH.ttf
D/jiayh2  (18273): FontThemeManager createThemeFont typefacetype=2, curfontpath=/system/fonts/FangZhengLTH.ttf
D/jiayh2  (18273): FontThemeManager createThemeFont typefacetype=2, curfontpath=/system/fonts/FangZhengLTH.ttf
D/jiayh2  (18273): FontThemeManager createThemeFont typefacetype=2, curfontpath=/system/fonts/FangZhengLTH.ttf
D/jiayh2  (18273): FontThemeManager createThemeFont typefacetype=2, curfontpath=/system/fonts/FangZhengLTH.ttf
D/jiayh2  (18273): FontThemeManager createThemeFont typefacetype=2, curfontpath=/system/fonts/FangZhengLTH.ttf
D/jiayh2  (18273): FontThemeManager createThemeFont typefacetype=2, curfontpath=/system/fonts/FangZhengLTH.ttf
D/jiayh2  (18273): FontThemeManager createThemeFont typefacetype=2, curfontpath=/system/fonts/FangZhengLTH.ttf
V/Provider/Settings(  754): get setting for user 0 by user 0 so skipping cache
V/Provider/Settings(  754):  from settings cache , name = spell_checker_enabled , value = null
V/Provider/Settings(  754): get setting for user 0 by user 0 so skipping cache
V/Provider/Settings(  754):  from settings cache , name = selected_spell_checker_subtype , value = 0
V/Provider/Settings(  754): get setting for user 0 by user 0 so skipping cache
V/Provider/Settings(  754):  from settings cache , name = selected_spell_checker , value = com.android.inputmethod.latin/.spellcheck.AndroidSpellCheckerService
V/Provider/Settings(  754): get setting for user 0 by user 0 so skipping cache
V/Provider/Settings(  754):  from settings cache , name = selected_input_method_subtype , value = -1
V/Provider/Settings(  754): get setting for user 0 by user 0 so skipping cache
V/Provider/Settings(  754):  from settings cache , name = spell_checker_enabled , value = null
V/Provider/Settings(  754): get setting for user 0 by user 0 so skipping cache
V/Provider/Settings(  754):  from settings cache , name = selected_spell_checker_subtype , value = 0
D/jiayh2  (18273): FontThemeManager createThemeFont typefacetype=1, curfontpath=/system/fonts/FangZhengLTH.ttf
V/Provider/Settings(  754): get setting for user 0 by user 0 so skipping cache
V/Provider/Settings(  754):  from settings cache , name = selected_spell_checker , value = com.android.inputmethod.latin/.spellcheck.AndroidSpellCheckerService
D/jiayh2  (18273): FontThemeManager createThemeFont typefacetype=2, curfontpath=/system/fonts/FangZhengLTH.ttf
V/Provider/Settings(  754): get setting for user 0 by user 0 so skipping cache
V/Provider/Settings(  754):  from settings cache , name = selected_input_method_subtype , value = -1
D/ListView(18273): measureHeightOfChildren adapter=android.widget.HeaderViewListAdapter@43df0f38, startPosition=0, endPosition=0, maxHeight=536870911, this=com.mpr.mprepubreader.widgets.nomal.ListViewForScrollView{43b258f8 VFED.VC. ......I. 0,0-0,0 #7f0d03ca app:id/commend_scroll}
I/BufferQueue(  164): [unnamed-164-852](this:0xb8d09578,id:852,api:0,p:-1,c:-1) BufferQueue
I/GLConsumer(  164): [void android::RingBuffer<TYPE>::resize(uint32_t, bool) [with TYPE = android::sp<android::BackupBuffer>; uint32_t = unsigned int]] 0xb8cf0594 resize to 10 (force=true)
I/GLConsumer(  164): [void android::RingBuffer<TYPE>::resize(uint32_t, bool) [with TYPE = android::sp<android::BackupBuffer>; uint32_t = unsigned int]] 0xb8cf0594 resize to 0 (force=false)
I/BufferQueue(  164): [unnamed-164-852](this:0xb8d09578,id:852,api:0,p:-1,c:164) consumerConnect consumer=(164:/system/bin/surfaceflinger) controlledByApp=false
I/BufferQueue(  164): [unnamed-164-851](this:0xb8d09578,id:852,api:0,p:-1,c:164) setConsumerName: unnamed-164-851
I/GLConsumer(  164): [unnamed-164-851](this:0xb8cf09e8,api:0) GLConsumer
I/BufferQueue(  164): [com.mpr.mprepubreader/com.mpr.mprepubreader.book.bookdetail.BookDetailActivity](this:0xb8d09578,id:852,api:0,p:-1,c:164) setConsumerName: com.mpr.mprepubreader/com.mpr.mprepubreader.book.bookdetail.BookDetailActivity
I/BufferQueue(  164): [com.mpr.mprepubreader/com.mpr.mprepubreader.book.bookdetail.BookDetailActivity](this:0xb8d09578,id:852,api:0,p:-1,c:164) setDefaultBufferSize: w=1, h=1
V/WindowManager(  754): Changing focus from null to Window{42b66778 u0 com.mpr.mprepubreader/com.mpr.mprepubreader.book.bookdetail.BookDetailActivity} Callers=com.android.server.wm.WindowManagerService.relayoutWindow:3505 com.android.server.wm.Session.relayout:191 android.view.IWindowSession$Stub.onTransact:235 com.android.server.wm.Session.onTransact:126 
V/Provider/Settings(  754): get setting for user 0 by user 0 so skipping cache
V/Provider/Settings(  754):  from settings cache , name = full_screen_expand_statusbar , value = 1
V/Provider/Settings(  754): get setting for user 0 by user 0 so skipping cache
V/Provider/Settings(  754):  from settings cache , name = full_screen_expand_statusbar , value = 1
I/BufferQueue(  164): [com.mpr.mprepubreader/com.mpr.mprepubreader.book.bookdetail.BookDetailActivity](this:0xb8d09578,id:852,api:0,p:-1,c:164) setDefaultBufferSize: w=720, h=1280
V/Provider/Settings(  754): get setting for user 0 by user 0 so skipping cache
V/Provider/Settings(  754):  from settings cache , name = full_screen_expand_statusbar , value = 1
I/WindowManager(  754): Gaining focus: Window{42b66778 u0 com.mpr.mprepubreader/com.mpr.mprepubreader.book.bookdetail.BookDetailActivity}
I/BufferQueue(  164): [com.mpr.mprepubreader/com.mpr.mprepubreader.book.bookdetail.BookDetailActivity](this:0xb8d09578,id:852,api:0,p:18273,c:164) connect: api=1 producer=(18273:com.mpr.mprepubreader) producerControlledByApp=true
I/BufferQueue(  164): [com.mpr.mprepubreader/com.mpr.mprepubreader.book.bookdetail.BookDetailActivity](this:0xb8d09578,id:852,api:1,p:18273,c:164) new GraphicBuffer needed
D/BufferQueue(  164):     [OLD] gb:NULL
I/GraphicBuffer(  164): allocate buffer (w:720 h:1280 f:1) handle(0xb8cd3ed0) err(0)
D/BufferQueue(  164):     [NEW] gb=0xb8cd8a78, handle=0xb8cd3ed0, w=720, h=1280, s=720, f=0x1, u=0x00000f02
D/GraphicBuffer(18273): create handle(0x6cb4b1a0) (w:720, h:1280, f:1)
D/BufferQueue(  164): [com.mpr.mprepubreader/com.mpr.mprepubreader.book.bookdetail.BookDetailActivity](this:0xb8d09578,id:852,api:1,p:18273,c:164) cancelBuffer: slot=0
I/MaliEGL (18273): [Mali]window_type=1, is_framebuffer=0, errnum = 0
I/MaliEGL (18273): [Mali]surface->num_buffers=4, surface->num_frames=3, win_min_undequeued=1
I/MaliEGL (18273): [Mali]max_allowed_dequeued_buffers=3
I/BufferQueue(  164): [com.mpr.mprepubreader/com.mpr.mprepubreader.book.bookdetail.BookDetailActivity](this:0xb8d09578,id:852,api:1,p:18273,c:164) setBufferCount: count=4
I/GraphicBuffer(  164): free buffer (w:720 h:1280 f:1) handle(0xb8cd3ed0)
I/BufferQueue(  164): [com.mpr.mprepubreader/com.mpr.mprepubreader.book.bookdetail.BookDetailActivity](this:0xb8d09578,id:852,api:1,p:18273,c:164) getReleasedBuffers: returning mask 0xffffffff
D/GraphicBuffer(18273): close handle(0x6cb4b1a0) (w:720 h:1280 f:1)
I/System.out(18273): [CDS]rx timeout:100
I/BufferQueue(  164): [com.mpr.mprepubreader/com.mpr.mprepubreader.book.bookdetail.BookDetailActivity](this:0xb8d09578,id:852,api:1,p:18273,c:164) new GraphicBuffer needed
D/BufferQueue(  164):     [OLD] gb:NULL
I/System.out(18273): [CDS]rx timeout:100
I/System.out(18273): [CDS]rx timeout:40000
I/System.out(18273): [CDS]rx timeout:40000
I/GraphicBuffer(  164): allocate buffer (w:720 h:1280 f:1) handle(0xb8cd3ed0) err(0)
D/BufferQueue(  164):     [NEW] gb=0xb8cd8a78, handle=0xb8cd3ed0, w=720, h=1280, s=720, f=0x1, u=0x00000f02
D/GraphicBuffer(18273): create handle(0x65ce67d8) (w:720, h:1280, f:1)
D/OpenGLRenderer(18273): setViewport 720x1280 <0x65ce7c08>
D/AbsListView(18273): onSizeChanged w=720, h=133, oldw=0, oldh=0, getChildCount=0, mSyncPosition=0, mNeedSync=false, mSyncMode=0, mAdapterandroid.widget.HeaderViewListAdapter@43df0f38, this=com.mpr.mprepubreader.widgets.nomal.ListViewForScrollView{43b258f8 VFED.VC. ......I. 0,554-720,687 #7f0d03ca app:id/commend_scroll}, callstack=android.widget.ListView.onSizeChanged:1150 android.view.View.sizeChange:15445 android.view.View.setFrame:15418 android.widget.AbsListView.setFrame:2209 android.view.View.layout:15306 android.view.ViewGroup.layout:4867 android.widget.LinearLayout.setChildFrame:1888 android.widget.LinearLayout.layoutVertical:1742 android.widget.LinearLayout.onLayout:1651 android.view.View.layout:15317 
D/jiayh2  (18273): FontThemeManager createThemeFont typefacetype=2, curfontpath=/system/fonts/FangZhengLTH.ttf
D/ListView(18273): mSelectorRect.setEmpty in layoutChildren this=com.mpr.mprepubreader.widgets.nomal.ListViewForScrollView{43b258f8 VFED.VC. ......ID 0,554-720,687 #7f0d03ca app:id/commend_scroll}
D/OpenGLRenderer(18273): prepareDirty (0.00, 0.00, 720.00, 1280.00) opaque 1 <0x65ce7c08>
D/OpenGLRenderer(18273): finish <0x65ce7c08>
V/Provider/Settings(  754): get setting for user 0 by user 0 so skipping cache
V/Provider/Settings(  754):  from settings cache , name = full_screen_expand_statusbar , value = 1
D/AbsListView(18273): onWindowFocusChanged: hasWindowFocus=true, this=com.mpr.mprepubreader.widgets.nomal.ListViewForScrollView{43b258f8 VFED.VC. ......I. 0,554-720,687 #7f0d03ca app:id/commend_scroll}
I/GLConsumer(  164): [com.mpr.mprepubreader/com.mpr.mprepubreader.book.bookdetail.BookDetailActivity](this:0xb8cf09e8,api:1) [void* android::GLConsumer::createImage(EGLDisplay, const android::sp<android::GraphicBuffer>&, const android::Rect&)]
D/GLConsumer(  164):     GraphicBuffer: gb=0xb8cd8a78 handle=0xb8cd3ed0 fmt=1
D/GLConsumer(  164):     EGLImage: dpy=0x1, img=0x10000009
E/CubicBezierInterpolator(  754): ####:PointF(0.1, 0.8)
V/InputMethodManager(18273): onWindowFocus: com.handmark.pulltorefresh.library.PullToRefreshScrollView{438f4ed8 VFE..... .F....I. 0,0-720,1034 #7f0d03b0 app:id/detail_scrollview} softInputMode=272 first=true flags=#1810100
E/CubicBezierInterpolator(  754): ####:PointF(0.5, 1.0)
V/InputMethodManager(18273): START INPUT: com.handmark.pulltorefresh.library.PullToRefreshScrollView{438f4ed8 VFE..... .F....I. 0,0-720,1034 #7f0d03b0 app:id/detail_scrollview} ic=null tba=android.view.inputmethod.EditorInfo@42c4b7f8 controlFlags=#105
V/InputMethodManagerService(  754): windowGainedFocus: android.os.BinderProxy@437490f0 controlFlags=#105 softInputMode=#110 windowFlags=#1810100
E/CubicBezierInterpolator(  754): ####:PointF(0.1, 0.8)
E/CubicBezierInterpolator(  754): ####:PointF(0.5, 1.0)
E/CubicBezierInterpolator(  754): ####:PointF(0.1, 0.8)
E/CubicBezierInterpolator(  754): ####:PointF(0.5, 1.0)
V/Provider/Settings(  754): get setting for user 0 by user 0 so skipping cache
V/Provider/Settings(  754):  from settings cache , name = full_screen_expand_statusbar , value = 1
I/ActivityManager(  754): [AppLaunch] Displayed Displayed com.mpr.mprepubreader/.book.bookdetail.BookDetailActivity: +316ms
D/ActivityManager(  754): AP_PROF:AppLaunch_LaunchTime:com.mpr.mprepubreader/.book.bookdetail.BookDetailActivity:316:159717035
V/Provider/Settings(  754): get setting for user 0 by user 0 so skipping cache
V/Provider/Settings(  754):  from settings cache , name = full_screen_expand_statusbar , value = 1
D/ListView(18273): measureHeightOfChildren adapter=android.widget.HeaderViewListAdapter@43df0f38, startPosition=0, endPosition=3, maxHeight=536870911, this=com.mpr.mprepubreader.widgets.nomal.ListViewForScrollView{43b258f8 VFED.VC. ......I. 0,554-720,687 #7f0d03ca app:id/commend_scroll}
D/dalvikvm(18273): create interp thread : stack size=128KB
D/dalvikvm(18273): create new thread
D/dalvikvm(18273): new thread created
D/dalvikvm(18273): update thread list
D/dalvikvm(18273): threadid=65: interp stack at 0x6f3db000
D/dalvikvm(18273): threadid=65: created from interp
D/dalvikvm(18273): start new thread
D/dalvikvm(18273): threadid=65: notify debugger
D/dalvikvm(18273): threadid=65 (pool-46-thread-1): calling run()
D/AbsListView(18273): onSizeChanged w=720, h=643, oldw=720, oldh=133, getChildCount=1, mSyncPosition=0, mNeedSync=true, mSyncMode=1, mAdapterandroid.widget.HeaderViewListAdapter@43df0f38, this=com.mpr.mprepubreader.widgets.nomal.ListViewForScrollView{43b258f8 VFED.VC. ......ID 0,554-720,1197 #7f0d03ca app:id/commend_scroll}, callstack=android.widget.ListView.onSizeChanged:1150 android.view.View.sizeChange:15445 android.view.View.setFrame:15418 android.widget.AbsListView.setFrame:2209 android.view.View.layout:15306 android.view.ViewGroup.layout:4867 android.widget.LinearLayout.setChildFrame:1888 android.widget.LinearLayout.layoutVertical:1742 android.widget.LinearLayout.onLayout:1651 android.view.View.layout:15317 
D/jiayh2  (18273): FontThemeManager createThemeFont typefacetype=2, curfontpath=/system/fonts/FangZhengLTH.ttf
D/jiayh2  (18273): FontThemeManager createThemeFont typefacetype=2, curfontpath=/system/fonts/FangZhengLTH.ttf
D/jiayh2  (18273): FontThemeManager createThemeFont typefacetype=2, curfontpath=/system/fonts/FangZhengLTH.ttf
D/jiayh2  (18273): FontThemeManager createThemeFont typefacetype=2, curfontpath=/system/fonts/FangZhengLTH.ttf
D/jiayh2  (18273): FontThemeManager createThemeFont typefacetype=2, curfontpath=/system/fonts/FangZhengLTH.ttf
D/dalvikvm( 1274): GC_CONCURRENT freed 1764K (24813), 24% free 11192K/14676K (before 12955K/14676K), paused 3ms+4ms, total 39ms
D/jiayh2  (18273): FontThemeManager createThemeFont typefacetype=2, curfontpath=/system/fonts/FangZhengLTH.ttf
D/jiayh2  (18273): FontThemeManager createThemeFont typefacetype=2, curfontpath=/system/fonts/FangZhengLTH.ttf
D/jiayh2  (18273): FontThemeManager createThemeFont typefacetype=2, curfontpath=/system/fonts/FangZhengLTH.ttf
D/jiayh2  (18273): FontThemeManager createThemeFont typefacetype=2, curfontpath=/system/fonts/FangZhengLTH.ttf
D/jiayh2  (18273): FontThemeManager createThemeFont typefacetype=2, curfontpath=/system/fonts/FangZhengLTH.ttf
D/jiayh2  (18273): FontThemeManager createThemeFont typefacetype=2, curfontpath=/system/fonts/FangZhengLTH.ttf
D/jiayh2  (18273): FontThemeManager createThemeFont typefacetype=2, curfontpath=/system/fonts/FangZhengLTH.ttf
D/jiayh2  (18273): FontThemeManager createThemeFont typefacetype=2, curfontpath=/system/fonts/FangZhengLTH.ttf
D/jiayh2  (18273): FontThemeManager createThemeFont typefacetype=2, curfontpath=/system/fonts/FangZhengLTH.ttf
D/jiayh2  (18273): FontThemeManager createThemeFont typefacetype=2, curfontpath=/system/fonts/FangZhengLTH.ttf
D/ListView(18273): mSelectorRect.setEmpty in layoutChildren this=com.mpr.mprepubreader.widgets.nomal.ListViewForScrollView{43b258f8 VFED.VC. ......ID 0,554-720,1197 #7f0d03ca app:id/commend_scroll}
I/BufferQueue(  164): [com.mpr.mprepubreader/com.mpr.mprepubreader.book.bookdetail.BookDetailActivity](this:0xb8d09578,id:852,api:1,p:18273,c:164) new GraphicBuffer needed
D/BufferQueue(  164):     [OLD] gb:NULL
I/GraphicBuffer(  164): allocate buffer (w:720 h:1280 f:1) handle(0xb8cd7f28) err(0)
D/BufferQueue(  164):     [NEW] gb=0xb8d09478, handle=0xb8cd7f28, w=720, h=1280, s=720, f=0x1, u=0x00000f02
D/GraphicBuffer(18273): create handle(0x6b582a30) (w:720, h:1280, f:1)
D/OpenGLRenderer(18273): prepareDirty (0.00, 0.00, 720.00, 1280.00) opaque 1 <0x65ce7c08>
D/OpenGLRenderer(18273): drawRect multiDraw LinearLayout @43682508 paint 0x699043a8 id 5 style 0 AA 0 color 0xffefeff4
D/OpenGLRenderer(18273): finish <0x65ce7c08>
I/GLConsumer(  164): [com.mpr.mprepubreader/com.mpr.mprepubreader.book.bookdetail.BookDetailActivity](this:0xb8cf09e8,api:1) [void* android::GLConsumer::createImage(EGLDisplay, const android::sp<android::GraphicBuffer>&, const android::Rect&)]
D/GLConsumer(  164):     GraphicBuffer: gb=0xb8d09478 handle=0xb8cd7f28 fmt=1
D/GLConsumer(  164):     EGLImage: dpy=0x1, img=0x1000000b
D/dalvikvm(18273): create interp thread : stack size=128KB
D/dalvikvm(18273): create new thread
D/dalvikvm(18273): new thread created
D/dalvikvm(18273): update thread list
D/dalvikvm(18273): threadid=66: interp stack at 0x709a9000
D/dalvikvm(18273): threadid=66: created from interp
D/dalvikvm(18273): start new thread
D/dalvikvm(18273): threadid=66: notify debugger
D/dalvikvm(18273): threadid=66 (pool-47-thread-1): calling run()
I/System.out(18273): [socket][34] connection /172.16.3.134:80;LocalPort=42749(0)
I/System.out(18273): [CDS]connect[/172.16.3.134:80] tm:90
D/Posix   (18273): [Posix_connect Debug]Process com.mpr.mprepubreader :80 
I/System.out(18273): [socket][/192.168.41.103:42749] connected
I/System.out(18273): [CDS]rx timeout:0
I/System.out(18273): [socket][35] connection /172.16.3.134:80;LocalPort=51341(0)
I/System.out(18273): [CDS]connect[/172.16.3.134:80] tm:90
D/Posix   (18273): [Posix_connect Debug]Process com.mpr.mprepubreader :80 
D/ListView(18273): measureHeightOfChildren adapter=android.widget.HeaderViewListAdapter@43df0f38, startPosition=0, endPosition=3, maxHeight=536870911, this=com.mpr.mprepubreader.widgets.nomal.ListViewForScrollView{43b258f8 VFED.VC. ......ID 0,554-720,1197 #7f0d03ca app:id/commend_scroll}
I/System.out(18273): [socket][36] connection /172.16.3.134:80;LocalPort=36191(0)
I/System.out(18273): [CDS]connect[/172.16.3.134:80] tm:90
D/Posix   (18273): [Posix_connect Debug]Process com.mpr.mprepubreader :80 
I/System.out(18273): [socket][/192.168.41.103:51341] connected
I/System.out(18273): [CDS]rx timeout:0
I/System.out(18273): [socket][/192.168.41.103:36191] connected
I/System.out(18273): [CDS]rx timeout:0
D/ListView(18273): mSelectorRect.setEmpty in layoutChildren this=com.mpr.mprepubreader.widgets.nomal.ListViewForScrollView{43b258f8 VFED.VC. ......ID 0,673-720,1316 #7f0d03ca app:id/commend_scroll}
D/OpenGLRenderer(18273): Flushing caches (mode 0)
D/BufferQueue(  164): [com.mpr.mprepubreader/com.mpr.mprepubreader.activity.MainActivity](this:0xb8ce5990,id:851,api:1,p:18273,c:164) cancelBuffer: slot=0
D/GraphicBuffer(18273): close handle(0x65cdf8b8) (w:720 h:1280 f:1)
D/GraphicBuffer(18273): close handle(0x6a09d3a8) (w:720 h:1280 f:1)
D/GraphicBuffer(18273): close handle(0x68faea70) (w:720 h:1280 f:1)
D/GraphicBuffer(18273): close handle(0x6c85fa80) (w:720 h:1280 f:1)
I/BufferQueue(  164): [com.mpr.mprepubreader/com.mpr.mprepubreader.activity.MainActivity](this:0xb8ce5990,id:851,api:1,p:-1,c:164) disconnect: api=1
I/BufferQueue(  164): [com.mpr.mprepubreader/com.mpr.mprepubreader.activity.MainActivity](this:0xb8ce5990,id:851,api:0,p:-1,c:164) getReleasedBuffers: returning mask 0xffffffff
I/GLConsumer(  164): [com.mpr.mprepubreader/com.mpr.mprepubreader.activity.MainActivity](this:0xb8d0a5c8,api:0) destroying EGLImage dpy=0x1 img=0x1000000a
I/GraphicBuffer(  164): free buffer (w:720 h:1280 f:1) handle(0xb8cdd9e0)
I/GLConsumer(  164): [com.mpr.mprepubreader/com.mpr.mprepubreader.activity.MainActivity](this:0xb8d0a5c8,api:0) destroying EGLImage dpy=0x1 img=0x10000003
I/GraphicBuffer(  164): free buffer (w:720 h:1280 f:1) handle(0xb8d0b160)
I/GLConsumer(  164): [com.mpr.mprepubreader/com.mpr.mprepubreader.activity.MainActivity](this:0xb8d0a5c8,api:0) destroying EGLImage dpy=0x1 img=0x10000004
I/GraphicBuffer(  164): free buffer (w:720 h:1280 f:1) handle(0xb8cecfd8)
I/GLConsumer(  164): [com.mpr.mprepubreader/com.mpr.mprepubreader.activity.MainActivity](this:0xb8d0a5c8,api:0) destroying EGLImage dpy=0x1 img=0x10000008
V/Provider/Settings(  754): get setting for user 0 by user 0 so skipping cache
V/Provider/Settings(  754):  from settings cache , name = full_screen_expand_statusbar , value = 1
D/ActivityManager(  754): ACT-windowsGone(): ActivityRecord{4252c3b8 u0 com.mpr.mprepubreader/.activity.MainActivity t111}
D/CameraStorage(13706): External storage state=mounted, mount point = /storage/sdcard0
I/System.out(18273): [socket][37] connection /172.16.3.134:80;LocalPort=48832(0)
I/System.out(18273): [CDS]connect[/172.16.3.134:80] tm:90
D/Posix   (18273): [Posix_connect Debug]Process com.mpr.mprepubreader :80 
I/System.out(18273): [socket][38] connection /172.16.3.134:80;LocalPort=50552(0)
I/System.out(18273): [CDS]connect[/172.16.3.134:80] tm:90
D/Posix   (18273): [Posix_connect Debug]Process com.mpr.mprepubreader :80 
I/System.out(18273): [CDS]rx timeout:100
I/System.out(18273): [CDS]rx timeout:0
I/System.out(18273): [CDS]rx timeout:100
I/System.out(18273): [CDS]rx timeout:0
V/ActivityManager(  754): ACT-Activity idle: Token{433d1490 ActivityRecord{43454730 u0 com.mpr.mprepubreader/.book.bookdetail.BookDetailActivity t111}}
D/PowerManagerService(  754): releaseWakeLockInternal: lock=1113532800 [ActivityManager-Launch], flags=0x0, total_time=544ms
D/PowerManagerNotifier(  754): onWakeLockReleased: flags=1, tag="ActivityManager-Launch", packageName=android, ownerUid=1000, ownerPid=754, workSource=null
D/PowerManagerService(  754): updateWakeLockSummaryLocked: mWakefulness=Awake, mWakeLockSummary=0x1
D/PowerManagerService(  754): newScreenState = 2
D/PowerManagerDisplayController(  754): requestPowerState: screenState=2, useProximitySensor=false, forceProximitySensorEnable=false, forceWakeUpEnable=false, screenBrightness=45, screenAutoBrightnessAdjustment=0.0, useAutoBrightness=false, useEcoBrightness=false, blockScreenOn=false, waitForNegativeProximity=false
I/PowerManagerService(  754): setBrightness mButtonLight 0.
D/PowerManagerService(  754): updateScreenStateLocked: mDisplayReady=true, newScreenState=2, mWakefulness=1, mWakeLockSummary=0x1, mUserActivitySummary=0x1, mBootCompleted=true
V/ActivityManager(  754): ensureActivitiesVisibleLocked: consider front
D/PowerManagerService(  754): handleSandman: canDream=false, mWakefulness=Awake
V/ActivityManager(  754): ensureActivitiesVisibleLocked: consider back
I/System.out(18273): [socket][/192.168.41.103:48832] connected
I/System.out(18273): [socket][/192.168.41.103:50552] connected
I/System.out(18273): [CDS]rx timeout:0
I/System.out(18273): [CDS]rx timeout:0
I/System.out(18273): [CDS]rx timeout:100
I/System.out(18273): [CDS]rx timeout:0
I/System.out(18273): [CDS]rx timeout:100
I/System.out(18273): [CDS]rx timeout:0
D/PhoneInterfaceManagerEx( 1072): [PhoneIntfMgrEx] hasIccCard  simId=0
D/PhoneInterfaceManagerEx( 1072): [PhoneIntfMgrEx] hasIccCard  simId=0
D/PhoneInterfaceManagerEx( 1072): [PhoneIntfMgrEx] hasIccCard  simId=0
D/PhoneInterfaceManagerEx( 1072): [PhoneIntfMgrEx] hasIccCard  simId=0
D/OpenSSLLib(18273): OpensslErr:Module:6(101:100); file:external/openssl/crypto/evp/evp_enc.c ;Line:539;Function:EVP_DecryptFinal_ex
W/System.err(18273): javax.crypto.BadPaddingException: error:06065064:digital envelope routines:EVP_DecryptFinal_ex:bad decrypt
D/dalvikvm(18273): create interp thread : stack size=128KB
D/dalvikvm(18273): create new thread
D/dalvikvm(18273): new thread created
D/dalvikvm(18273): update thread list
D/dalvikvm(18273): threadid=67: interp stack at 0x6f81f000
D/dalvikvm(18273): threadid=67: created from interp
I/System.out(18273): [CDS]rx timeout:100
D/dalvikvm(18273): start new thread
D/dalvikvm(18273): threadid=67: notify debugger
I/System.out(18273): [CDS]rx timeout:0
D/skia    (18273): skiaWebpDecoder:: org:w 120, h 120, out:120 120, decBuf 120 120, sample 1!!
D/dalvikvm(18273): threadid=67 (BitmapTimeoutThread): calling run()
D/PhoneInterfaceManagerEx( 1072): [PhoneIntfMgrEx] hasIccCard  simId=0
W/System.err(18273): 	at com.android.org.conscrypt.NativeCrypto.EVP_CipherFinal_ex(Native Method)
W/System.err(18273): 	at com.android.org.conscrypt.OpenSSLCipher.doFinalInternal(OpenSSLCipher.java:420)
W/System.err(18273): 	at com.android.org.conscrypt.OpenSSLCipher.engineDoFinal(OpenSSLCipher.java:456)
W/System.err(18273): 	at javax.crypto.Cipher.doFinal(Cipher.java:1204)
W/System.err(18273): 	at com.mpr.mprepubreader.f.a.b(AESUtil.java:98)
W/System.err(18273): 	at com.mpr.mprepubreader.f.y.b(MPREpubReaderTool.java:705)
W/System.err(18273): 	at android.support.mdroid.cache.g.a(ImageFetcher.java:280)
W/System.err(18273): 	at android.support.mdroid.cache.g.a(ImageFetcher.java:125)
W/System.err(18273): 	at android.support.mdroid.cache.g.a(ImageFetcher.java:139)
W/System.err(18273): 	at android.support.mdroid.cache.o.b(ImageWorker.java:2471)
W/System.err(18273): 	at android.support.mdroid.cache.u.call(OptimizedAsyncTask.java:72)
W/System.err(18273): 	at java.util.concurrent.FutureTask.run(FutureTask.java:237)
W/System.err(18273): 	at java.util.concurrent.ThreadPoolExecutor.runWorker(ThreadPoolExecutor.java:1112)
W/System.err(18273): 	at java.util.concurrent.ThreadPoolExecutor$Worker.run(ThreadPoolExecutor.java:587)
W/System.err(18273): 	at java.lang.Thread.run(Thread.java:841)
D/PhoneInterfaceManagerEx( 1072): [PhoneIntfMgrEx] hasIccCard  simId=0
D/PhoneInterfaceManagerEx( 1072): [PhoneIntfMgrEx] hasIccCard  simId=0
D/dalvikvm(18273): create interp thread : stack size=128KB
D/dalvikvm(18273): create new thread
D/dalvikvm(18273): new thread created
D/dalvikvm(18273): update thread list
D/dalvikvm(18273): threadid=68: interp stack at 0x6f93d000
D/dalvikvm(18273): threadid=68: created from interp
D/dalvikvm(18273): start new thread
D/skia    (18273): skiaWebpDecoder:: org:w 200, h 200, out:200 200, decBuf 200 200, sample 1!!
D/dalvikvm(18273): threadid=68: notify debugger
D/dalvikvm(18273): threadid=68 (BitmapTimeoutThread): calling run()
D/PhoneInterfaceManagerEx( 1072): [PhoneIntfMgrEx] hasIccCard  simId=0
D/PhoneInterfaceManagerEx( 1072): [PhoneIntfMgrEx] hasIccCard  simId=0
I/System.out(18273): [CDS]rx timeout:100
I/System.out(18273): [CDS]rx timeout:0
D/NativeCrypto(18273): ssl=0x6cb43b20 NativeCrypto_SSL_interrupt
D/NativeCrypto(18273):  sslNotify, appData=0x6d4230f8 ret=1
D/NativeCrypto(18273):  sslNotify, appData=0x6d4230f8 ret=1
D/NativeCrypto(18273): ssl=0x6cb43b20 info_callback where=0x4008 ret=256
D/NativeCrypto(18273): ssl=0x6cb43b20 SSL3 alert write:W:CN warning close notify
D/NativeCrypto(18273): ssl=0x6cb43b20 info_callback ignored
I/System.out(18273): [CDS]close[54638]
I/System.out(18273): close [socket][/0.0.0.0:54638]
D/PhoneInterfaceManagerEx( 1072): [PhoneIntfMgrEx] hasIccCard  simId=0
D/dalvikvm(18273): create interp thread : stack size=128KB
D/dalvikvm(18273): create new thread
D/dalvikvm(18273): new thread created
D/dalvikvm(18273): update thread list
D/dalvikvm(18273): threadid=69: interp stack at 0x6fa5b000
D/dalvikvm(18273): threadid=69: created from interp
D/dalvikvm(18273): start new thread
D/dalvikvm(18273): threadid=69: notify debugger
D/dalvikvm(18273): threadid=69 (BitmapTimeoutThread): calling run()
D/skia    (18273): skiaWebpDecoder:: org:w 120, h 120, out:120 120, decBuf 120 120, sample 1!!
D/PhoneInterfaceManagerEx( 1072): [PhoneIntfMgrEx] hasIccCard  simId=0
D/ListView(18273): measureHeightOfChildren adapter=android.widget.HeaderViewListAdapter@43df0f38, startPosition=0, endPosition=3, maxHeight=536870911, this=com.mpr.mprepubreader.widgets.nomal.ListViewForScrollView{43b258f8 VFED.VC. ......ID 0,673-720,1316 #7f0d03ca app:id/commend_scroll}
D/PhoneInterfaceManagerEx( 1072): [PhoneIntfMgrEx] hasIccCard  simId=0
D/dalvikvm(18273): create interp thread : stack size=128KB
D/dalvikvm(18273): create new thread
D/dalvikvm(18273): new thread created
D/dalvikvm(18273): update thread list
D/dalvikvm(18273): threadid=70: interp stack at 0x6fb79000
D/dalvikvm(18273): threadid=70: created from interp
D/dalvikvm(18273): start new thread
D/dalvikvm(18273): threadid=70: notify debugger
D/dalvikvm(18273): threadid=70 (BitmapTimeoutThread): calling run()
D/skia    (18273): skiaWebpDecoder:: org:w 600, h 840, out:200 280, decBuf 200 280, sample 3!!
D/ListView(18273): mSelectorRect.setEmpty in layoutChildren this=com.mpr.mprepubreader.widgets.nomal.ListViewForScrollView{43b258f8 VFED.VC. ......ID 0,673-720,1316 #7f0d03ca app:id/commend_scroll}
I/System.out( 1447): [CDS]EAGAIN in Recvfrom
I/System.out( 1447): [CDS]read byte is 0
D/ActivityManager(  754): ACT-windowsVisible(): ActivityRecord{43454730 u0 com.mpr.mprepubreader/.book.bookdetail.BookDetailActivity t111}
D/ActivityManager(  754): ACT-IDLE_NOW_MSG from windowsVisible() for idle: ActivityRecord{43454730 u0 com.mpr.mprepubreader/.book.bookdetail.BookDetailActivity t111}
V/ActivityManager(  754): ACT-Activity idle: null
V/ActivityManager(  754): ensureActivitiesVisibleLocked: consider front
V/ActivityManager(  754): ensureActivitiesVisibleLocked: consider back
V/Provider/Settings(  754): get setting for user 0 by user 0 so skipping cache
V/Provider/Settings(  754):  from settings cache , name = full_screen_expand_statusbar , value = 1
V/Provider/Settings(  754): get setting for user 0 by user 0 so skipping cache
V/Provider/Settings(  754):  from settings cache , name = full_screen_expand_statusbar , value = 1
